Component: ARM Compiler 5.06 update 6 (build 750) Tool: armlink [4d35ed]

==============================================================================

Section Cross References

    appinit.o(i.AppInit) refers to int_config.o(i.init_config) for init_config
    appinit.o(i.AppInit) refers to flashoperate.o(i.HZ_Data_Read) for HZ_Data_Read
    appinit.o(i.AppInit) refers to flashoperate.o(i.HZ_BkData_Write) for HZ_BkData_Write
    appinit.o(i.AppInit) refers to flashoperate.o(i.HZ_BkData_Read) for HZ_BkData_Read
    appinit.o(i.AppInit) refers to appinit.o(i.DataInit) for DataInit
    appinit.o(i.AppInit) refers to axisconfig.o(i.AxisConfig) for AxisConfig
    appinit.o(i.AppInit) refers to appinit.o(i.initIO) for initIO
    appinit.o(i.AppInit) refers to memseta.o(.text) for __aeabi_memclr4
    appinit.o(i.AppInit) refers to printf8.o(i.__0sprintf$8) for __2sprintf
    appinit.o(i.AppInit) refers to memcpya.o(.text) for __aeabi_memcpy4
    appinit.o(i.AppInit) refers to fsm.o(i.InitFsm) for InitFsm
    appinit.o(i.AppInit) refers to appinit.o(.bss) for GlobalData
    appinit.o(i.AppInit) refers to fsm.o(.bss) for SysFsm
    appinit.o(i.DataInit) refers to memseta.o(.text) for __aeabi_memclr4
    appinit.o(i.DataInit) refers to usertool.o(i.ConvertToUserUnit) for ConvertToUserUnit
    appinit.o(i.DataInit) refers to axisconfig.o(i.AxisSetSpd) for AxisSetSpd
    appinit.o(i.DataInit) refers to flashoperate.o(i.HZ_Data_Write) for HZ_Data_Write
    appinit.o(i.DataInit) refers to appinit.o(.bss) for GlobalData
    appinit.o(i.initIO) refers to gpio.o(i.OutPut_SetSta) for OutPut_SetSta
    appinit.o(i.initIO) refers to can_net.o(i.HZ_ExOutPutSet) for HZ_ExOutPutSet
    appinit.o(i.initIO) refers to gpio.o(i.EN_SetSta) for EN_SetSta
    fsm.o(i.FSM) refers to fsm.o(i.FSM_EventHandle) for FSM_EventHandle
    fsm.o(i.FSM) refers to appinit.o(.bss) for GlobalData
    fsm.o(i.FSM_EventHandle) refers to fsm.o(i.FSM_StateTransfer) for FSM_StateTransfer
    fsm.o(i.InitFsm) refers to fsm.o(i.FSM_Regist) for FSM_Regist
    fsm.o(i.InitFsm) refers to fsm.o(.data) for Fsm_table
    fsm.o(.data) refers to maintask.o(i.stop_handle) for stop_handle
    fsm.o(.data) refers to fsm.o(i.run_handle) for run_handle
    fsm.o(.data) refers to reset.o(i.reset_handle) for reset_handle
    fsm.o(.data) refers to fsm.o(i.scram_handle) for scram_handle
    fsm.o(.data) refers to fsm.o(i.pause_handle) for pause_handle
    fsm.o(.data) refers to fsm.o(i.errstop_handle) for errstop_handle
    main.o(i.main) refers to sys.o(i.sys_init_IAP) for sys_init_IAP
    main.o(i.main) refers to bsp_config.o(i.bsp_init) for bsp_init
    main.o(i.main) refers to bsp_config.o(i.bsp_exec) for bsp_exec
    main.o(i.main) refers to appinit.o(i.AppInit) for AppInit
    main.o(i.main) refers to interlayer.o(i.InterLayer) for InterLayer
    main.o(i.main) refers to can_net.o(i.HZ_ExCanNetStateGet) for HZ_ExCanNetStateGet
    main.o(i.main) refers to maintask.o(i.MainTask) for MainTask
    main.o(i.pwr_Task) refers to flashoperate.o(i.HZ_Data_Write) for HZ_Data_Write
    maintask.o(i.AppErrHandle) refers to alarm.o(i.AlarmSetBit) for AlarmSetBit
    maintask.o(i.AppErrHandle) refers to axis.o(i.HZ_AxGetAxisErr) for HZ_AxGetAxisErr
    maintask.o(i.AppErrHandle) refers to alarm.o(i.AlarmClearBit) for AlarmClearBit
    maintask.o(i.AppErrHandle) refers to appinit.o(.bss) for GlobalData
    maintask.o(i.MainTask) refers to maintask.o(i.AppErrHandle) for AppErrHandle
    maintask.o(i.MainTask) refers to fsm.o(i.FSM) for FSM
    maintask.o(i.MainTask) refers to logic.o(i.Logic) for Logic
    maintask.o(i.MainTask) refers to reset.o(i.Reset) for Reset
    maintask.o(i.MainTask) refers to jogoperate.o(i.HZ_JogOperate) for HZ_JogOperate
    maintask.o(i.MainTask) refers to feed.o(i.Feed) for Feed
    maintask.o(i.MainTask) refers to fsm.o(.bss) for SysFsm
    maintask.o(i.MainTask) refers to appinit.o(.bss) for GlobalData
    maintask.o(i.MainTask) refers to feed.o(.data) for Feed_drv
    maintask.o(i.stop_handle) refers to axis.o(i.HZ_AxStop) for HZ_AxStop
    reset.o(i.Reset) refers to appinit.o(i.initIO) for initIO
    reset.o(i.Reset) refers to memseta.o(.text) for __aeabi_memclr4
    reset.o(i.Reset) refers to axis.o(i.HZ_AxReset) for HZ_AxReset
    reset.o(i.Reset) refers to axis.o(i.HZ_AxHome) for HZ_AxHome
    reset.o(i.Reset) refers to axismove.o(i.CheckHoming) for CheckHoming
    reset.o(i.Reset) refers to appinit.o(.bss) for GlobalData
    reset.o(i.Reset) refers to reset.o(.bss) for ResetTask
    reset.o(i.Reset) refers to logic.o(.bss) for LogicTask
    reset.o(i.reset_handle) refers to reset.o(.bss) for ResetTask
    teach.o(i.Teach) refers to appinit.o(.bss) for GlobalData
    feed.o(i.Feed) refers to usertool.o(i.InGet) for InGet
    feed.o(i.Feed) refers to axismove.o(i.MotorMove) for MotorMove
    feed.o(i.Feed) refers to alarm.o(i.AlarmSetBit) for AlarmSetBit
    feed.o(i.Feed) refers to axis.o(i.HZ_AxGetStatus) for HZ_AxGetStatus
[...]
    CANItf                                   0x20006378   Data          40  can.o(.bss)
    temp                                     0x200063a0   Data          48  encode.o(.bss)
    JogOperatePara                           0x200063d0   Data         100  jogoperate.o(.bss)
    AxPara                                   0x20006434   Data        1792  axis.o(.bss)
    CurvePara                                0x20006c84   Data        2048  curve.o(.bss)
    mem1base                                 0x200074a0   Data       51200  malloc.o(.bss)
    mem1mapbase                              0x20013ca0   Data        3200  malloc.o(.bss)
    FlashItf                                 0x20014920   Data          36  stmflash.o(.bss)
    USB_Host                                 0x20014944   Data         148  usb_bsp.o(.bss)
    USB_OTG_Core                             0x200149d8   Data        1456  usb_bsp.o(.bss)
    Eth                                      0x20014f88   Data          16  udp_app.o(.bss)
    sysTimer                                 0x20014f98   Data         400  tools.o(.bss)
    UserTimer                                0x20015128   Data         800  tools.o(.bss)
    flagbuf                                  0x20015448   Data         200  tools.o(.bss)
    ton_et                                   0x20015510   Data         800  tools.o(.bss)
    TrigerFlag                               0x20015830   Data         200  tools.o(.bss)
    TrigerTimer                              0x200158f8   Data         800  tools.o(.bss)
    USBH_MSC_CBWData                         0x20015c18   Data          32  usbh_msc_bot.o(.bss)
    USBH_MSC_CSWData                         0x20015c38   Data          16  usbh_msc_bot.o(.bss)
    USBH_MSC_BOTXferParam                    0x20015c48   Data          16  usbh_msc_bot.o(.bss)
    MSC_Machine                              0x20015c58   Data          74  usbh_msc_core.o(.bss)
    USBH_MSC_Param                           0x20015ca4   Data          16  usbh_msc_scsi.o(.bss)
    USBH_DataInBuffer                        0x20015cb4   Data         512  usbh_msc_scsi.o(.bss)
    USBH_DataOutBuffer                       0x20015eb4   Data         512  usbh_msc_scsi.o(.bss)
    lwipdev                                  0x200160b4   Data          23  lwip_comm.o(.bss)
    lwip_netif                               0x200160cc   Data          48  lwip_comm.o(.bss)
    SDCardInfo                               0x20016120   Data          88  sdio_sdcard.o(.bss)
    SDIO_DATA_BUFFER                         0x20016178   Data         512  sdio_sdcard.o(.bss)
    USBH_CfgDesc                             0x20016378   Data         512  usbh_stdreq.o(.bss)
    __initial_sp                             0x200199a0   Data           0  startup_stm32f40_41xxx_iap.o(STACK)
    BkRegDt                                  0x40002850   Data          80  rtc.o(.ARM.__AT_0x40002850)
    BkSramDt                                 0x40024000   Data        4096  rtc.o(.ARM.__AT_0x40024000)



==============================================================================

Memory Map of the image

  Image Entry point : 0x08040189

  Load Region LR_IROM1 (Base: 0x08040000, Size: 0x000173d0, Max: 0x000c0000, ABSOLUTE, COMPRESSED[0x00016ee4])

    Execution Region ER_IROM1 (Exec base: 0x08040000, Load base: 0x08040000, Size: 0x00016af4, Max: 0x000c0000, ABSOLUTE)

    Exec Addr    Load Addr    Size         Type   Attr      Idx    E Section Name        Object

    0x08040000   0x08040000   0x00000188   Data   RO          647    RESET               startup_stm32f40_41xxx_iap.o
    0x08040188   0x08040188   0x00000000   Code   RO         7775  * .ARM.Collect$$$$00000000  mc_w.l(entry.o)
    0x08040188   0x08040188   0x00000004   Code   RO         8139    .ARM.Collect$$$$00000001  mc_w.l(entry2.o)
    0x0804018c   0x0804018c   0x00000004   Code   RO         8142    .ARM.Collect$$$$00000004  mc_w.l(entry5.o)
    0x08040190   0x08040190   0x00000000   Code   RO         8144    .ARM.Collect$$$$00000008  mc_w.l(entry7b.o)
    0x08040190   0x08040190   0x00000000   Code   RO         8146    .ARM.Collect$$$$0000000A  mc_w.l(entry8b.o)
    0x08040190   0x08040190   0x00000008   Code   RO         8147    .ARM.Collect$$$$0000000B  mc_w.l(entry9a.o)
    0x08040198   0x08040198   0x00000000   Code   RO         8149    .ARM.Collect$$$$0000000D  mc_w.l(entry10a.o)
    0x08040198   0x08040198   0x00000000   Code   RO         8151    .ARM.Collect$$$$0000000F  mc_w.l(entry11a.o)
    0x08040198   0x08040198   0x00000004   Code   RO         8140    .ARM.Collect$$$$00002712  mc_w.l(entry2.o)
    0x0804019c   0x0804019c   0x000000d0   Code   RO          648    .text               startup_stm32f40_41xxx_iap.o
    0x0804026c   0x0804026c   0x0000001e   Code   RO         7780    .text               mc_w.l(llshl.o)
    0x0804028a   0x0804028a   0x00000020   Code   RO         7782    .text               mc_w.l(llushr.o)
    0x080402aa   0x080402aa   0x00000024   Code   RO         7784    .text               mc_w.l(memcpya.o)
    0x080402ce   0x080402ce   0x00000024   Code   RO         7786    .text               mc_w.l(memseta.o)
    0x080402f2   0x080402f2   0x0000001a   Code   RO         7792    .text               mc_w.l(memcmp.o)
    0x0804030c   0x0804030c   0x00000062   Code   RO         8155    .text               mc_w.l(uldiv.o)
    0x0804036e   0x0804036e   0x00000000   Code   RO         8166    .text               mc_w.l(iusefp.o)
    0x0804036e   0x0804036e   0x00000002   PAD
    0x08040370   0x08040370   0x00000024   Code   RO         8183    .text               mc_w.l(init.o)
    0x08040394   0x08040394   0x00000056   Code   RO         8195    .text               mc_w.l(__dczerorl2.o)
    0x080403ea   0x080403ea   0x00000002   PAD
    0x080403ec   0x080403ec   0x0000001c   Code   RO         1582    i.ALM_GetSta        BspLibA8I24O24_V00_11_02.lib(gpio.o)
    0x08040408   0x08040408   0x000000e4   Code   RO         1395    i.Adc1_Init         BspLibA8I24O24_V00_11_02.lib(adc.o)
    0x080404ec   0x080404ec   0x00000118   Code   RO         1396    i.Adc2_Init         BspLibA8I24O24_V00_11_02.lib(adc.o)
    0x08040604   0x08040604   0x00000060   Code   RO         1399    i.Adc_Init          BspLibA8I24O24_V00_11_02.lib(adc.o)
    0x08040664   0x08040664   0x00000030   Code   RO         2511    i.AlarmCatch        INTERLAYER_VER01_10_12.lib(alarm.o)
    0x08040694   0x08040694   0x0000003c   Code   RO         2512    i.AlarmClear        INTERLAYER_VER01_10_12.lib(alarm.o)
    0x080406d0   0x080406d0   0x00000040   Code   RO         2513    i.AlarmClearBit     INTERLAYER_VER01_10_12.lib(alarm.o)
    0x08040710   0x08040710   0x00000040   Code   RO         2515    i.AlarmSetBit       INTERLAYER_VER01_10_12.lib(alarm.o)
    0x08040750   0x08040750   0x000000a4   Code   RO            1    i.AppInit           appinit.o
    0x080407f4   0x080407f4   0x00000002   Code   RO         2734    i.AxDisabled_Motion  INTERLAYER_VER01_10_12.lib(axis.o)
    0x080407f6   0x080407f6   0x00000002   Code   RO         2736    i.AxErrStop_Motion  INTERLAYER_VER01_10_12.lib(axis.o)
    0x080407f8   0x080407f8   0x00000002   Code   RO         2742    i.AxReady_Motion    INTERLAYER_VER01_10_12.lib(axis.o)
    0x080407fa   0x080407fa   0x00000002   Code   RO         2752    i.AxSync_Motion     INTERLAYER_VER01_10_12.lib(axis.o)
    0x080407fc   0x080407fc   0x00000004   Code   RO          100    i.FSM_Regist        fsm.o
    0x08040800   0x08040800   0x00000004   Data   RO          227    .ARM.__AT_0x08040800  main.o
    0x08040804   0x08040804   0x000000e8   Code   RO          268    i.AppErrHandle      maintask.o
    0x080408ec   0x080408ec   0x000000a4   Code   RO         2731    i.AxAlm             INTERLAYER_VER01_10_12.lib(axis.o)
    0x08040990   0x08040990   0x00000028   Code   RO         2732    i.AxContinuous_Motion  INTERLAYER_VER01_10_12.lib(axis.o)
    0x080409b8   0x080409b8   0x00000028   Code   RO         2735    i.AxDiscrete_Motion  INTERLAYER_VER01_10_12.lib(axis.o)
    0x080409e0   0x080409e0   0x000001a0   Code   RO         2737    i.AxExcu            INTERLAYER_VER01_10_12.lib(axis.o)
    0x08040b80   0x08040b80   0x0000022c   Code   RO         2738    i.AxGo              INTERLAYER_VER01_10_12.lib(axis.o)
    0x08040dac   0x08040dac   0x00000ad8   Code   RO         2739    i.AxHome_Motion     INTERLAYER_VER01_10_12.lib(axis.o)
    0x08041884   0x08041884   0x000000d4   Code   RO         2740    i.AxLimit_H         INTERLAYER_VER01_10_12.lib(axis.o)
    0x08041958   0x08041958   0x000000c0   Code   RO         2741    i.AxLimit_S         INTERLAYER_VER01_10_12.lib(axis.o)
    0x08041a18   0x08041a18   0x00000058   Code   RO         2743    i.AxSetDir          INTERLAYER_VER01_10_12.lib(axis.o)
    0x08041a70   0x08041a70   0x00000072   Code   RO         2744    i.AxSigGet          INTERLAYER_VER01_10_12.lib(axis.o)
    0x08041ae2   0x08041ae2   0x00000002   PAD
    0x08041ae4   0x08041ae4   0x0000004c   Code   RO         2745    i.AxSpdRst          INTERLAYER_VER01_10_12.lib(axis.o)
    0x08041b30   0x08041b30   0x0000000e   Code   RO         2746    i.AxSpdSet          INTERLAYER_VER01_10_12.lib(axis.o)
    0x08041b3e   0x08041b3e   0x00000002   PAD
    0x08041b40   0x08041b40   0x00000028   Code   RO         2747    i.AxStaSet          INTERLAYER_VER01_10_12.lib(axis.o)
    0x08041b68   0x08041b68   0x0000000c   Code   RO         2748    i.AxStop            INTERLAYER_VER01_10_12.lib(axis.o)
    0x08041b74   0x08041b74   0x00000028   Code   RO         2750    i.AxStopDec_Motion  INTERLAYER_VER01_10_12.lib(axis.o)
    0x08041b9c   0x08041b9c   0x00000028   Code   RO         2751    i.AxStop_Motion     INTERLAYER_VER01_10_12.lib(axis.o)
    0x08041bc4   0x08041bc4   0x00000266   Code   RO          621    i.AxisConfig        axisconfig.o
    0x08041e2a   0x08041e2a   0x00000002   PAD
    0x08041e2c   0x08041e2c   0x0000009c   Code   RO         2221    i.AxisDataAdd       can_master.lib(can_net.o)
    0x08041ec8   0x08041ec8   0x00000060   Code   RO          622    i.AxisHomeCfg       axisconfig.o
    0x08041f28   0x08041f28   0x000000b8   Code   RO          623    i.AxisSetSpd        axisconfig.o
    0x08041fe0   0x08041fe0   0x0000006c   Code   RO          561    i.Axis_pos          interlayer.o
    0x0804204c   0x0804204c   0x00000350   Code   RO         2222    i.BoardDataAdd      can_master.lib(can_net.o)
    0x0804239c   0x0804239c   0x00000200   Code   RO         1446    i.CAN1_Mode_Init    BspLibA8I24O24_V00_11_02.lib(can.o)
    0x0804259c   0x0804259c   0x00000028   Code   RO         1447    i.CAN1_Msg_Pend     BspLibA8I24O24_V00_11_02.lib(can.o)
    0x080425c4   0x080425c4   0x00000014   Code   RO         1448    i.CAN1_RX0_IRQHandler  BspLibA8I24O24_V00_11_02.lib(can.o)
    0x080425d8   0x080425d8   0x00000030   Code   RO         1449    i.CAN1_Receive_Msg  BspLibA8I24O24_V00_11_02.lib(can.o)
    0x08042608   0x08042608   0x000000d8   Code   RO         1450    i.CAN1_Rx_Msg       BspLibA8I24O24_V00_11_02.lib(can.o)
    0x080426e0   0x080426e0   0x00000054   Code   RO         1452    i.CAN1_TX_IRQHandler  BspLibA8I24O24_V00_11_02.lib(can.o)
    0x08042734   0x08042734   0x000000f0   Code   RO         1453    i.CAN1_Tx_Msg       BspLibA8I24O24_V00_11_02.lib(can.o)
    0x08042824   0x08042824   0x0000008c   Code   RO         2223    i.CAN_recv          can_master.lib(can_net.o)
    0x080428b0   0x080428b0   0x000000b0   Code   RO         2224    i.CAN_send          can_master.lib(can_net.o)
    0x08042960   0x08042960   0x00000160   Code   RO         2225    i.CAN_send_one      can_master.lib(can_net.o)
    0x08042ac0   0x08042ac0   0x000009b4   Code   RO         3031    i.CalcPulse         Algorithm_ver_00_01_08.lib(curve.o)
    0x08043474   0x08043474   0x00000038   Code   RO         1455    i.Can_GetRecvData   BspLibA8I24O24_V00_11_02.lib(can.o)
    0x080434ac   0x080434ac   0x0000000c   Code   RO         1456    i.Can_GetSendSta    BspLibA8I24O24_V00_11_02.lib(can.o)
    0x080434b8   0x080434b8   0x00000044   Code   RO         1457    i.Can_Init          BspLibA8I24O24_V00_11_02.lib(can.o)
    0x080434fc   0x080434fc   0x0000006c   Code   RO         1458    i.Can_SendData      BspLibA8I24O24_V00_11_02.lib(can.o)
    0x08043568   0x08043568   0x00000020   Code   RO          461    i.CheckHoming       axismove.o
    0x08043588   0x08043588   0x0000003a   Code   RO          664    i.ChordlenToRad     Algorithm_ver_00_01_08.lib(multiaxis.o)
    0x080435c2   0x080435c2   0x00000002   PAD
    0x080435c4   0x080435c4   0x00000038   Code   RO         5347    i.CmdError          BspLibA8I24O24_V00_11_02.lib(sdio_sdcard.o)
    0x080435fc   0x080435fc   0x00000060   Code   RO         5348    i.CmdResp1Error     BspLibA8I24O24_V00_11_02.lib(sdio_sdcard.o)
    0x0804365c   0x0804365c   0x00000068   Code   RO         5349    i.CmdResp2Error     BspLibA8I24O24_V00_11_02.lib(sdio_sdcard.o)
    0x080436c4   0x080436c4   0x00000040   Code   RO         5350    i.CmdResp3Error     BspLibA8I24O24_V00_11_02.lib(sdio_sdcard.o)
    0x08043704   0x08043704   0x000000a0   Code   RO         5351    i.CmdResp6Error     BspLibA8I24O24_V00_11_02.lib(sdio_sdcard.o)
    0x080437a4   0x080437a4   0x0000005c   Code   RO         5352    i.CmdResp7Error     BspLibA8I24O24_V00_11_02.lib(sdio_sdcard.o)
    0x08043800   0x08043800   0x0000005c   Code   RO          497    i.ConverToPulse     usertool.o
    0x0804385c   0x0804385c   0x0000004c   Code   RO          498    i.ConvertToUserUnit  usertool.o
    0x080438a8   0x080438a8   0x00000cb4   Code   RO         3033    i.CurvesGetSpd      Algorithm_ver_00_01_08.lib(curve.o)
    0x0804455c   0x0804455c   0x00000074   Code   RO         3034    i.CurvesReset       Algorithm_ver_00_01_08.lib(curve.o)
    0x080445d0   0x080445d0   0x00000028   Code   RO         1230    i.DMA1_Stream3_IRQHandler  BspLibA8I24O24_V00_11_02.lib(usart.o)
    0x080445f8   0x080445f8   0x00000028   Code   RO         1231    i.DMA1_Stream4_IRQHandler  BspLibA8I24O24_V00_11_02.lib(usart.o)
    0x08044620   0x08044620   0x0000001c   Code   RO         1232    i.DMA1_Stream6_IRQHandler  BspLibA8I24O24_V00_11_02.lib(usart.o)
    0x0804463c   0x0804463c   0x0000001c   Code   RO         1233    i.DMA1_Stream7_IRQHandler  BspLibA8I24O24_V00_11_02.lib(usart.o)
    0x08044658   0x08044658   0x00000020   Code   RO         1234    i.DMA2_Stream6_IRQHandler  BspLibA8I24O24_V00_11_02.lib(usart.o)
    0x08044678   0x08044678   0x0000002c   Code   RO         1235    i.DMA2_Stream7_IRQHandler  BspLibA8I24O24_V00_11_02.lib(usart.o)
    0x080446a4   0x080446a4   0x000000c4   Code   RO         1545    i.Dac_Init          BspLibA8I24O24_V00_11_02.lib(dac.o)
    0x08044768   0x08044768   0x000001ac   Code   RO            2    i.DataInit          appinit.o
    0x08044914   0x08044914   0x0000001c   Code   RO         1584    i.Dir_SetSta        BspLibA8I24O24_V00_11_02.lib(gpio.o)
    0x08044930   0x08044930   0x000000d4   Code   RO          669    i.DiscToSpd         Algorithm_ver_00_01_08.lib(multiaxis.o)
    0x08044a04   0x08044a04   0x000000d8   Code   RO          670    i.Disc_AcceCalc     Algorithm_ver_00_01_08.lib(multiaxis.o)
    0x08044adc   0x08044adc   0x00000158   Code   RO         3035    i.Disc_AcceDecrPulsCalc  Algorithm_ver_00_01_08.lib(curve.o)
    0x08044c34   0x08044c34   0x00000108   Code   RO         3036    i.Disc_AcceIncrPulsCalc  Algorithm_ver_00_01_08.lib(curve.o)
    0x08044d3c   0x08044d3c   0x000000f0   Code   RO         3037    i.Disc_AccePulsCalc  Algorithm_ver_00_01_08.lib(curve.o)
    0x08044e2c   0x08044e2c   0x00000148   Code   RO          671    i.Disc_AcceRadCalc  Algorithm_ver_00_01_08.lib(multiaxis.o)
    0x08044f74   0x08044f74   0x000000f8   Code   RO         3038    i.Disc_AcceUnifPulsCalc  Algorithm_ver_00_01_08.lib(curve.o)
    0x0804506c   0x0804506c   0x00000124   Code   RO          672    i.Disc_DeceCalc     Algorithm_ver_00_01_08.lib(multiaxis.o)
    0x08045190   0x08045190   0x0000017c   Code   RO         3039    i.Disc_DeceDecrPulsCalc  Algorithm_ver_00_01_08.lib(curve.o)
    0x0804530c   0x0804530c   0x00000154   Code   RO         3040    i.Disc_DeceIncrPulsCalc  Algorithm_ver_00_01_08.lib(curve.o)
    0x08045460   0x08045460   0x00000134   Code   RO         3041    i.Disc_DecePulsCalc  Algorithm_ver_00_01_08.lib(curve.o)
    0x08045594   0x08045594   0x00000190   Code   RO          673    i.Disc_DeceRadCalc  Algorithm_ver_00_01_08.lib(multiaxis.o)
    0x08045724   0x08045724   0x00000110   Code   RO         3042    i.Disc_DeceUnifPulsCalc  Algorithm_ver_00_01_08.lib(curve.o)
    0x08045834   0x08045834   0x0000001c   Code   RO         1585    i.EN_GetSta         BspLibA8I24O24_V00_11_02.lib(gpio.o)
    0x08045850   0x08045850   0x0000001c   Code   RO         1586    i.EN_SetSta         BspLibA8I24O24_V00_11_02.lib(gpio.o)
    0x0804586c   0x0804586c   0x0000000c   Code   RO         7130    i.ETH_DMAClearITPendingBit  BspLibA8I24O24_V00_11_02.lib(stm32f4x7_eth.o)
    0x08045878   0x08045878   0x0000000a   Code   RO         7159    i.ETH_GetDMARxDescFrameLength  BspLibA8I24O24_V00_11_02.lib(stm32f4x7_eth.o)
    0x08045882   0x08045882   0x0000002a   Code   RO         7172    i.ETH_GetRxPktSize  BspLibA8I24O24_V00_11_02.lib(stm32f4x7_eth.o)
    0x080458ac   0x080458ac   0x00000028   Code   RO         6680    i.ETH_IRQHandler    BspLibA8I24O24_V00_11_02.lib(lan8720.o)
    0x080458d4   0x080458d4   0x0000009c   Code   RO         6684    i.ETH_Rx_Packet     BspLibA8I24O24_V00_11_02.lib(lan8720.o)
    0x08045970   0x08045970   0x000000c8   Code   RO         2101    i.Ecd_Init          BspLibA8I24O24_V00_11_02.lib(encode.o)
    0x08045a38   0x08045a38   0x00000080   Code   RO         2102    i.EnCode_Exec       BspLibA8I24O24_V00_11_02.lib(encode.o)
    0x08045ab8   0x08045ab8   0x00000124   Code   RO         2103    i.EnCode_Get32      BspLibA8I24O24_V00_11_02.lib(encode.o)
    0x08045bdc   0x08045bdc   0x00000044   Code   RO         2104    i.EnCode_GetGpioVal  BspLibA8I24O24_V00_11_02.lib(encode.o)
    0x08045c20   0x08045c20   0x00000016   Code   RO         2105    i.EnCode_Init       BspLibA8I24O24_V00_11_02.lib(encode.o)
    0x08045c36   0x08045c36   0x00000024   Code   RO         2672    i.EndianChangeAndCopy_16  INTERLAYER_VER01_10_12.lib(modbus.o)
    0x08045c5a   0x08045c5a   0x00000002   PAD
    0x08045c5c   0x08045c5c   0x00000028   Code   RO         4209    i.Eth_Recv          BspLibA8I24O24_V00_11_02.lib(udp_app.o)
    0x08045c84   0x08045c84   0x0000001c   Code   RO         4210    i.Eth_Send          BspLibA8I24O24_V00_11_02.lib(udp_app.o)
    0x08045ca0   0x08045ca0   0x00000024   Code   RO           97    i.FSM               fsm.o
    0x08045cc4   0x08045cc4   0x00000076   Code   RO           98    i.FSM_EventHandle   fsm.o
    0x08045d3a   0x08045d3a   0x00000004   Code   RO          101    i.FSM_StateTransfer  fsm.o
    0x08045d3e   0x08045d3e   0x00000002   PAD
    0x08045d40   0x08045d40   0x00000128   Code   RO          336    i.Feed              feed.o
    0x08045e68   0x08045e68   0x0000000c   Code   RO          337    i.FeedClrErr        feed.o
    0x08045e74   0x08045e74   0x00000020   Code   RO          338    i.FeedConfig        feed.o
    0x08045e94   0x08045e94   0x0000000c   Code   RO          339    i.FeedGetSta        feed.o
    0x08045ea0   0x08045ea0   0x00000014   Code   RO          340    i.FeedStart         feed.o
    0x08045eb4   0x08045eb4   0x00000014   Code   RO          341    i.FeedStop          feed.o
    0x08045ec8   0x08045ec8   0x0000015c   Code   RO         5353    i.FindSCR           BspLibA8I24O24_V00_11_02.lib(sdio_sdcard.o)
    0x08046024   0x08046024   0x00000008   Code   RO         3316    i.Flash_GetBkAdd    BspLibA8I24O24_V00_11_02.lib(stmflash.o)
    0x0804602c   0x0804602c   0x00000008   Code   RO         3317    i.Flash_GetSaveAdd  BspLibA8I24O24_V00_11_02.lib(stmflash.o)
    0x08046034   0x08046034   0x00000044   Code   RO         3318    i.Flash_Read        BspLibA8I24O24_V00_11_02.lib(stmflash.o)
    0x08046078   0x08046078   0x00000016   Code   RO         3319    i.Flash_ReadBkData  BspLibA8I24O24_V00_11_02.lib(stmflash.o)
    0x0804608e   0x0804608e   0x00000016   Code   RO         3320    i.Flash_ReadData    BspLibA8I24O24_V00_11_02.lib(stmflash.o)
    0x080460a4   0x080460a4   0x0000008c   Code   RO         3321    i.Flash_Write       BspLibA8I24O24_V00_11_02.lib(stmflash.o)
    0x08046130   0x08046130   0x00000016   Code   RO         3322    i.Flash_WriteBkData  BspLibA8I24O24_V00_11_02.lib(stmflash.o)
    0x08046146   0x08046146   0x00000016   Code   RO         3323    i.Flash_WriteData   BspLibA8I24O24_V00_11_02.lib(stmflash.o)
    0x0804615c   0x0804615c   0x00000040   Code   RO         1067    i.GPIO_AF_Set       BspLibA8I24O24_V00_11_02.lib(sys.o)
    0x0804619c   0x0804619c   0x000000de   Code   RO         1068    i.GPIO_Set          BspLibA8I24O24_V00_11_02.lib(sys.o)
    0x0804627a   0x0804627a   0x00000048   Code   RO         2226    i.GenerateAHead     can_master.lib(can_net.o)
    0x080462c2   0x080462c2   0x00000002   PAD
    0x080462c4   0x080462c4   0x00000014   Code   RO         2107    i.GetEcdNum         BspLibA8I24O24_V00_11_02.lib(encode.o)
    0x080462d8   0x080462d8   0x00000038   Code   RO         1696    i.GetTimNum         BspLibA8I24O24_V00_11_02.lib(puls.o)
    0x08046310   0x08046310   0x0000000a   Code   RO         4571    i.HCD_GetCurrentFrame  BspLibA8I24O24_V00_11_02.lib(usb_hcd.o)
    0x0804631a   0x0804631a   0x00000014   Code   RO         4572    i.HCD_GetCurrentSpeed  BspLibA8I24O24_V00_11_02.lib(usb_hcd.o)
    0x0804632e   0x0804632e   0x0000000a   Code   RO         4574    i.HCD_GetURB_State  BspLibA8I24O24_V00_11_02.lib(usb_hcd.o)
    0x08046338   0x08046338   0x0000000c   Code   RO         4575    i.HCD_GetXferCnt    BspLibA8I24O24_V00_11_02.lib(usb_hcd.o)
    0x08046344   0x08046344   0x00000060   Code   RO         4577    i.HCD_Init          BspLibA8I24O24_V00_11_02.lib(usb_hcd.o)
    0x080463a4   0x080463a4   0x00000008   Code   RO         4578    i.HCD_IsDeviceConnected  BspLibA8I24O24_V00_11_02.lib(usb_hcd.o)
    0x080463ac   0x080463ac   0x00000008   Code   RO         4579    i.HCD_IsPortEnabled  BspLibA8I24O24_V00_11_02.lib(usb_hcd.o)
    0x080463b4   0x080463b4   0x0000000e   Code   RO         4580    i.HCD_ResetPort     BspLibA8I24O24_V00_11_02.lib(usb_hcd.o)
    0x080463c2   0x080463c2   0x00000020   Code   RO         4581    i.HCD_SubmitRequest  BspLibA8I24O24_V00_11_02.lib(usb_hcd.o)
    0x080463e2   0x080463e2   0x0000000c   Code   RO         2516    i.HZ_Alarm          INTERLAYER_VER01_10_12.lib(alarm.o)
    0x080463ee   0x080463ee   0x00000002   PAD
    0x080463f0   0x080463f0   0x00000020   Code   RO         2754    i.HZ_AxGetAxisErr   INTERLAYER_VER01_10_12.lib(axis.o)
    0x08046410   0x08046410   0x00000020   Code   RO         2755    i.HZ_AxGetCurPos    INTERLAYER_VER01_10_12.lib(axis.o)
    0x08046430   0x08046430   0x00000020   Code   RO         2757    i.HZ_AxGetStatus    INTERLAYER_VER01_10_12.lib(axis.o)
    0x08046450   0x08046450   0x0000003c   Code   RO         2758    i.HZ_AxHome         INTERLAYER_VER01_10_12.lib(axis.o)
    0x0804648c   0x0804648c   0x000000e4   Code   RO         2759    i.HZ_AxMotion       INTERLAYER_VER01_10_12.lib(axis.o)
    0x08046570   0x08046570   0x00000070   Code   RO         2760    i.HZ_AxMoveAbs      INTERLAYER_VER01_10_12.lib(axis.o)
    0x080465e0   0x080465e0   0x0000007c   Code   RO         2762    i.HZ_AxMoveRel      INTERLAYER_VER01_10_12.lib(axis.o)
    0x0804665c   0x0804665c   0x00000080   Code   RO         2764    i.HZ_AxMoveVelocity  INTERLAYER_VER01_10_12.lib(axis.o)
    0x080466dc   0x080466dc   0x00000038   Code   RO         2766    i.HZ_AxReset        INTERLAYER_VER01_10_12.lib(axis.o)
    0x08046714   0x08046714   0x00000024   Code   RO         2767    i.HZ_AxSetAlm       INTERLAYER_VER01_10_12.lib(axis.o)
    0x08046738   0x08046738   0x000000d8   Code   RO         2768    i.HZ_AxSetAxiSig    INTERLAYER_VER01_10_12.lib(axis.o)
    0x08046810   0x08046810   0x00000168   Code   RO         2770    i.HZ_AxSetCurve     INTERLAYER_VER01_10_12.lib(axis.o)
    0x08046978   0x08046978   0x00000104   Code   RO         2771    i.HZ_AxSetHomMod    INTERLAYER_VER01_10_12.lib(axis.o)
    0x08046a7c   0x08046a7c   0x00000164   Code   RO         2772    i.HZ_AxSetHomePara  INTERLAYER_VER01_10_12.lib(axis.o)
    0x08046be0   0x08046be0   0x00000054   Code   RO         2773    i.HZ_AxSetLimSoft   INTERLAYER_VER01_10_12.lib(axis.o)
    0x08046c34   0x08046c34   0x000001a8   Code   RO         2774    i.HZ_AxSetPara      INTERLAYER_VER01_10_12.lib(axis.o)
    0x08046ddc   0x08046ddc   0x00000080   Code   RO         2775    i.HZ_AxStop         INTERLAYER_VER01_10_12.lib(axis.o)
    0x08046e5c   0x08046e5c   0x0000005c   Code   RO         2573    i.HZ_BkData_Read    INTERLAYER_VER01_10_12.lib(flashoperate.o)
    0x08046eb8   0x08046eb8   0x00000050   Code   RO         2574    i.HZ_BkData_Write   INTERLAYER_VER01_10_12.lib(flashoperate.o)
    0x08046f08   0x08046f08   0x0000005c   Code   RO         2575    i.HZ_Data_Read      INTERLAYER_VER01_10_12.lib(flashoperate.o)
    0x08046f64   0x08046f64   0x00000050   Code   RO         2576    i.HZ_Data_Write     INTERLAYER_VER01_10_12.lib(flashoperate.o)
    0x08046fb4   0x08046fb4   0x0000006c   Code   RO         2230    i.HZ_ExAxGetExe     can_master.lib(can_net.o)
    0x08047020   0x08047020   0x0000000c   Code   RO         2231    i.HZ_ExAxGetStatus  can_master.lib(can_net.o)
    0x0804702c   0x0804702c   0x0000000c   Code   RO         2244    i.HZ_ExCanNetStateGet  can_master.lib(can_net.o)
    0x08047038   0x08047038   0x00000012   Code   RO         2250    i.HZ_ExInPutGet     can_master.lib(can_net.o)
    0x0804704a   0x0804704a   0x00000012   Code   RO         2252    i.HZ_ExOutPutGet    can_master.lib(can_net.o)
    0x0804705c   0x0804705c   0x00000016   Code   RO         2253    i.HZ_ExOutPutSet    can_master.lib(can_net.o)
    0x08047072   0x08047072   0x00000002   PAD
    0x08047074   0x08047074   0x000002dc   Code   RO         2641    i.HZ_JogOperate     INTERLAYER_VER01_10_12.lib(jogoperate.o)
    0x08047350   0x08047350   0x000000dc   Code   RO         2674    i.HZ_ModBus         INTERLAYER_VER01_10_12.lib(modbus.o)
    0x0804742c   0x0804742c   0x00000048   Code   RO          683    i.HZ_MultiAxMotion  Algorithm_ver_00_01_08.lib(multiaxis.o)
    0x08047474   0x08047474   0x000000bc   Code   RO         2715    i.HZ_TimerThread    INTERLAYER_VER01_10_12.lib(timerthread.o)
    0x08047530   0x08047530   0x00000010   Code   RO         1071    i.INTX_DISABLE      BspLibA8I24O24_V00_11_02.lib(sys.o)
    0x08047540   0x08047540   0x00000010   Code   RO         1072    i.INTX_ENABLE       BspLibA8I24O24_V00_11_02.lib(sys.o)
    0x08047550   0x08047550   0x0000001c   Code   RO          499    i.InGet             usertool.o
    0x0804756c   0x0804756c   0x0000001c   Code   RO         1587    i.InPut_GetSta      BspLibA8I24O24_V00_11_02.lib(gpio.o)
    0x08047588   0x08047588   0x0000001c   Code   RO          102    i.InitFsm           fsm.o
    0x080475a4   0x080475a4   0x000000ac   Code   RO         2254    i.InputGet          can_master.lib(can_net.o)
    0x08047650   0x08047650   0x000000bc   Code   RO         4396    i.InputStatusUpdata  INTERLAYER_VER01_10_12.lib(ioupdata.o)
    0x0804770c   0x0804770c   0x00000038   Code   RO          562    i.InterLayer        interlayer.o
    0x08047744   0x08047744   0x0000009c   Code   RO         5354    i.IsCardProgramming  BspLibA8I24O24_V00_11_02.lib(sdio_sdcard.o)
    0x080477e0   0x080477e0   0x0000007a   Code   RO          563    i.JogGo             interlayer.o
    0x0804785a   0x0804785a   0x00000002   PAD
    0x0804785c   0x0804785c   0x0000001c   Code   RO         1588    i.LIMIT_GetSta      BspLibA8I24O24_V00_11_02.lib(gpio.o)
    0x08047878   0x08047878   0x00000038   Code   RO         1662    i.Led_Exec          BspLibA8I24O24_V00_11_02.lib(led.o)
    0x080478b0   0x080478b0   0x00000038   Code   RO         1663    i.Led_Init          BspLibA8I24O24_V00_11_02.lib(led.o)
    0x080478e8   0x080478e8   0x00000040   Code   RO         2255    i.ListAdd           can_master.lib(can_net.o)
    0x08047928   0x08047928   0x00000032   Code   RO         2256    i.ListDel           can_master.lib(can_net.o)
    0x0804795a   0x0804795a   0x0000001a   Code   RO         2257    i.ListGet           can_master.lib(can_net.o)
    0x08047974   0x08047974   0x000000a4   Code   RO         2258    i.ListSelect        can_master.lib(can_net.o)
    0x08047a18   0x08047a18   0x00000002   Code   RO          195    i.Logic             logic.o
    0x08047a1a   0x08047a1a   0x00000002   PAD
    0x08047a1c   0x08047a1c   0x000001b0   Code   RO         3172    i.MYDMA_Config      BspLibA8I24O24_V00_11_02.lib(dma.o)
    0x08047bcc   0x08047bcc   0x00000020   Code   RO         3173    i.MYDMA_Enable      BspLibA8I24O24_V00_11_02.lib(dma.o)
    0x08047bec   0x08047bec   0x00000078   Code   RO         1073    i.MY_NVIC_Init      BspLibA8I24O24_V00_11_02.lib(sys.o)
    0x08047c64   0x08047c64   0x00000028   Code   RO         1074    i.MY_NVIC_PriorityGroupConfig  BspLibA8I24O24_V00_11_02.lib(sys.o)
    0x08047c8c   0x08047c8c   0x00000010   Code   RO         1075    i.MY_NVIC_SetVectorTable  BspLibA8I24O24_V00_11_02.lib(sys.o)
    0x08047c9c   0x08047c9c   0x00000054   Code   RO          269    i.MainTask          maintask.o
    0x08047cf0   0x08047cf0   0x000001b6   Code   RO         2675    i.ModbusCheck       INTERLAYER_VER01_10_12.lib(modbus.o)
    0x08047ea6   0x08047ea6   0x00000350   Code   RO         2676    i.Modbus_Do         INTERLAYER_VER01_10_12.lib(modbus.o)
    0x080481f6   0x080481f6   0x0000008c   Code   RO          462    i.MotorMove         axismove.o
    0x08048282   0x08048282   0x00000002   PAD
    0x08048284   0x08048284   0x000002a4   Code   RO          696    i.MultiAxArcCalc    Algorithm_ver_00_01_08.lib(multiaxis.o)
    0x08048528   0x08048528   0x000005a0   Code   RO          697    i.MultiAxArcStep    Algorithm_ver_00_01_08.lib(multiaxis.o)
    0x08048ac8   0x08048ac8   0x0000024c   Code   RO          698    i.MultiAxLineCalc   Algorithm_ver_00_01_08.lib(multiaxis.o)
    0x08048d14   0x08048d14   0x00000464   Code   RO          699    i.MultiAxLineStep   Algorithm_ver_00_01_08.lib(multiaxis.o)
    0x08049178   0x08049178   0x00000ec0   Code   RO          700    i.MultiAxMove       Algorithm_ver_00_01_08.lib(multiaxis.o)
    0x0804a038   0x0804a038   0x0000130c   Code   RO          701    i.MultiAxMoveArc    Algorithm_ver_00_01_08.lib(multiaxis.o)
    0x0804b344   0x0804b344   0x00000058   Code   RO          702    i.MultiAxStatus     Algorithm_ver_00_01_08.lib(multiaxis.o)
    0x0804b39c   0x0804b39c   0x00000028   Code   RO         2778    i.Multi_AxGetStop   INTERLAYER_VER01_10_12.lib(axis.o)
    0x0804b3c4   0x0804b3c4   0x0000007c   Code   RO         2779    i.Multi_AxMoveRel   INTERLAYER_VER01_10_12.lib(axis.o)
    0x0804b440   0x0804b440   0x0000003c   Code   RO         2780    i.Multi_AxSetMulti  INTERLAYER_VER01_10_12.lib(axis.o)
    0x0804b47c   0x0804b47c   0x00000010   Code   RO         3232    i.MyMemInit         BspLibA8I24O24_V00_11_02.lib(malloc.o)
    0x0804b48c   0x0804b48c   0x00000074   Code   RO         2259    i.ODO_Loop          can_master.lib(can_net.o)
    0x0804b500   0x0804b500   0x00000010   Code   RO         4051    i.OTG_FS_IRQHandler  BspLibA8I24O24_V00_11_02.lib(usbh_usr.o)
    0x0804b510   0x0804b510   0x0000001c   Code   RO         1589    i.OutPut_GetSta     BspLibA8I24O24_V00_11_02.lib(gpio.o)
    0x0804b52c   0x0804b52c   0x0000001c   Code   RO         1590    i.OutPut_SetSta     BspLibA8I24O24_V00_11_02.lib(gpio.o)
    0x0804b548   0x0804b548   0x00000078   Code   RO         2260    i.OutputGet         can_master.lib(can_net.o)
    0x0804b5c0   0x0804b5c0   0x000000cc   Code   RO         2261    i.OutputSet         can_master.lib(can_net.o)
    0x0804b68c   0x0804b68c   0x00000074   Code   RO         4397    i.OutputStatusUpdata  INTERLAYER_VER01_10_12.lib(ioupdata.o)
    0x0804b700   0x0804b700   0x00000068   Code   RO         4398    i.OutputUpdata      INTERLAYER_VER01_10_12.lib(ioupdata.o)
    0x0804b768   0x0804b768   0x00000074   Code   RO         2262    i.PDO_Loop          can_master.lib(can_net.o)
    0x0804b7dc   0x0804b7dc   0x00000028   Code   RO         1698    i.Puls_GetRan       BspLibA8I24O24_V00_11_02.lib(puls.o)
    0x0804b804   0x0804b804   0x00000028   Code   RO         1699    i.Puls_GetRun       BspLibA8I24O24_V00_11_02.lib(puls.o)
    0x0804b82c   0x0804b82c   0x0000002c   Code   RO         1700    i.Puls_GetSta       BspLibA8I24O24_V00_11_02.lib(puls.o)
    0x0804b858   0x0804b858   0x00000040   Code   RO         1701    i.Puls_Init         BspLibA8I24O24_V00_11_02.lib(puls.o)
    0x0804b898   0x0804b898   0x0000012c   Code   RO         1705    i.Puls_SetSpd       BspLibA8I24O24_V00_11_02.lib(puls.o)
    0x0804b9c4   0x0804b9c4   0x00000044   Code   RO         1706    i.Puls_SetWidth     BspLibA8I24O24_V00_11_02.lib(puls.o)
    0x0804ba08   0x0804ba08   0x00000074   Code   RO         1707    i.Puls_Start        BspLibA8I24O24_V00_11_02.lib(puls.o)
    0x0804ba7c   0x0804ba7c   0x0000003c   Code   RO         1708    i.Puls_Stop         BspLibA8I24O24_V00_11_02.lib(puls.o)
    0x0804bab8   0x0804bab8   0x000000d4   Code   RO         3043    i.PulseToSpd        Algorithm_ver_00_01_08.lib(curve.o)
    0x0804bb8c   0x0804bb8c   0x00000040   Code   RO         1900    i.RTC_Alarm_IRQHandler  BspLibA8I24O24_V00_11_02.lib(rtc.o)
    0x0804bbcc   0x0804bbcc   0x00000016   Code   RO         1901    i.RTC_BCD2DEC       BspLibA8I24O24_V00_11_02.lib(rtc.o)
    0x0804bbe2   0x0804bbe2   0x0000001c   Code   RO         1902    i.RTC_DEC2BCD       BspLibA8I24O24_V00_11_02.lib(rtc.o)
    0x0804bbfe   0x0804bbfe   0x00000002   PAD
    0x0804bc00   0x0804bc00   0x0000003c   Code   RO         1904    i.RTC_Get_Time      BspLibA8I24O24_V00_11_02.lib(rtc.o)
    0x0804bc3c   0x0804bc3c   0x0000010c   Code   RO         1906    i.RTC_Init          BspLibA8I24O24_V00_11_02.lib(rtc.o)
    0x0804bd48   0x0804bd48   0x00000040   Code   RO         1907    i.RTC_Init_Mode     BspLibA8I24O24_V00_11_02.lib(rtc.o)
    0x0804bd88   0x0804bd88   0x00000014   Code   RO         1908    i.RTC_Read_BKR      BspLibA8I24O24_V00_11_02.lib(rtc.o)
    0x0804bd9c   0x0804bd9c   0x00000064   Code   RO         1910    i.RTC_Set_Date      BspLibA8I24O24_V00_11_02.lib(rtc.o)
    0x0804be00   0x0804be00   0x00000064   Code   RO         1911    i.RTC_Set_Time      BspLibA8I24O24_V00_11_02.lib(rtc.o)
    0x0804be64   0x0804be64   0x0000002c   Code   RO         1913    i.RTC_WKUP_IRQHandler  BspLibA8I24O24_V00_11_02.lib(rtc.o)
    0x0804be90   0x0804be90   0x00000010   Code   RO         1915    i.RTC_Write_BKR     BspLibA8I24O24_V00_11_02.lib(rtc.o)
    0x0804bea0   0x0804bea0   0x000000f4   Code   RO          704    i.RadToSpd          Algorithm_ver_00_01_08.lib(multiaxis.o)
    0x0804bf94   0x0804bf94   0x000000ac   Code   RO          296    i.Reset             reset.o
    0x0804c040   0x0804c040   0x00000080   Code   RO         5355    i.SDEnWideBus       BspLibA8I24O24_V00_11_02.lib(sdio_sdcard.o)
    0x0804c0c0   0x0804c0c0   0x00000014   Code   RO         5356    i.SDIO_Clock_Set    BspLibA8I24O24_V00_11_02.lib(sdio_sdcard.o)
    0x0804c0d4   0x0804c0d4   0x00000008   Code   RO         5357    i.SDIO_IRQHandler   BspLibA8I24O24_V00_11_02.lib(sdio_sdcard.o)
    0x0804c0dc   0x0804c0dc   0x0000002c   Code   RO         5358    i.SDIO_Send_Cmd     BspLibA8I24O24_V00_11_02.lib(sdio_sdcard.o)
    0x0804c108   0x0804c108   0x00000038   Code   RO         5359    i.SDIO_Send_Data_Cfg  BspLibA8I24O24_V00_11_02.lib(sdio_sdcard.o)
    0x0804c140   0x0804c140   0x000000a8   Code   RO         2264    i.SDO_Loop          can_master.lib(can_net.o)
    0x0804c1e8   0x0804c1e8   0x00000094   Code   RO         5360    i.SD_DMA_Config     BspLibA8I24O24_V00_11_02.lib(sdio_sdcard.o)
    0x0804c27c   0x0804c27c   0x00000068   Code   RO         5361    i.SD_EnableWideBusOperation  BspLibA8I24O24_V00_11_02.lib(sdio_sdcard.o)
    0x0804c2e4   0x0804c2e4   0x00000314   Code   RO         5362    i.SD_GetCardInfo    BspLibA8I24O24_V00_11_02.lib(sdio_sdcard.o)
    0x0804c5f8   0x0804c5f8   0x0000016c   Code   RO         5364    i.SD_Init           BspLibA8I24O24_V00_11_02.lib(sdio_sdcard.o)
    0x0804c764   0x0804c764   0x00000114   Code   RO         5365    i.SD_InitializeCards  BspLibA8I24O24_V00_11_02.lib(sdio_sdcard.o)
    0x0804c878   0x0804c878   0x00000180   Code   RO         5367    i.SD_PowerON        BspLibA8I24O24_V00_11_02.lib(sdio_sdcard.o)
    0x0804c9f8   0x0804c9f8   0x0000016c   Code   RO         5368    i.SD_ProcessIRQSrc  BspLibA8I24O24_V00_11_02.lib(sdio_sdcard.o)
    0x0804cb64   0x0804cb64   0x0000024c   Code   RO         5369    i.SD_ReadBlock      BspLibA8I24O24_V00_11_02.lib(sdio_sdcard.o)
    0x0804cdb0   0x0804cdb0   0x000000a0   Code   RO         5370    i.SD_ReadDisk       BspLibA8I24O24_V00_11_02.lib(sdio_sdcard.o)
    0x0804ce50   0x0804ce50   0x000002c4   Code   RO         5371    i.SD_ReadMultiBlocks  BspLibA8I24O24_V00_11_02.lib(sdio_sdcard.o)
    0x0804d114   0x0804d114   0x00000016   Code   RO         5372    i.SD_SelectDeselect  BspLibA8I24O24_V00_11_02.lib(sdio_sdcard.o)
    0x0804d12a   0x0804d12a   0x00000002   PAD
    0x0804d12c   0x0804d12c   0x00000018   Code   RO         5374    i.SD_SetDeviceMode  BspLibA8I24O24_V00_11_02.lib(sdio_sdcard.o)
    0x0804d144   0x0804d144   0x00000344   Code   RO         5375    i.SD_WriteBlock     BspLibA8I24O24_V00_11_02.lib(sdio_sdcard.o)
    0x0804d488   0x0804d488   0x000000a0   Code   RO         5376    i.SD_WriteDisk      BspLibA8I24O24_V00_11_02.lib(sdio_sdcard.o)
    0x0804d528   0x0804d528   0x0000037c   Code   RO         5377    i.SD_WriteMultiBlocks  BspLibA8I24O24_V00_11_02.lib(sdio_sdcard.o)
    0x0804d8a4   0x0804d8a4   0x0000006c   Code   RO         3324    i.SET_FlashErr      BspLibA8I24O24_V00_11_02.lib(stmflash.o)
    0x0804d910   0x0804d910   0x00000074   Code   RO         3325    i.STMFLASH_EraseSector  BspLibA8I24O24_V00_11_02.lib(stmflash.o)
    0x0804d984   0x0804d984   0x000000a0   Code   RO         3326    i.STMFLASH_GetFlashSector  BspLibA8I24O24_V00_11_02.lib(stmflash.o)
    0x0804da24   0x0804da24   0x00000040   Code   RO         3327    i.STMFLASH_GetStatus  BspLibA8I24O24_V00_11_02.lib(stmflash.o)
    0x0804da64   0x0804da64   0x00000014   Code   RO         3328    i.STMFLASH_Lock     BspLibA8I24O24_V00_11_02.lib(stmflash.o)
    0x0804da78   0x0804da78   0x00000020   Code   RO         3329    i.STMFLASH_Read     BspLibA8I24O24_V00_11_02.lib(stmflash.o)
    0x0804da98   0x0804da98   0x00000006   Code   RO         3330    i.STMFLASH_ReadWord  BspLibA8I24O24_V00_11_02.lib(stmflash.o)
    0x0804da9e   0x0804da9e   0x00000002   PAD
    0x0804daa0   0x0804daa0   0x00000018   Code   RO         3331    i.STMFLASH_Unlock   BspLibA8I24O24_V00_11_02.lib(stmflash.o)
    0x0804dab8   0x0804dab8   0x00000028   Code   RO         3332    i.STMFLASH_WaitDone  BspLibA8I24O24_V00_11_02.lib(stmflash.o)
    0x0804dae0   0x0804dae0   0x00000088   Code   RO         3333    i.STMFLASH_Write    BspLibA8I24O24_V00_11_02.lib(stmflash.o)
    0x0804db68   0x0804db68   0x00000054   Code   RO         3334    i.STMFLASH_WriteWord  BspLibA8I24O24_V00_11_02.lib(stmflash.o)
    0x0804dbbc   0x0804dbbc   0x0000026c   Code   RO         2265    i.ScanSlave         can_master.lib(can_net.o)
    0x0804de28   0x0804de28   0x00000084   Code   RO          463    i.SetAxisSpdRadio   axismove.o
    0x0804deac   0x0804deac   0x00000018   Code   RO         2266    i.SetCannetErrCode  can_master.lib(can_net.o)
    0x0804dec4   0x0804dec4   0x000000dc   Code   RO         3044    i.SpdInit           Algorithm_ver_00_01_08.lib(curve.o)
    0x0804dfa0   0x0804dfa0   0x00000068   Code   RO         1077    i.Stm32_Clock_InitIAP  BspLibA8I24O24_V00_11_02.lib(sys.o)
    0x0804e008   0x0804e008   0x0000000c   Code   RO         2040    i.SysTim_GetSys     BspLibA8I24O24_V00_11_02.lib(timer.o)
    0x0804e014   0x0804e014   0x0000000c   Code   RO         2042    i.SysTim_Init       BspLibA8I24O24_V00_11_02.lib(timer.o)
    0x0804e020   0x0804e020   0x0000010c   Code   RO         1078    i.Sys_Clock_Set     BspLibA8I24O24_V00_11_02.lib(sys.o)
    0x0804e12c   0x0804e12c   0x00000010   Code   RO         1079    i.Sys_Soft_Reset    BspLibA8I24O24_V00_11_02.lib(sys.o)
    0x0804e13c   0x0804e13c   0x00000060   Code   RO         1709    i.TIM1_BRK_TIM9_IRQHandler  BspLibA8I24O24_V00_11_02.lib(puls.o)
    0x0804e19c   0x0804e19c   0x00000060   Code   RO         1710    i.TIM1_TRG_COM_TIM11_IRQHandler  BspLibA8I24O24_V00_11_02.lib(puls.o)
    0x0804e1fc   0x0804e1fc   0x000000a8   Code   RO         1711    i.TIM1_UP_TIM10_IRQHandler  BspLibA8I24O24_V00_11_02.lib(puls.o)
    0x0804e2a4   0x0804e2a4   0x0000004c   Code   RO         1712    i.TIM2_IRQHandler   BspLibA8I24O24_V00_11_02.lib(puls.o)
    0x0804e2f0   0x0804e2f0   0x00000054   Code   RO         1713    i.TIM3_IRQHandler   BspLibA8I24O24_V00_11_02.lib(puls.o)
    0x0804e344   0x0804e344   0x00000060   Code   RO         1714    i.TIM4_IRQHandler   BspLibA8I24O24_V00_11_02.lib(puls.o)
    0x0804e3a4   0x0804e3a4   0x00000060   Code   RO         1715    i.TIM5_IRQHandler   BspLibA8I24O24_V00_11_02.lib(puls.o)
    0x0804e404   0x0804e404   0x0000005c   Code   RO         2044    i.TIM6_DAC_IRQHandler  BspLibA8I24O24_V00_11_02.lib(timer.o)
    0x0804e460   0x0804e460   0x00000044   Code   RO         2045    i.TIM6_Init         BspLibA8I24O24_V00_11_02.lib(timer.o)
    0x0804e4a4   0x0804e4a4   0x00000060   Code   RO         1716    i.TIM8_BRK_TIM12_IRQHandler  BspLibA8I24O24_V00_11_02.lib(puls.o)
    0x0804e504   0x0804e504   0x00000060   Code   RO         1717    i.TIM8_TRG_COM_TIM14_IRQHandler  BspLibA8I24O24_V00_11_02.lib(puls.o)
    0x0804e564   0x0804e564   0x000000b8   Code   RO         1718    i.TIM8_UP_TIM13_IRQHandler  BspLibA8I24O24_V00_11_02.lib(puls.o)
    0x0804e61c   0x0804e61c   0x00000154   Code   RO         1719    i.Tim_PWM_Init      BspLibA8I24O24_V00_11_02.lib(puls.o)
    0x0804e770   0x0804e770   0x0000007c   Code   RO         1236    i.UART4_IRQHandler  BspLibA8I24O24_V00_11_02.lib(usart.o)
    0x0804e7ec   0x0804e7ec   0x000000b0   Code   RO         1237    i.UART_DMA_cfg      BspLibA8I24O24_V00_11_02.lib(usart.o)
    0x0804e89c   0x0804e89c   0x00000054   Code   RO         1238    i.UART_GPIO_AF_set  BspLibA8I24O24_V00_11_02.lib(usart.o)
    0x0804e8f0   0x0804e8f0   0x00000060   Code   RO         1239    i.UART_GPIO_Init    BspLibA8I24O24_V00_11_02.lib(usart.o)
    0x0804e950   0x0804e950   0x000000a8   Code   RO         1240    i.UART_exeu         BspLibA8I24O24_V00_11_02.lib(usart.o)
    0x0804e9f8   0x0804e9f8   0x0000007c   Code   RO         1242    i.USART1_IRQHandler  BspLibA8I24O24_V00_11_02.lib(usart.o)
    0x0804ea74   0x0804ea74   0x00000074   Code   RO         1243    i.USART3_IRQHandler  BspLibA8I24O24_V00_11_02.lib(usart.o)
    0x0804eae8   0x0804eae8   0x00000026   Code   RO         5746    i.USBH_Alloc_Channel  BspLibA8I24O24_V00_11_02.lib(usbh_hcs.o)
    0x0804eb0e   0x0804eb0e   0x00000060   Code   RO         5795    i.USBH_BulkReceiveData  BspLibA8I24O24_V00_11_02.lib(usbh_ioreq.o)
    0x0804eb6e   0x0804eb6e   0x0000005e   Code   RO         5796    i.USBH_BulkSendData  BspLibA8I24O24_V00_11_02.lib(usbh_ioreq.o)
    0x0804ebcc   0x0804ebcc   0x0000004c   Code   RO         5875    i.USBH_ClrFeature   BspLibA8I24O24_V00_11_02.lib(usbh_stdreq.o)
    0x0804ec18   0x0804ec18   0x0000000c   Code   RO         4721    i.USBH_Connected    BspLibA8I24O24_V00_11_02.lib(usbh_core.o)
    0x0804ec24   0x0804ec24   0x00000046   Code   RO         5797    i.USBH_CtlReceiveData  BspLibA8I24O24_V00_11_02.lib(usbh_ioreq.o)
    0x0804ec6a   0x0804ec6a   0x00000064   Code   RO         5798    i.USBH_CtlReq       BspLibA8I24O24_V00_11_02.lib(usbh_ioreq.o)
    0x0804ecce   0x0804ecce   0x0000006e   Code   RO         5799    i.USBH_CtlSendData  BspLibA8I24O24_V00_11_02.lib(usbh_ioreq.o)
    0x0804ed3c   0x0804ed3c   0x00000042   Code   RO         5800    i.USBH_CtlSendSetup  BspLibA8I24O24_V00_11_02.lib(usbh_ioreq.o)
    0x0804ed7e   0x0804ed7e   0x0000001c   Code   RO         5747    i.USBH_DeAllocate_AllChannel  BspLibA8I24O24_V00_11_02.lib(usbh_hcs.o)
    0x0804ed9a   0x0804ed9a   0x0000003a   Code   RO         4722    i.USBH_DeInit       BspLibA8I24O24_V00_11_02.lib(usbh_core.o)
    0x0804edd4   0x0804edd4   0x00000028   Code   RO         4723    i.USBH_Disconnected  BspLibA8I24O24_V00_11_02.lib(usbh_core.o)
    0x0804edfc   0x0804edfc   0x0000002e   Code   RO         4724    i.USBH_ErrorHandle  BspLibA8I24O24_V00_11_02.lib(usbh_core.o)
    0x0804ee2a   0x0804ee2a   0x0000001e   Code   RO         5748    i.USBH_Free_Channel  BspLibA8I24O24_V00_11_02.lib(usbh_hcs.o)
    0x0804ee48   0x0804ee48   0x00000044   Code   RO         5876    i.USBH_GetDescriptor  BspLibA8I24O24_V00_11_02.lib(usbh_stdreq.o)
    0x0804ee8c   0x0804ee8c   0x00000028   Code   RO         5749    i.USBH_GetFreeChannel  BspLibA8I24O24_V00_11_02.lib(usbh_hcs.o)
    0x0804eeb4   0x0804eeb4   0x00000012   Code   RO         5877    i.USBH_GetNextDesc  BspLibA8I24O24_V00_11_02.lib(usbh_stdreq.o)
    0x0804eec6   0x0804eec6   0x00000002   PAD
    0x0804eec8   0x0804eec8   0x0000006c   Code   RO         5878    i.USBH_Get_CfgDesc  BspLibA8I24O24_V00_11_02.lib(usbh_stdreq.o)
    0x0804ef34   0x0804ef34   0x00000038   Code   RO         5879    i.USBH_Get_DevDesc  BspLibA8I24O24_V00_11_02.lib(usbh_stdreq.o)
    0x0804ef6c   0x0804ef6c   0x0000003c   Code   RO         5880    i.USBH_Get_StringDesc  BspLibA8I24O24_V00_11_02.lib(usbh_stdreq.o)
    0x0804efa8   0x0804efa8   0x0000022c   Code   RO         4725    i.USBH_HandleControl  BspLibA8I24O24_V00_11_02.lib(usbh_core.o)
    0x0804f1d4   0x0804f1d4   0x000001e0   Code   RO         4726    i.USBH_HandleEnum   BspLibA8I24O24_V00_11_02.lib(usbh_core.o)
    0x0804f3b4   0x0804f3b4   0x00000046   Code   RO         4727    i.USBH_Init         BspLibA8I24O24_V00_11_02.lib(usbh_core.o)
    0x0804f3fa   0x0804f3fa   0x00000002   PAD
    0x0804f3fc   0x0804f3fc   0x00000060   Code   RO         4818    i.USBH_MSC_BOT_Abort  BspLibA8I24O24_V00_11_02.lib(usbh_msc_bot.o)
    0x0804f45c   0x0804f45c   0x00000014   Code   RO         4863    i.USBH_MSC_ClassRequest  BspLibA8I24O24_V00_11_02.lib(usbh_msc_core.o)
    0x0804f470   0x0804f470   0x00000080   Code   RO         4819    i.USBH_MSC_DecodeCSW  BspLibA8I24O24_V00_11_02.lib(usbh_msc_bot.o)
    0x0804f4f0   0x0804f4f0   0x00000044   Code   RO         4864    i.USBH_MSC_ErrorHandle  BspLibA8I24O24_V00_11_02.lib(usbh_msc_core.o)
    0x0804f534   0x0804f534   0x0000002c   Code   RO         4865    i.USBH_MSC_GETMaxLUN  BspLibA8I24O24_V00_11_02.lib(usbh_msc_core.o)
    0x0804f560   0x0804f560   0x00000184   Code   RO         4866    i.USBH_MSC_Handle   BspLibA8I24O24_V00_11_02.lib(usbh_msc_core.o)
    0x0804f6e4   0x0804f6e4   0x00000408   Code   RO         4820    i.USBH_MSC_HandleBOTXfer  BspLibA8I24O24_V00_11_02.lib(usbh_msc_bot.o)
    0x0804faec   0x0804faec   0x00000044   Code   RO         4821    i.USBH_MSC_Init     BspLibA8I24O24_V00_11_02.lib(usbh_msc_bot.o)
    0x0804fb30   0x0804fb30   0x0000004c   Code   RO         4867    i.USBH_MSC_InterfaceDeInit  BspLibA8I24O24_V00_11_02.lib(usbh_msc_core.o)
    0x0804fb7c   0x0804fb7c   0x00000100   Code   RO         4868    i.USBH_MSC_InterfaceInit  BspLibA8I24O24_V00_11_02.lib(usbh_msc_core.o)
    0x0804fc7c   0x0804fc7c   0x000000d0   Code   RO         4915    i.USBH_MSC_ModeSense6  BspLibA8I24O24_V00_11_02.lib(usbh_msc_scsi.o)
    0x0804fd4c   0x0804fd4c   0x00000100   Code   RO         4916    i.USBH_MSC_Read10   BspLibA8I24O24_V00_11_02.lib(usbh_msc_scsi.o)
    0x0804fe4c   0x0804fe4c   0x000000dc   Code   RO         4917    i.USBH_MSC_ReadCapacity10  BspLibA8I24O24_V00_11_02.lib(usbh_msc_scsi.o)
    0x0804ff28   0x0804ff28   0x000000e0   Code   RO         4918    i.USBH_MSC_RequestSense  BspLibA8I24O24_V00_11_02.lib(usbh_msc_scsi.o)
    0x08050008   0x08050008   0x000000b0   Code   RO         4919    i.USBH_MSC_TestUnitReady  BspLibA8I24O24_V00_11_02.lib(usbh_msc_scsi.o)
    0x080500b8   0x080500b8   0x000000e4   Code   RO         4920    i.USBH_MSC_Write10  BspLibA8I24O24_V00_11_02.lib(usbh_msc_scsi.o)
    0x0805019c   0x0805019c   0x00000064   Code   RO         5750    i.USBH_Modify_Channel  BspLibA8I24O24_V00_11_02.lib(usbh_hcs.o)
    0x08050200   0x08050200   0x000000a8   Code   RO         4651    i.USBH_OTG_ISR_Handler  BspLibA8I24O24_V00_11_02.lib(usb_hcd_int.o)
    0x080502a8   0x080502a8   0x0000009a   Code   RO         5751    i.USBH_Open_Channel  BspLibA8I24O24_V00_11_02.lib(usbh_hcs.o)
    0x08050342   0x08050342   0x00000002   PAD
    0x08050344   0x08050344   0x00000134   Code   RO         5881    i.USBH_ParseCfgDesc  BspLibA8I24O24_V00_11_02.lib(usbh_stdreq.o)
    0x08050478   0x08050478   0x00000058   Code   RO         5882    i.USBH_ParseDevDesc  BspLibA8I24O24_V00_11_02.lib(usbh_stdreq.o)
    0x080504d0   0x080504d0   0x00000020   Code   RO         5883    i.USBH_ParseEPDesc  BspLibA8I24O24_V00_11_02.lib(usbh_stdreq.o)
    0x080504f0   0x080504f0   0x00000026   Code   RO         5884    i.USBH_ParseInterfaceDesc  BspLibA8I24O24_V00_11_02.lib(usbh_stdreq.o)
    0x08050516   0x08050516   0x00000036   Code   RO         5885    i.USBH_ParseStringDesc  BspLibA8I24O24_V00_11_02.lib(usbh_stdreq.o)
    0x0805054c   0x0805054c   0x0000000c   Code   RO         4728    i.USBH_PortDisabled  BspLibA8I24O24_V00_11_02.lib(usbh_core.o)
    0x08050558   0x08050558   0x0000000c   Code   RO         4729    i.USBH_PortEnabled  BspLibA8I24O24_V00_11_02.lib(usbh_core.o)
    0x08050564   0x08050564   0x000001d4   Code   RO         4730    i.USBH_Process      BspLibA8I24O24_V00_11_02.lib(usbh_core.o)
    0x08050738   0x08050738   0x00000006   Code   RO         4731    i.USBH_SOF          BspLibA8I24O24_V00_11_02.lib(usbh_core.o)
    0x0805073e   0x0805073e   0x00000026   Code   RO         5886    i.USBH_SetAddress   BspLibA8I24O24_V00_11_02.lib(usbh_stdreq.o)
    0x08050764   0x08050764   0x00000026   Code   RO         5887    i.USBH_SetCfg       BspLibA8I24O24_V00_11_02.lib(usbh_stdreq.o)
    0x0805078a   0x0805078a   0x00000018   Code   RO         5805    i.USBH_SubmitSetupRequest  BspLibA8I24O24_V00_11_02.lib(usbh_ioreq.o)
    0x080507a2   0x080507a2   0x00000002   PAD
    0x080507a4   0x080507a4   0x00000060   Code   RO         4052    i.USBH_UDISK_Read   BspLibA8I24O24_V00_11_02.lib(usbh_usr.o)
    0x08050804   0x08050804   0x00000010   Code   RO         4053    i.USBH_UDISK_Status  BspLibA8I24O24_V00_11_02.lib(usbh_usr.o)
    0x08050814   0x08050814   0x00000060   Code   RO         4054    i.USBH_UDISK_Write  BspLibA8I24O24_V00_11_02.lib(usbh_usr.o)
    0x08050874   0x08050874   0x0000004c   Code   RO         4055    i.USBH_USR_Configuration_DescAvailable  BspLibA8I24O24_V00_11_02.lib(usbh_usr.o)
    0x080508c0   0x080508c0   0x0000000c   Code   RO         4056    i.USBH_USR_DeInit   BspLibA8I24O24_V00_11_02.lib(usbh_usr.o)
    0x080508cc   0x080508cc   0x00000020   Code   RO         4057    i.USBH_USR_DeviceAddressAssigned  BspLibA8I24O24_V00_11_02.lib(usbh_usr.o)
    0x080508ec   0x080508ec   0x00000024   Code   RO         4058    i.USBH_USR_DeviceAttached  BspLibA8I24O24_V00_11_02.lib(usbh_usr.o)
    0x08050910   0x08050910   0x0000001c   Code   RO         4059    i.USBH_USR_DeviceDisconnected  BspLibA8I24O24_V00_11_02.lib(usbh_usr.o)
    0x0805092c   0x0805092c   0x00000024   Code   RO         4060    i.USBH_USR_DeviceNotSupported  BspLibA8I24O24_V00_11_02.lib(usbh_usr.o)
    0x08050950   0x08050950   0x00000078   Code   RO         4061    i.USBH_USR_DeviceSpeedDetected  BspLibA8I24O24_V00_11_02.lib(usbh_usr.o)
    0x080509c8   0x080509c8   0x00000038   Code   RO         4062    i.USBH_USR_Device_DescAvailable  BspLibA8I24O24_V00_11_02.lib(usbh_usr.o)
    0x08050a00   0x08050a00   0x00000020   Code   RO         4063    i.USBH_USR_EnumerationDone  BspLibA8I24O24_V00_11_02.lib(usbh_usr.o)
    0x08050a20   0x08050a20   0x00000070   Code   RO         4064    i.USBH_USR_Init     BspLibA8I24O24_V00_11_02.lib(usbh_usr.o)
    0x08050a90   0x08050a90   0x00000054   Code   RO         4065    i.USBH_USR_MSC_Application  BspLibA8I24O24_V00_11_02.lib(usbh_usr.o)
    0x08050ae4   0x08050ae4   0x00000024   Code   RO         4066    i.USBH_USR_Manufacturer_String  BspLibA8I24O24_V00_11_02.lib(usbh_usr.o)
    0x08050b08   0x08050b08   0x00000020   Code   RO         4067    i.USBH_USR_OverCurrentDetected  BspLibA8I24O24_V00_11_02.lib(usbh_usr.o)
    0x08050b28   0x08050b28   0x00000020   Code   RO         4068    i.USBH_USR_Product_String  BspLibA8I24O24_V00_11_02.lib(usbh_usr.o)
    0x08050b48   0x08050b48   0x0000001c   Code   RO         4069    i.USBH_USR_ResetDevice  BspLibA8I24O24_V00_11_02.lib(usbh_usr.o)
    0x08050b64   0x08050b64   0x00000024   Code   RO         4070    i.USBH_USR_SerialNum_String  BspLibA8I24O24_V00_11_02.lib(usbh_usr.o)
    0x08050b88   0x08050b88   0x00000024   Code   RO         4071    i.USBH_USR_UnrecoveredError  BspLibA8I24O24_V00_11_02.lib(usbh_usr.o)
    0x08050bac   0x08050bac   0x00000020   Code   RO         4072    i.USBH_USR_UserInput  BspLibA8I24O24_V00_11_02.lib(usbh_usr.o)
    0x08050bcc   0x08050bcc   0x00000030   Code   RO         2164    i.USBH_User_App     BspLibA8I24O24_V00_11_02.lib(usb_mass.o)
    0x08050bfc   0x08050bfc   0x0000000c   Code   RO         2165    i.USB_Mass_Init     BspLibA8I24O24_V00_11_02.lib(usb_mass.o)
    0x08050c08   0x08050c08   0x00000058   Code   RO         2166    i.USB_Mass_exec     BspLibA8I24O24_V00_11_02.lib(usb_mass.o)
    0x08050c60   0x08050c60   0x00000002   Code   RO         3889    i.USB_OTG_BSP_ConfigVBUS  BspLibA8I24O24_V00_11_02.lib(usb_bsp.o)
    0x08050c62   0x08050c62   0x00000002   Code   RO         3891    i.USB_OTG_BSP_DriveVBUS  BspLibA8I24O24_V00_11_02.lib(usb_bsp.o)
    0x08050c64   0x08050c64   0x00000012   Code   RO         3892    i.USB_OTG_BSP_EnableInterrupt  BspLibA8I24O24_V00_11_02.lib(usb_bsp.o)
    0x08050c76   0x08050c76   0x00000002   PAD
    0x08050c78   0x08050c78   0x00000050   Code   RO         3893    i.USB_OTG_BSP_Init  BspLibA8I24O24_V00_11_02.lib(usb_bsp.o)
    0x08050cc8   0x08050cc8   0x0000000c   Code   RO         3894    i.USB_OTG_BSP_mDelay  BspLibA8I24O24_V00_11_02.lib(usb_bsp.o)
    0x08050cd4   0x08050cd4   0x0000000c   Code   RO         3896    i.USB_OTG_BSP_uDelay  BspLibA8I24O24_V00_11_02.lib(usb_bsp.o)
    0x08050ce0   0x08050ce0   0x00000126   Code   RO         5560    i.USB_OTG_CoreInit  BspLibA8I24O24_V00_11_02.lib(usb_core.o)
    0x08050e06   0x08050e06   0x000000d6   Code   RO         5561    i.USB_OTG_CoreInitHost  BspLibA8I24O24_V00_11_02.lib(usb_core.o)
    0x08050edc   0x08050edc   0x00000070   Code   RO         5562    i.USB_OTG_CoreReset  BspLibA8I24O24_V00_11_02.lib(usb_core.o)
    0x08050f4c   0x08050f4c   0x00000022   Code   RO         5563    i.USB_OTG_DisableGlobalInt  BspLibA8I24O24_V00_11_02.lib(usb_core.o)
    0x08050f6e   0x08050f6e   0x0000005c   Code   RO         5564    i.USB_OTG_DriveVbus  BspLibA8I24O24_V00_11_02.lib(usb_core.o)
    0x08050fca   0x08050fca   0x00000034   Code   RO         5565    i.USB_OTG_EnableCommonInt  BspLibA8I24O24_V00_11_02.lib(usb_core.o)
    0x08050ffe   0x08050ffe   0x00000022   Code   RO         5566    i.USB_OTG_EnableGlobalInt  BspLibA8I24O24_V00_11_02.lib(usb_core.o)
    0x08051020   0x08051020   0x00000084   Code   RO         5567    i.USB_OTG_EnableHostInt  BspLibA8I24O24_V00_11_02.lib(usb_core.o)
    0x080510a4   0x080510a4   0x0000004c   Code   RO         5568    i.USB_OTG_FlushRxFifo  BspLibA8I24O24_V00_11_02.lib(usb_core.o)
    0x080510f0   0x080510f0   0x00000054   Code   RO         5569    i.USB_OTG_FlushTxFifo  BspLibA8I24O24_V00_11_02.lib(usb_core.o)
    0x08051144   0x08051144   0x0000000c   Code   RO         5570    i.USB_OTG_GetMode   BspLibA8I24O24_V00_11_02.lib(usb_core.o)
    0x08051150   0x08051150   0x0000005a   Code   RO         5571    i.USB_OTG_HC_DoPing  BspLibA8I24O24_V00_11_02.lib(usb_core.o)
    0x080511aa   0x080511aa   0x0000009a   Code   RO         5572    i.USB_OTG_HC_Halt   BspLibA8I24O24_V00_11_02.lib(usb_core.o)
    0x08051244   0x08051244   0x00000238   Code   RO         5573    i.USB_OTG_HC_Init   BspLibA8I24O24_V00_11_02.lib(usb_core.o)
    0x0805147c   0x0805147c   0x000001f6   Code   RO         5574    i.USB_OTG_HC_StartXfer  BspLibA8I24O24_V00_11_02.lib(usb_core.o)
    0x08051672   0x08051672   0x00000002   PAD
    0x08051674   0x08051674   0x00000024   Code   RO         3897    i.USB_OTG_Init      BspLibA8I24O24_V00_11_02.lib(usb_bsp.o)
    0x08051698   0x08051698   0x00000018   Code   RO         5575    i.USB_OTG_InitFSLSPClkSel  BspLibA8I24O24_V00_11_02.lib(usb_core.o)
    0x080516b0   0x080516b0   0x00000010   Code   RO         5577    i.USB_OTG_IsEvenFrame  BspLibA8I24O24_V00_11_02.lib(usb_core.o)
    0x080516c0   0x080516c0   0x00000014   Code   RO         5578    i.USB_OTG_IsHostMode  BspLibA8I24O24_V00_11_02.lib(usb_core.o)
    0x080516d4   0x080516d4   0x00000010   Code   RO         5579    i.USB_OTG_ReadCoreItr  BspLibA8I24O24_V00_11_02.lib(usb_core.o)
    0x080516e4   0x080516e4   0x00000030   Code   RO         5580    i.USB_OTG_ReadHPRT0  BspLibA8I24O24_V00_11_02.lib(usb_core.o)
    0x08051714   0x08051714   0x00000008   Code   RO         5581    i.USB_OTG_ReadHostAllChannels_intr  BspLibA8I24O24_V00_11_02.lib(usb_core.o)
    0x0805171c   0x0805171c   0x00000028   Code   RO         5583    i.USB_OTG_ReadPacket  BspLibA8I24O24_V00_11_02.lib(usb_core.o)
    0x08051744   0x08051744   0x00000040   Code   RO         5584    i.USB_OTG_ResetPort  BspLibA8I24O24_V00_11_02.lib(usb_core.o)
    0x08051784   0x08051784   0x000000d0   Code   RO         5585    i.USB_OTG_SelectCore  BspLibA8I24O24_V00_11_02.lib(usb_core.o)
    0x08051854   0x08051854   0x0000004e   Code   RO         5586    i.USB_OTG_SetCurrentMode  BspLibA8I24O24_V00_11_02.lib(usb_core.o)
    0x080518a2   0x080518a2   0x00000002   PAD
    0x080518a4   0x080518a4   0x0000002c   Code   RO         4652    i.USB_OTG_USBH_handle_Disconnect_ISR  BspLibA8I24O24_V00_11_02.lib(usb_hcd_int.o)
    0x080518d0   0x080518d0   0x00000046   Code   RO         4653    i.USB_OTG_USBH_handle_IncompletePeriodicXfer_ISR  BspLibA8I24O24_V00_11_02.lib(usb_hcd_int.o)
    0x08051916   0x08051916   0x00000056   Code   RO         4654    i.USB_OTG_USBH_handle_hc_ISR  BspLibA8I24O24_V00_11_02.lib(usb_hcd_int.o)
    0x0805196c   0x0805196c   0x0000041e   Code   RO         4655    i.USB_OTG_USBH_handle_hc_n_In_ISR  BspLibA8I24O24_V00_11_02.lib(usb_hcd_int.o)
    0x08051d8a   0x08051d8a   0x000003b8   Code   RO         4656    i.USB_OTG_USBH_handle_hc_n_Out_ISR  BspLibA8I24O24_V00_11_02.lib(usb_hcd_int.o)
    0x08052142   0x08052142   0x00000136   Code   RO         4657    i.USB_OTG_USBH_handle_nptxfempty_ISR  BspLibA8I24O24_V00_11_02.lib(usb_hcd_int.o)
    0x08052278   0x08052278   0x0000013c   Code   RO         4658    i.USB_OTG_USBH_handle_port_ISR  BspLibA8I24O24_V00_11_02.lib(usb_hcd_int.o)
    0x080523b4   0x080523b4   0x00000136   Code   RO         4659    i.USB_OTG_USBH_handle_ptxfempty_ISR  BspLibA8I24O24_V00_11_02.lib(usb_hcd_int.o)
    0x080524ea   0x080524ea   0x00000164   Code   RO         4660    i.USB_OTG_USBH_handle_rx_qlvl_ISR  BspLibA8I24O24_V00_11_02.lib(usb_hcd_int.o)
    0x0805264e   0x0805264e   0x00000002   PAD
    0x08052650   0x08052650   0x0000002c   Code   RO         4661    i.USB_OTG_USBH_handle_sof_ISR  BspLibA8I24O24_V00_11_02.lib(usb_hcd_int.o)
    0x0805267c   0x0805267c   0x0000003e   Code   RO         5588    i.USB_OTG_WritePacket  BspLibA8I24O24_V00_11_02.lib(usb_core.o)
    0x080526ba   0x080526ba   0x00000002   PAD
    0x080526bc   0x080526bc   0x00000014   Code   RO         3898    i.USB_Process       BspLibA8I24O24_V00_11_02.lib(usb_bsp.o)
    0x080526d0   0x080526d0   0x00000184   Code   RO         1244    i.Uart_Init         BspLibA8I24O24_V00_11_02.lib(usart.o)
    0x08052854   0x08052854   0x00000022   Code   RO         3178    i.Uart_MYDMA_Enable  BspLibA8I24O24_V00_11_02.lib(dma.o)
    0x08052876   0x08052876   0x00000002   PAD
    0x08052878   0x08052878   0x00000050   Code   RO         1245    i.Uart_Recv         BspLibA8I24O24_V00_11_02.lib(usart.o)
    0x080528c8   0x080528c8   0x0000006c   Code   RO         1246    i.Uart_Send         BspLibA8I24O24_V00_11_02.lib(usart.o)
    0x08052934   0x08052934   0x0000002e   Code   RO         2267    i.WriteUnitVal      can_master.lib(can_net.o)
    0x08052962   0x08052962   0x00000002   PAD
    0x08052964   0x08052964   0x00000020   Code   RO         8005    i.__0printf$8       mc_w.l(printf8.o)
    0x08052984   0x08052984   0x00000028   Code   RO         8007    i.__0sprintf$8      mc_w.l(printf8.o)
    0x080529ac   0x080529ac   0x00000026   Code   RO         8108    i.__ARM_fpclassifyf  m_wm.l(fpclassifyf.o)
    0x080529d2   0x080529d2   0x00000002   PAD
    0x080529d4   0x080529d4   0x0000012c   Code   RO         7673    i.__hardfp_asinf    m_wm.l(asinf.o)
    0x08052b00   0x08052b00   0x00000150   Code   RO         7709    i.__hardfp_cosf     m_wm.l(cosf.o)
    0x08052c50   0x08052c50   0x00000190   Code   RO         7739    i.__hardfp_sinf     m_wm.l(sinf.o)
    0x08052de0   0x08052de0   0x0000003a   Code   RO         7763    i.__hardfp_sqrtf    m_wm.l(sqrtf.o)
    0x08052e1a   0x08052e1a   0x00000006   Code   RO         8111    i.__mathlib_flt_infnan  m_wm.l(funder.o)
    0x08052e20   0x08052e20   0x00000010   Code   RO         8113    i.__mathlib_flt_invalid  m_wm.l(funder.o)
    0x08052e30   0x08052e30   0x00000010   Code   RO         8116    i.__mathlib_flt_underflow  m_wm.l(funder.o)
    0x08052e40   0x08052e40   0x00000154   Code   RO         8130    i.__mathlib_rredf2  m_wm.l(rredf.o)
    0x08052f94   0x08052f94   0x0000000e   Code   RO         8189    i.__scatterload_copy  mc_w.l(handlers.o)
    0x08052fa2   0x08052fa2   0x00000002   Code   RO         8190    i.__scatterload_null  mc_w.l(handlers.o)
    0x08052fa4   0x08052fa4   0x0000000e   Code   RO         8191    i.__scatterload_zeroinit  mc_w.l(handlers.o)
    0x08052fb2   0x08052fb2   0x00000002   PAD
    0x08052fb4   0x08052fb4   0x0000000c   Code   RO         8161    i.__set_errno       mc_w.l(errno.o)
    0x08052fc0   0x08052fc0   0x00000410   Code   RO         8012    i._printf_core      mc_w.l(printf8.o)
    0x080533d0   0x080533d0   0x00000024   Code   RO         8013    i._printf_post_padding  mc_w.l(printf8.o)
    0x080533f4   0x080533f4   0x0000002e   Code   RO         8014    i._printf_pre_padding  mc_w.l(printf8.o)
    0x08053422   0x08053422   0x0000000a   Code   RO         8016    i._sputc            mc_w.l(printf8.o)
    0x0805342c   0x0805342c   0x0000001c   Code   RO          539    i.bsp_exec          bsp_config.o
    0x08053448   0x08053448   0x00000070   Code   RO          540    i.bsp_init          bsp_config.o
    0x080534b8   0x080534b8   0x00000124   Code   RO         2268    i.can_netLoop       can_master.lib(can_net.o)
    0x080535dc   0x080535dc   0x00000090   Code   RO         3454    i.check_fs          BspLibA8I24O24_V00_11_02.lib(ff.o)
    0x0805366c   0x0805366c   0x00000012   Code   RO         5378    i.convert_from_bytes_to_power_of_two  BspLibA8I24O24_V00_11_02.lib(sdio_sdcard.o)
    0x0805367e   0x0805367e   0x00000002   PAD
    0x08053680   0x08053680   0x00000038   Code   RO         4383    i.crc16             INTERLAYER_VER01_10_12.lib(crc16.o)
    0x080536b8   0x080536b8   0x00000040   Code   RO         3132    i.delay_init        BspLibA8I24O24_V00_11_02.lib(delay.o)
    0x080536f8   0x080536f8   0x00000038   Code   RO         3133    i.delay_ms          BspLibA8I24O24_V00_11_02.lib(delay.o)
    0x08053730   0x08053730   0x0000003c   Code   RO         3134    i.delay_us          BspLibA8I24O24_V00_11_02.lib(delay.o)
    0x0805376c   0x0805376c   0x0000003c   Code   RO         3135    i.delay_xms         BspLibA8I24O24_V00_11_02.lib(delay.o)
    0x080537a8   0x080537a8   0x00000034   Code   RO         4474    i.disk_initialize   BspLibA8I24O24_V00_11_02.lib(diskio.o)
    0x080537dc   0x080537dc   0x0000008c   Code   RO         4476    i.disk_read         BspLibA8I24O24_V00_11_02.lib(diskio.o)
    0x08053868   0x08053868   0x00000006   Code   RO         4477    i.disk_status       BspLibA8I24O24_V00_11_02.lib(diskio.o)
    0x0805386e   0x0805386e   0x00000002   PAD
    0x08053870   0x08053870   0x0000008c   Code   RO         4478    i.disk_write        BspLibA8I24O24_V00_11_02.lib(diskio.o)
    0x080538fc   0x080538fc   0x00000002   Code   RO          103    i.errstop_handle    fsm.o
    0x080538fe   0x080538fe   0x0000002c   Code   RO         6086    i.ethernetif_input  BspLibA8I24O24_V00_11_02.lib(ethernetif.o)
    0x0805392a   0x0805392a   0x00000002   PAD
    0x0805392c   0x0805392c   0x00000040   Code   RO          564    i.ex_inputupdata    interlayer.o
    0x0805396c   0x0805396c   0x00000034   Code   RO          565    i.ex_outputstatusupdata  interlayer.o
    0x080539a0   0x080539a0   0x00000028   Code   RO          566    i.ex_outputupdata   interlayer.o
    0x080539c8   0x080539c8   0x0000004a   Code   RO         3810    i.exf_getfree       BspLibA8I24O24_V00_11_02.lib(exfuns.o)
    0x08053a12   0x08053a12   0x00000002   PAD
    0x08053a14   0x08053a14   0x00000084   Code   RO         3811    i.exfuns_init       BspLibA8I24O24_V00_11_02.lib(exfuns.o)
    0x08053a98   0x08053a98   0x00000102   Code   RO         3471    i.f_getfree         BspLibA8I24O24_V00_11_02.lib(ff.o)
    0x08053b9a   0x08053b9a   0x00000002   PAD
    0x08053b9c   0x08053b9c   0x0000005c   Code   RO         3477    i.f_mount           BspLibA8I24O24_V00_11_02.lib(ff.o)
    0x08053bf8   0x08053bf8   0x00000388   Code   RO         3493    i.find_volume       BspLibA8I24O24_V00_11_02.lib(ff.o)
    0x08053f80   0x08053f80   0x00000002   Code   RO         1248    i.fputc             BspLibA8I24O24_V00_11_02.lib(usart.o)
    0x08053f82   0x08053f82   0x000000e8   Code   RO         3497    i.get_fat           BspLibA8I24O24_V00_11_02.lib(ff.o)
    0x0805406a   0x0805406a   0x0000004a   Code   RO         3499    i.get_ldnumber      BspLibA8I24O24_V00_11_02.lib(ff.o)
    0x080540b4   0x080540b4   0x00000724   Code   RO         1591    i.gp_io_init        BspLibA8I24O24_V00_11_02.lib(gpio.o)
    0x080547d8   0x080547d8   0x00000014   Code   RO         6756    i.inet_chksum       BspLibA8I24O24_V00_11_02.lib(inet_chksum.o)
    0x080547ec   0x080547ec   0x0000003c   Code   RO            3    i.initIO            appinit.o
    0x08054828   0x08054828   0x00000040   Code   RO         2613    i.init_config       INTERLAYER_VER01_10_12.lib(int_config.o)
    0x08054868   0x08054868   0x0000023c   Code   RO         6798    i.ip_frag           BspLibA8I24O24_V00_11_02.lib(ip_frag.o)
    0x08054aa4   0x08054aa4   0x0000000a   Code   RO         6799    i.ip_frag_alloc_pbuf_custom_ref  BspLibA8I24O24_V00_11_02.lib(ip_frag.o)
    0x08054aae   0x08054aae   0x00000002   PAD
    0x08054ab0   0x08054ab0   0x0000008c   Code   RO         6800    i.ip_frag_free_pbuf_custom_ref  BspLibA8I24O24_V00_11_02.lib(ip_frag.o)
    0x08054b3c   0x08054b3c   0x00000184   Code   RO         6177    i.ip_output_if      BspLibA8I24O24_V00_11_02.lib(ip.o)
    0x08054cc0   0x08054cc0   0x00000054   Code   RO         6178    i.ip_route          BspLibA8I24O24_V00_11_02.lib(ip.o)
    0x08054d14   0x08054d14   0x000000bc   Code   RO         6808    i.ipfrag_free_pbuf_custom  BspLibA8I24O24_V00_11_02.lib(ip_frag.o)
    0x08054dd0   0x08054dd0   0x00000012   Code   RO          567    i.joghome           interlayer.o
    0x08054de2   0x08054de2   0x0000000c   Code   RO          568    i.jogstop           interlayer.o
    0x08054dee   0x08054dee   0x00000002   PAD
    0x08054df0   0x08054df0   0x00000074   Code   RO         6088    i.low_level_input   BspLibA8I24O24_V00_11_02.lib(ethernetif.o)
    0x08054e64   0x08054e64   0x0000000c   Code   RO         6225    i.lwip_htons        BspLibA8I24O24_V00_11_02.lib(def.o)
    0x08054e70   0x08054e70   0x0000000c   Code   RO         6227    i.lwip_ntohs        BspLibA8I24O24_V00_11_02.lib(def.o)
    0x08054e7c   0x08054e7c   0x00000010   Code   RO         4976    i.lwip_packet_handler  BspLibA8I24O24_V00_11_02.lib(lwip_comm.o)
    0x08054e8c   0x08054e8c   0x0000005e   Code   RO         6760    i.lwip_standard_chksum  BspLibA8I24O24_V00_11_02.lib(inet_chksum.o)
    0x08054eea   0x08054eea   0x00000032   Code   RO          225    i.main              main.o
    0x08054f1c   0x08054f1c   0x00000140   Code   RO         6255    i.mem_free          BspLibA8I24O24_V00_11_02.lib(mem.o)
    0x0805505c   0x0805505c   0x0000026c   Code   RO         6257    i.mem_malloc        BspLibA8I24O24_V00_11_02.lib(mem.o)
    0x080552c8   0x080552c8   0x000000b0   Code   RO         6298    i.memp_free         BspLibA8I24O24_V00_11_02.lib(memp.o)
    0x08055378   0x08055378   0x000000f0   Code   RO         6301    i.memp_malloc       BspLibA8I24O24_V00_11_02.lib(memp.o)
    0x08055468   0x08055468   0x00000032   Code   RO         3504    i.move_window       BspLibA8I24O24_V00_11_02.lib(ff.o)
    0x0805549a   0x0805549a   0x0000006a   Code   RO          712    i.mresultant        Algorithm_ver_00_01_08.lib(multiaxis.o)
    0x08055504   0x08055504   0x00000024   Code   RO         1082    i.my_Sys_Soft_Reset  BspLibA8I24O24_V00_11_02.lib(sys.o)
    0x08055528   0x08055528   0x00000044   Code   RO         3234    i.my_mem_init       BspLibA8I24O24_V00_11_02.lib(malloc.o)
    0x0805556c   0x0805556c   0x000000a8   Code   RO         3235    i.my_mem_malloc     BspLibA8I24O24_V00_11_02.lib(malloc.o)
    0x08055614   0x08055614   0x00000040   Code   RO         3236    i.my_mem_perused    BspLibA8I24O24_V00_11_02.lib(malloc.o)
    0x08055654   0x08055654   0x00000028   Code   RO         3238    i.mymalloc          BspLibA8I24O24_V00_11_02.lib(malloc.o)
    0x0805567c   0x0805567c   0x00000014   Code   RO         3240    i.mymemset          BspLibA8I24O24_V00_11_02.lib(malloc.o)
    0x08055690   0x08055690   0x00000002   Code   RO          104    i.pause_handle      fsm.o
    0x08055692   0x08055692   0x00000002   PAD
    0x08055694   0x08055694   0x00000410   Code   RO         5132    i.pbuf_alloc        BspLibA8I24O24_V00_11_02.lib(pbuf.o)
    0x08055aa4   0x08055aa4   0x00000100   Code   RO         5133    i.pbuf_alloced_custom  BspLibA8I24O24_V00_11_02.lib(pbuf.o)
    0x08055ba4   0x08055ba4   0x00000148   Code   RO         5134    i.pbuf_cat          BspLibA8I24O24_V00_11_02.lib(pbuf.o)
    0x08055cec   0x08055cec   0x00000016   Code   RO         5135    i.pbuf_chain        BspLibA8I24O24_V00_11_02.lib(pbuf.o)
    0x08055d02   0x08055d02   0x00000002   PAD
    0x08055d04   0x08055d04   0x000001a4   Code   RO         5141    i.pbuf_free         BspLibA8I24O24_V00_11_02.lib(pbuf.o)
    0x08055ea8   0x08055ea8   0x0000014c   Code   RO         5143    i.pbuf_header       BspLibA8I24O24_V00_11_02.lib(pbuf.o)
    0x08055ff4   0x08055ff4   0x0000000a   Code   RO         5147    i.pbuf_ref          BspLibA8I24O24_V00_11_02.lib(pbuf.o)
    0x08055ffe   0x08055ffe   0x00000002   PAD
    0x08056000   0x08056000   0x000001b4   Code   RO         6259    i.plug_holes        BspLibA8I24O24_V00_11_02.lib(mem.o)
    0x080561b4   0x080561b4   0x0000000a   Code   RO          226    i.pwr_Task          main.o
    0x080561be   0x080561be   0x00000002   PAD
    0x080561c0   0x080561c0   0x000000e4   Code   RO         1864    i.pwr_exec          BspLibA8I24O24_V00_11_02.lib(pwr.o)
    0x080562a4   0x080562a4   0x0000004c   Code   RO         1865    i.pwr_init          BspLibA8I24O24_V00_11_02.lib(pwr.o)
    0x080562f0   0x080562f0   0x0000000c   Code   RO          297    i.reset_handle      reset.o
    0x080562fc   0x080562fc   0x00000002   Code   RO          107    i.run_handle        fsm.o
    0x080562fe   0x080562fe   0x00000002   Code   RO          108    i.scram_handle      fsm.o
    0x08056300   0x08056300   0x0000003e   Code   RO         7765    i.sqrtf             m_wm.l(sqrtf.o)
    0x0805633e   0x0805633e   0x00000014   Code   RO          270    i.stop_handle       maintask.o
    0x08056352   0x08056352   0x0000004c   Code   RO         3512    i.sync_window       BspLibA8I24O24_V00_11_02.lib(ff.o)
    0x0805639e   0x0805639e   0x0000001e   Code   RO         1084    i.sys_init_IAP      BspLibA8I24O24_V00_11_02.lib(sys.o)
    0x080563bc   0x080563bc   0x000000f4   Code   RO         5255    i.udp_bind          BspLibA8I24O24_V00_11_02.lib(udp.o)
    0x080564b0   0x080564b0   0x00000058   Code   RO         5261    i.udp_new_port      BspLibA8I24O24_V00_11_02.lib(udp.o)
    0x08056508   0x08056508   0x00000014   Code   RO         5264    i.udp_send          BspLibA8I24O24_V00_11_02.lib(udp.o)
    0x0805651c   0x0805651c   0x0000002e   Code   RO         5265    i.udp_sendto        BspLibA8I24O24_V00_11_02.lib(udp.o)
    0x0805654a   0x0805654a   0x00000002   PAD
    0x0805654c   0x0805654c   0x00000168   Code   RO         5266    i.udp_sendto_if     BspLibA8I24O24_V00_11_02.lib(udp.o)
    0x080566b4   0x080566b4   0x00000048   Code   RO         4218    i.udp_sev_senddata  BspLibA8I24O24_V00_11_02.lib(udp_app.o)
    0x080566fc   0x080566fc   0x00000180   Data   RO         2269    .constdata          can_master.lib(can_net.o)
    0x0805687c   0x0805687c   0x00000020   Data   RO         2643    .constdata          INTERLAYER_VER01_10_12.lib(jogoperate.o)
    0x0805689c   0x0805689c   0x00000018   Data   RO         3245    .constdata          BspLibA8I24O24_V00_11_02.lib(malloc.o)
    0x080568b4   0x080568b4   0x00000200   Data   RO         4384    .constdata          INTERLAYER_VER01_10_12.lib(crc16.o)
    0x08056ab4   0x08056ab4   0x00000020   Data   RO         8131    .constdata          m_wm.l(rredf.o)
    0x08056ad4   0x08056ad4   0x00000020   Data   RO         8187    Region$$Table       anon$$obj.o


    Execution Region RW_IRAM1 (Exec base: 0x20000000, Load base: 0x08056af4, Size: 0x000199a0, Max: 0x00020000, ABSOLUTE, COMPRESSED[0x000003f0])

    Exec Addr    Load Addr    Size         Type   Attr      Idx    E Section Name        Object

    0x20000000   COMPRESSED   0x000000e4   Data   RW          111    .data               fsm.o
    0x200000e4   COMPRESSED   0x00000028   Data   RW          342    .data               feed.o
    0x2000010c   COMPRESSED   0x00000001   Data   RW         1085    .data               BspLibA8I24O24_V00_11_02.lib(sys.o)
    0x2000010d   COMPRESSED   0x00000003   PAD
    0x20000110   COMPRESSED   0x00000124   Data   RW         1249    .data               BspLibA8I24O24_V00_11_02.lib(usart.o)
    0x20000234   COMPRESSED   0x00000140   Data   RW         1592    .data               BspLibA8I24O24_V00_11_02.lib(gpio.o)
    0x20000374   COMPRESSED   0x00000004   Data   RW         1664    .data               BspLibA8I24O24_V00_11_02.lib(led.o)
    0x20000378   COMPRESSED   0x00000278   Data   RW         1721    .data               BspLibA8I24O24_V00_11_02.lib(puls.o)
    0x200005f0   COMPRESSED   0x0000000c   Data   RW         1866    .data               BspLibA8I24O24_V00_11_02.lib(pwr.o)
    0x200005fc   COMPRESSED   0x00000010   Data   RW         2046    .data               BspLibA8I24O24_V00_11_02.lib(timer.o)
    0x2000060c   COMPRESSED   0x000000c8   Data   RW         2109    .data               BspLibA8I24O24_V00_11_02.lib(encode.o)
    0x200006d4   COMPRESSED   0x00000008   Data   RW         2167    .data               BspLibA8I24O24_V00_11_02.lib(usb_mass.o)
    0x200006dc   COMPRESSED   0x00000060   Data   RW         2270    .data               can_master.lib(can_net.o)
    0x2000073c   COMPRESSED   0x00000020   Data   RW         2615    .data               INTERLAYER_VER01_10_12.lib(int_config.o)
    0x2000075c   COMPRESSED   0x00000004   Data   RW         2716    .data               INTERLAYER_VER01_10_12.lib(timerthread.o)
    0x20000760   COMPRESSED   0x00000001   Data   RW         2782    .data               INTERLAYER_VER01_10_12.lib(axis.o)
    0x20000761   COMPRESSED   0x00000001   PAD
    0x20000762   COMPRESSED   0x00000004   Data   RW         3136    .data               BspLibA8I24O24_V00_11_02.lib(delay.o)
    0x20000766   COMPRESSED   0x00000002   PAD
    0x20000768   COMPRESSED   0x0000001c   Data   RW         3246    .data               BspLibA8I24O24_V00_11_02.lib(malloc.o)
    0x20000784   COMPRESSED   0x0000000a   Data   RW         3515    .data               BspLibA8I24O24_V00_11_02.lib(ff.o)
    0x2000078e   COMPRESSED   0x00000002   PAD
    0x20000790   COMPRESSED   0x0000001c   Data   RW         3816    .data               BspLibA8I24O24_V00_11_02.lib(exfuns.o)
    0x200007ac   COMPRESSED   0x00000004   Data   RW         3900    .data               BspLibA8I24O24_V00_11_02.lib(usb_bsp.o)
    0x200007b0   COMPRESSED   0x0000004c   Data   RW         4073    .data               BspLibA8I24O24_V00_11_02.lib(usbh_usr.o)
    0x200007fc   COMPRESSED   0x00000020   Data   RW         4220    .data               BspLibA8I24O24_V00_11_02.lib(udp_app.o)
    0x2000081c   COMPRESSED   0x00000003   Data   RW         4482    .data               BspLibA8I24O24_V00_11_02.lib(diskio.o)
    0x2000081f   COMPRESSED   0x00000001   PAD
    0x20000820   COMPRESSED   0x0000001e   Data   RW         4734    .data               BspLibA8I24O24_V00_11_02.lib(usbh_core.o)
    0x2000083e   COMPRESSED   0x00000002   PAD
    0x20000840   COMPRESSED   0x00000015   Data   RW         4823    .data               BspLibA8I24O24_V00_11_02.lib(usbh_msc_bot.o)
    0x20000855   COMPRESSED   0x00000003   PAD
    0x20000858   COMPRESSED   0x0000001d   Data   RW         4870    .data               BspLibA8I24O24_V00_11_02.lib(usbh_msc_core.o)
    0x20000875   COMPRESSED   0x00000001   Data   RW         4922    .data               BspLibA8I24O24_V00_11_02.lib(usbh_msc_scsi.o)
    0x20000876   COMPRESSED   0x00000002   PAD
    0x20000878   COMPRESSED   0x0000000c   Data   RW         5267    .data               BspLibA8I24O24_V00_11_02.lib(udp.o)
    0x20000884   COMPRESSED   0x00000010   Data   RW         5380    .data               BspLibA8I24O24_V00_11_02.lib(sdio_sdcard.o)
    0x20000894   COMPRESSED   0x00000003   Data   RW         5891    .data               BspLibA8I24O24_V00_11_02.lib(usbh_stdreq.o)
    0x20000897   COMPRESSED   0x00000001   PAD
    0x20000898   COMPRESSED   0x00000012   Data   RW         6179    .data               BspLibA8I24O24_V00_11_02.lib(ip.o)
    0x200008aa   COMPRESSED   0x00000002   PAD
    0x200008ac   COMPRESSED   0x00000010   Data   RW         6260    .data               BspLibA8I24O24_V00_11_02.lib(mem.o)
    0x200008bc   COMPRESSED   0x00000009   Data   RW         6367    .data               BspLibA8I24O24_V00_11_02.lib(netif.o)
    0x200008c5   COMPRESSED   0x00000003   PAD
    0x200008c8   COMPRESSED   0x00000010   Data   RW         7212    .data               BspLibA8I24O24_V00_11_02.lib(stm32f4x7_eth.o)
    0x200008d8   COMPRESSED   0x00000004   Data   RW         8162    .data               mc_w.l(errno.o)
    0x200008dc        -       0x00004d5c   Zero   RW            4    .bss                appinit.o
    0x20005638        -       0x0000000c   Zero   RW          110    .bss                fsm.o
    0x20005644        -       0x00000060   Zero   RW          196    .bss                logic.o
    0x200056a4        -       0x0000000c   Zero   RW          298    .bss                reset.o
    0x200056b0        -       0x00000c00   Zero   RW          715    .bss                Algorithm_ver_00_01_08.lib(multiaxis.o)
    0x200062b0        -       0x000000c8   Zero   RW         1400    .bss                BspLibA8I24O24_V00_11_02.lib(adc.o)
    0x20006378        -       0x00000028   Zero   RW         1459    .bss                BspLibA8I24O24_V00_11_02.lib(can.o)
    0x200063a0        -       0x00000030   Zero   RW         2108    .bss                BspLibA8I24O24_V00_11_02.lib(encode.o)
    0x200063d0        -       0x00000064   Zero   RW         2642    .bss                INTERLAYER_VER01_10_12.lib(jogoperate.o)
    0x20006434        -       0x00000850   Zero   RW         2781    .bss                INTERLAYER_VER01_10_12.lib(axis.o)
    0x20006c84        -       0x00000800   Zero   RW         3046    .bss                Algorithm_ver_00_01_08.lib(curve.o)
    0x20007484   COMPRESSED   0x0000001c   PAD
    0x200074a0        -       0x0000d480   Zero   RW         3244    .bss                BspLibA8I24O24_V00_11_02.lib(malloc.o)
    0x20014920        -       0x00000024   Zero   RW         3336    .bss                BspLibA8I24O24_V00_11_02.lib(stmflash.o)
    0x20014944        -       0x00000644   Zero   RW         3899    .bss                BspLibA8I24O24_V00_11_02.lib(usb_bsp.o)
    0x20014f88        -       0x00000010   Zero   RW         4219    .bss                BspLibA8I24O24_V00_11_02.lib(udp_app.o)
    0x20014f98        -       0x00000c80   Zero   RW         4445    .bss                INTERLAYER_VER01_10_12.lib(tools.o)
    0x20015c18        -       0x00000040   Zero   RW         4822    .bss                BspLibA8I24O24_V00_11_02.lib(usbh_msc_bot.o)
    0x20015c58        -       0x0000004a   Zero   RW         4869    .bss                BspLibA8I24O24_V00_11_02.lib(usbh_msc_core.o)
    0x20015ca2   COMPRESSED   0x00000002   PAD
    0x20015ca4        -       0x00000410   Zero   RW         4921    .bss                BspLibA8I24O24_V00_11_02.lib(usbh_msc_scsi.o)
    0x200160b4        -       0x00000048   Zero   RW         4978    .bss                BspLibA8I24O24_V00_11_02.lib(lwip_comm.o)
    0x200160fc   COMPRESSED   0x00000004   PAD
    0x20016100        -       0x00000278   Zero   RW         5379    .bss                BspLibA8I24O24_V00_11_02.lib(sdio_sdcard.o)
    0x20016378        -       0x00000200   Zero   RW         5890    .bss                BspLibA8I24O24_V00_11_02.lib(usbh_stdreq.o)
    0x20016578        -       0x00000028   Zero   RW         6302    .bss                BspLibA8I24O24_V00_11_02.lib(memp.o)
    0x200165a0        -       0x00003400   Zero   RW          645    STACK               startup_stm32f40_41xxx_iap.o



  Load Region LR$$.ARM.__AT_0x10000000 (Base: 0x10000000, Size: 0x00000000, Max: 0x0000e000, ABSOLUTE)

    Execution Region ER$$.ARM.__AT_0x10000000 (Exec base: 0x10000000, Load base: 0x10000000, Size: 0x0000e000, Max: 0x0000e000, ABSOLUTE, UNINIT)

    Exec Addr    Load Addr    Size         Type   Attr      Idx    E Section Name        Object

    0x10000000        -       0x0000e000   Zero   RW         3242    .ARM.__AT_0x10000000  BspLibA8I24O24_V00_11_02.lib(malloc.o)



  Load Region LR$$.ARM.__AT_0x1000E000 (Base: 0x1000e000, Size: 0x00000000, Max: 0x00000e00, ABSOLUTE)

    Execution Region ER$$.ARM.__AT_0x1000E000 (Exec base: 0x1000e000, Load base: 0x1000e000, Size: 0x00000e00, Max: 0x00000e00, ABSOLUTE, UNINIT)

    Exec Addr    Load Addr    Size         Type   Attr      Idx    E Section Name        Object

    0x1000e000        -       0x00000e00   Zero   RW         3243    .ARM.__AT_0x1000E000  BspLibA8I24O24_V00_11_02.lib(malloc.o)



  Load Region LR$$.ARM.__AT_0x40002850 (Base: 0x40002850, Size: 0x00000000, Max: 0x00000050, ABSOLUTE)

    Execution Region ER$$.ARM.__AT_0x40002850 (Exec base: 0x40002850, Load base: 0x40002850, Size: 0x00000050, Max: 0x00000050, ABSOLUTE, UNINIT)

    Exec Addr    Load Addr    Size         Type   Attr      Idx    E Section Name        Object

    0x40002850        -       0x00000050   Zero   RW         1916    .ARM.__AT_0x40002850  BspLibA8I24O24_V00_11_02.lib(rtc.o)



  Load Region LR$$.ARM.__AT_0x40024000 (Base: 0x40024000, Size: 0x00000000, Max: 0x00001000, ABSOLUTE)

    Execution Region ER$$.ARM.__AT_0x40024000 (Exec base: 0x40024000, Load base: 0x40024000, Size: 0x00001000, Max: 0x00001000, ABSOLUTE, UNINIT)

    Exec Addr    Load Addr    Size         Type   Attr      Idx    E Section Name        Object

    0x40024000        -       0x00001000   Zero   RW         1917    .ARM.__AT_0x40024000  BspLibA8I24O24_V00_11_02.lib(rtc.o)


==============================================================================

Image component sizes


      Code (inc. data)   RO Data    RW Data    ZI Data      Debug   Object Name

       652         54          0          0      19804      12081   appinit.o
       894          6          0          0          0       2448   axisconfig.o
       304         10          0          0          0       2212   axismove.o
       140         16          0          0          0       1018   bsp_config.o
       392         38          0         40          0       5026   feed.o
       198         10          0        228         12       9083   fsm.o
       472         26          0          0          0       4367   interlayer.o
         2          0          0          0         96       1361   logic.o
        60          0          4          0          0       4791   main.o
       336         22          0          0          0       1664   maintask.o
       184         18          0          0         12       1227   reset.o
       208         10        392          0      13312        968   startup_stm32f40_41xxx_iap.o
       196         14          0          0          0       1808   usertool.o

    ----------------------------------------------------------------------
      4054        224        428        268      33236      48054   Object Totals
         0          0         32          0          0          0   (incl. Generated)
        16          0          0          0          0          0   (incl. Padding)

    ----------------------------------------------------------------------

      Code (inc. data)   RO Data    RW Data    ZI Data      Debug   Library Member Name

      8680        150          0          0       2048      10660   curve.o
     14496        196          0          0       3072      24076   multiaxis.o
       604         64          0          0        200       2640   adc.o
      1404         80          0          0         40       8449   can.o
       196         16          0          0          0        555   dac.o
        24          0          0          0          0       1106   def.o
       240         16          0          4          0       2483   delay.o
       338         12          0          3          0       5966   diskio.o
       498         12          0          0          0       2406   dma.o
       730         42          0        200         48       5715   encode.o
       160          6          0          0          0       4266   ethernetif.o
       206         18          0         28          0     232844   exfuns.o
      1830         28          0         10          0      13444   ff.o
      2052        114          0        320          0       6317   gpio.o
       114          0          0          0          0       5830   inet_chksum.o
       472        156          0         18          0       5318   ip.o
       910        340          0          0          0       4254   ip_frag.o
       196         12          0          0          0       1541   lan8720.o
       112         26          0          4          0        958   led.o
        16          6          0          0         72       7880   lwip_comm.o
       376         42         24         28     115328       5402   malloc.o
      1376        644          0         16          0       3619   mem.o
       416        270          0          0         40       2760   memp.o
         0          0          0          9          0       1839   netif.o
      2408       1036          0          0          0       6628   pbuf.o
      2216        182          0        632          0      13790   puls.o
       304         44          0         12          0       1134   pwr.o
       786         70          0          0       4176       7862   rtc.o
      7168        344          0         16        632      33899   sdio_sdcard.o
        64          6          0         16          0       2530   stm32f4x7_eth.o
      1102        122          0          0         36      14518   stmflash.o
       948         66          0          1          0     235385   sys.o
       184         30          0         16          0       2779   timer.o
       758        236          0         12          0       6616   udp.o
       140         22          0         32         16     275129   udp_app.o
      1678        184          0        292          0     241343   usart.o
       182         34          0          4       1604     259318   usb_bsp.o
      3034         18          0          0          0      18763   usb_core.o
       210          0          0          0          0       5763   usb_hcd.o
      3710         16          0          0          0      10447   usb_hcd_int.o
       148         36          0          8          0       1843   usb_mass.o
      1760         48          0         30          0      10425   usbh_core.o
       390          0          0          0          0       4616   usbh_hcs.o
       560          0          0          0          0       5638   usbh_ioreq.o
      1324        106          0         21         64       6905   usbh_msc_bot.o
       852         58          0         29         74       5973   usbh_msc_core.o
      1312         88          0          1       1040       7304   usbh_msc_scsi.o
       982         12          0          3        512      10733   usbh_stdreq.o
      1080        562          0         76          0      12582   usbh_usr.o
       248         26          0          0          0       3882   alarm.o
      7720        254          0          1       2128      29741   axis.o
        56          8        512          0          0       1218   crc16.o
       344         68          0          0          0       3261   flashoperate.o
        64         28          0         32          0       1646   int_config.o
       408         16          0          0          0       2535   ioupdata.o
       732         16         32          0        100       5734   jogoperate.o
      1542         30          0          0          0       4640   modbus.o
       188         20          0          4          0        741   timerthread.o
         0          0          0          0       3200        795   tools.o
      4116        230        384         96          0      23490   can_net.o
       300         42          0          0          0        176   asinf.o
       336         56          0          0          0        136   cosf.o
        38          0          0          0          0        116   fpclassifyf.o
        38         12          0          0          0        348   funder.o
       340         24         32          0          0        160   rredf.o
       400         56          0          0          0        212   sinf.o
       120          0          0          0          0        272   sqrtf.o
        86          0          0          0          0          0   __dczerorl2.o
         0          0          0          0          0          0   entry.o
         0          0          0          0          0          0   entry10a.o
         0          0          0          0          0          0   entry11a.o
         8          4          0          0          0          0   entry2.o
         4          0          0          0          0          0   entry5.o
         0          0          0          0          0          0   entry7b.o
         0          0          0          0          0          0   entry8b.o
         8          4          0          0          0          0   entry9a.o
        12          6          0          4          0         68   errno.o
        30          0          0          0          0          0   handlers.o
        36          8          0          0          0         68   init.o
         0          0          0          0          0          0   iusefp.o
        30          0          0          0          0         68   llshl.o
        32          0          0          0          0         68   llushr.o
        26          0          0          0          0         80   memcmp.o
        36          0          0          0          0         68   memcpya.o
        36          0          0          0          0        108   memseta.o
      1204         60          0          0          0        504   printf8.o
        98          0          0          0          0         92   uldiv.o

    ----------------------------------------------------------------------
     87450       6538        984       2000     134464    1642478   Library Totals
        68          0          0         22         34          0   (incl. Padding)

    ----------------------------------------------------------------------

      Code (inc. data)   RO Data    RW Data    ZI Data      Debug   Library Name

     23176        346          0          0       5120      34736   Algorithm_ver_00_01_08.lib
     45570       5224         24       1841     123882    1527515   BspLibA8I24O24_V00_11_02.lib
     11302        466        544         37       5428      54193   INTERLAYER_VER01_10_12.lib
      4116        230        384         96          0      23490   can_master.lib
      1572        190         32          0          0       1420   m_wm.l
      1646         82          0          4          0       1124   mc_w.l

    ----------------------------------------------------------------------
     87450       6538        984       2000     134464    1642478   Library Totals

    ----------------------------------------------------------------------

==============================================================================


      Code (inc. data)   RO Data    RW Data    ZI Data      Debug   

     91504       6762       1412       2268     167700    1639996   Grand Totals
     91504       6762       1412       1008     167700    1639996   ELF Image Totals (compressed)
     91504       6762       1412       1008          0          0   ROM Totals

==============================================================================

    Total RO  Size (Code + RO Data)                92916 (  90.74kB)
    Total RW  Size (RW Data + ZI Data)            169968 ( 165.98kB)
    Total ROM Size (Code + RO Data + RW Data)      93924 (  91.72kB)

==============================================================================

