Component: ARM Compiler 5.06 update 6 (build 750) Tool: armlink [4d35ed]

==============================================================================

Section Cross References

    appinit.o(i.AppInit) refers to int_config.o(i.init_config) for init_config
    appinit.o(i.AppInit) refers to fm25lxxb.o(i.FRam_Read) for FRam_Read
    appinit.o(i.AppInit) refers to fm25lxxb.o(i.FRam_Exec) for FRam_Exec
    appinit.o(i.AppInit) refers to fm25lxxb.o(i.FRAM_GetSta) for FRAM_GetSta
    appinit.o(i.AppInit) refers to puls.o(i.Puls_SetWidth) for Puls_SetWidth
    appinit.o(i.AppInit) refers to gpio.o(i.OutPut_SetSta) for OutPut_SetSta
    appinit.o(i.AppInit) refers to axis.o(i.HZ_AxSetAxiSig) for HZ_AxSetAxiSig
    appinit.o(i.AppInit) refers to axisconfig.o(i.AxisConfig) for AxisConfig
    appinit.o(i.AppInit) refers to axis.o(i.HZ_AxSetHomMod) for HZ_AxSetHomMod
    appinit.o(i.AppInit) refers to axis.o(i.HZ_AxSetPara) for HZ_AxSetPara
    appinit.o(i.AppInit) refers to gpio.o(i.EN_SetSta) for EN_SetSta
    appinit.o(i.AppInit) refers to lock.o(i.CID_init) for CID_init
    appinit.o(i.AppInit) refers to lock.o(i.DeDate) for DeDate
    appinit.o(i.AppInit) refers to appinit.o(.bss) for GlobalData
    appinit.o(i.AppInit) refers to tools.o(.bss) for UserTimer
    bsp_config.o(i.bsp_exec) refers to usart.o(i.UART_exeu) for UART_exeu
    bsp_config.o(i.bsp_exec) refers to udp_app.o(i.Eth_excu) for Eth_excu
    bsp_config.o(i.bsp_exec) refers to usb_mass.o(i.USB_Mass_exec) for USB_Mass_exec
    bsp_config.o(i.bsp_exec) refers to pwr.o(i.pwr_exec) for pwr_exec
    bsp_config.o(i.bsp_exec) refers to led.o(i.Led_Exec) for Led_Exec
    bsp_config.o(i.bsp_exec) refers to can_net.o(i.can_netLoop) for can_netLoop
    bsp_config.o(i.bsp_exec) refers to fm25lxxb.o(i.FRam_Exec) for FRam_Exec
    bsp_config.o(i.bsp_init) refers to usb_mass.o(i.USB_Mass_Init) for USB_Mass_Init
    bsp_config.o(i.bsp_init) refers to gpio.o(i.gp_io_init) for gp_io_init
    bsp_config.o(i.bsp_init) refers to pwr.o(i.pwr_init) for pwr_init
    bsp_config.o(i.bsp_init) refers to rtc.o(i.RTC_Init) for RTC_Init
    bsp_config.o(i.bsp_init) refers to puls.o(i.Puls_Init) for Puls_Init
    bsp_config.o(i.bsp_init) refers to led.o(i.Led_Init) for Led_Init
    bsp_config.o(i.bsp_init) refers to timer.o(i.SysTim_Init) for SysTim_Init
    bsp_config.o(i.bsp_init) refers to can.o(i.Can_Init) for Can_Init
    bsp_config.o(i.bsp_init) refers to usart.o(i.Uart_Init) for Uart_Init
    bsp_config.o(i.bsp_init) refers to udp_app.o(i.Eth_SetRmt) for Eth_SetRmt
    bsp_config.o(i.bsp_init) refers to udp_app.o(i.Eth_SetLoc) for Eth_SetLoc
    bsp_config.o(i.bsp_init) refers to udp_app.o(i.Eth_Init) for Eth_Init
    bsp_config.o(i.bsp_init) refers to fm25lxxb.o(i.FM25L64B_Init) for FM25L64B_Init
    bsp_config.o(i.bsp_init) refers to appinit.o(.bss) for uart_recvbuf
    fsm.o(i.AxisErro) refers to axis.o(i.HZ_AxGetStatus) for HZ_AxGetStatus
    fsm.o(i.AxisErro) refers to axis.o(i.HZ_AxGetAxisErr) for HZ_AxGetAxisErr
    fsm.o(i.AxisErro) refers to axis.o(i.HZ_AxReset) for HZ_AxReset
    fsm.o(i.AxisErro) refers to alarm.o(i.AlarmSetBit) for AlarmSetBit
    fsm.o(i.AxisErro) refers to gpio.o(i.ALM_GetSta) for ALM_GetSta
    fsm.o(i.AxisErro) refers to axis.o(i.HZ_AxStop) for HZ_AxStop
    fsm.o(i.AxisErro) refers to alarm.o(i.AlarmClearBit) for AlarmClearBit
    fsm.o(i.AxisErro) refers to can_net.o(i.HZ_ExCanComErrGet) for HZ_ExCanComErrGet
    fsm.o(i.AxisErro) refers to appinit.o(.bss) for GlobalData
    fsm.o(i.FSM) refers to usertool.o(i.ResetWhichBitU16) for ResetWhichBitU16
    fsm.o(i.FSM) refers to usertool.o(i.SetWhichBitU16) for SetWhichBitU16
    fsm.o(i.FSM) refers to alarm.o(i.AlarmSetBit) for AlarmSetBit
    fsm.o(i.FSM) refers to usertool.o(i.UserOutputSet) for UserOutputSet
    fsm.o(i.FSM) refers to logic.o(i.Logic) for Logic
    fsm.o(i.FSM) refers to reset.o(i.Reset) for Reset
    fsm.o(i.FSM) refers to logic.o(i.ButtonMotion) for ButtonMotion
    fsm.o(i.FSM) refers to logicterm.o(i.HMI_Button) for HMI_Button
    fsm.o(i.FSM) refers to axis.o(i.HZ_AxStop) for HZ_AxStop
    fsm.o(i.FSM) refers to rt_memclr_w.o(.text) for __aeabi_memclr4
    fsm.o(i.FSM) refers to fsm.o(i.Button) for Button
    fsm.o(i.FSM) refers to usertool.o(i.SpeedParaInit) for SpeedParaInit
    fsm.o(i.FSM) refers to fsm.o(i.AxisErro) for AxisErro
    fsm.o(i.FSM) refers to logicterm.o(i.Alarm) for Alarm
    fsm.o(i.FSM) refers to logicterm.o(i.LedCtrol) for LedCtrol
    fsm.o(i.FSM) refers to appinit.o(.bss) for GlobalData
    fsm.o(i.FSM) refers to logic.o(.bss) for Data
    fsm.o(i.FSM) refers to tools.o(.bss) for ton_et
    fsm.o(i.FSM) refers to reset.o(.bss) for ResetTask
    interlayer.o(i.Axis_pos) refers to axis.o(i.HZ_AxGetCurPos) for HZ_AxGetCurPos
    interlayer.o(i.Axis_pos) refers to usertool.o(i.PulseToUserUnit) for PulseToUserUnit
    interlayer.o(i.Axis_pos) refers to appinit.o(.bss) for GlobalData
[...]
    0x0804ac0c   0x0804ac0c   0x00000016   Code   RO         3297    i.Flash_WriteBkData  Axis12_V04.lib(stmflash.o)
    0x0804ac22   0x0804ac22   0x00000016   Code   RO         3298    i.Flash_WriteData   Axis12_V04.lib(stmflash.o)
    0x0804ac38   0x0804ac38   0x00000040   Code   RO         1104    i.GPIO_AF_Set       Axis12_V04.lib(sys.o)
    0x0804ac78   0x0804ac78   0x000000de   Code   RO         1105    i.GPIO_Set          Axis12_V04.lib(sys.o)
    0x0804ad56   0x0804ad56   0x00000048   Code   RO          812    i.GenerateAHead     can_master.lib(can_net.o)
    0x0804ad9e   0x0804ad9e   0x00000002   PAD
    0x0804ada0   0x0804ada0   0x00000038   Code   RO         1632    i.GetTimNum         Axis12_V04.lib(puls.o)
    0x0804add8   0x0804add8   0x0000000a   Code   RO         5554    i.HCD_GetCurrentFrame  Axis12_V04.lib(usb_hcd.o)
    0x0804ade2   0x0804ade2   0x00000014   Code   RO         5555    i.HCD_GetCurrentSpeed  Axis12_V04.lib(usb_hcd.o)
    0x0804adf6   0x0804adf6   0x0000000a   Code   RO         5557    i.HCD_GetURB_State  Axis12_V04.lib(usb_hcd.o)
    0x0804ae00   0x0804ae00   0x0000000c   Code   RO         5558    i.HCD_GetXferCnt    Axis12_V04.lib(usb_hcd.o)
    0x0804ae0c   0x0804ae0c   0x00000060   Code   RO         5560    i.HCD_Init          Axis12_V04.lib(usb_hcd.o)
    0x0804ae6c   0x0804ae6c   0x00000008   Code   RO         5561    i.HCD_IsDeviceConnected  Axis12_V04.lib(usb_hcd.o)
    0x0804ae74   0x0804ae74   0x0000000e   Code   RO         5562    i.HCD_ResetPort     Axis12_V04.lib(usb_hcd.o)
    0x0804ae82   0x0804ae82   0x00000020   Code   RO         5563    i.HCD_SubmitRequest  Axis12_V04.lib(usb_hcd.o)
    0x0804aea2   0x0804aea2   0x00000002   PAD
    0x0804aea4   0x0804aea4   0x00000104   Code   RO          745    i.HMI_Button        logicterm.o
    0x0804afa8   0x0804afa8   0x0000000c   Code   RO         2433    i.HZ_Alarm          INTERLAYER_VER01_10_08.lib(alarm.o)
    0x0804afb4   0x0804afb4   0x00000020   Code   RO         2743    i.HZ_AxGetAxisErr   INTERLAYER_VER01_10_08.lib(axis.o)
    0x0804afd4   0x0804afd4   0x00000020   Code   RO         2744    i.HZ_AxGetCurPos    INTERLAYER_VER01_10_08.lib(axis.o)
    0x0804aff4   0x0804aff4   0x00000020   Code   RO         2746    i.HZ_AxGetStatus    INTERLAYER_VER01_10_08.lib(axis.o)
    0x0804b014   0x0804b014   0x0000003c   Code   RO         2747    i.HZ_AxHome         INTERLAYER_VER01_10_08.lib(axis.o)
    0x0804b050   0x0804b050   0x000000e4   Code   RO         2748    i.HZ_AxMotion       INTERLAYER_VER01_10_08.lib(axis.o)
    0x0804b134   0x0804b134   0x00000070   Code   RO         2749    i.HZ_AxMoveAbs      INTERLAYER_VER01_10_08.lib(axis.o)
    0x0804b1a4   0x0804b1a4   0x0000007c   Code   RO         2751    i.HZ_AxMoveRel      INTERLAYER_VER01_10_08.lib(axis.o)
    0x0804b220   0x0804b220   0x00000080   Code   RO         2752    i.HZ_AxMoveVelocity  INTERLAYER_VER01_10_08.lib(axis.o)
    0x0804b2a0   0x0804b2a0   0x00000038   Code   RO         2754    i.HZ_AxReset        INTERLAYER_VER01_10_08.lib(axis.o)
    0x0804b2d8   0x0804b2d8   0x00000024   Code   RO         2755    i.HZ_AxSetAlm       INTERLAYER_VER01_10_08.lib(axis.o)
    0x0804b2fc   0x0804b2fc   0x000000d8   Code   RO         2756    i.HZ_AxSetAxiSig    INTERLAYER_VER01_10_08.lib(axis.o)
    0x0804b3d4   0x0804b3d4   0x00000104   Code   RO         2758    i.HZ_AxSetHomMod    INTERLAYER_VER01_10_08.lib(axis.o)
    0x0804b4d8   0x0804b4d8   0x00000054   Code   RO         2759    i.HZ_AxSetLimSoft   INTERLAYER_VER01_10_08.lib(axis.o)
    0x0804b52c   0x0804b52c   0x000001a8   Code   RO         2760    i.HZ_AxSetPara      INTERLAYER_VER01_10_08.lib(axis.o)
    0x0804b6d4   0x0804b6d4   0x00000080   Code   RO         2761    i.HZ_AxStop         INTERLAYER_VER01_10_08.lib(axis.o)
    0x0804b754   0x0804b754   0x00000050   Code   RO         2491    i.HZ_BkData_Write   INTERLAYER_VER01_10_08.lib(flashoperate.o)
    0x0804b7a4   0x0804b7a4   0x0000005c   Code   RO         2492    i.HZ_Data_Read      INTERLAYER_VER01_10_08.lib(flashoperate.o)
    0x0804b800   0x0804b800   0x00000050   Code   RO         2493    i.HZ_Data_Write     INTERLAYER_VER01_10_08.lib(flashoperate.o)
    0x0804b850   0x0804b850   0x0000006c   Code   RO          816    i.HZ_ExAxGetExe     can_master.lib(can_net.o)
    0x0804b8bc   0x0804b8bc   0x0000000c   Code   RO          817    i.HZ_ExAxGetStatus  can_master.lib(can_net.o)
    0x0804b8c8   0x0804b8c8   0x0000000c   Code   RO          829    i.HZ_ExCanComErrGet  can_master.lib(can_net.o)
    0x0804b8d4   0x0804b8d4   0x0000000c   Code   RO          830    i.HZ_ExCanNetStateGet  can_master.lib(can_net.o)
    0x0804b8e0   0x0804b8e0   0x00000012   Code   RO          836    i.HZ_ExInPutGet     can_master.lib(can_net.o)
    0x0804b8f2   0x0804b8f2   0x00000012   Code   RO          838    i.HZ_ExOutPutGet    can_master.lib(can_net.o)
    0x0804b904   0x0804b904   0x00000016   Code   RO          839    i.HZ_ExOutPutSet    can_master.lib(can_net.o)
    0x0804b91a   0x0804b91a   0x00000002   PAD
    0x0804b91c   0x0804b91c   0x0000003c   Code   RO         2494    i.HZ_FlashOperate   INTERLAYER_VER01_10_08.lib(flashoperate.o)
    0x0804b958   0x0804b958   0x000002dc   Code   RO         2558    i.HZ_JogOperate     INTERLAYER_VER01_10_08.lib(jogoperate.o)
    0x0804bc34   0x0804bc34   0x000000dc   Code   RO         2591    i.HZ_ModBus         INTERLAYER_VER01_10_08.lib(modbus.o)
    0x0804bd10   0x0804bd10   0x000000bc   Code   RO         2632    i.HZ_TimerThread    INTERLAYER_VER01_10_08.lib(timerthread.o)
    0x0804bdcc   0x0804bdcc   0x00000010   Code   RO         1106    i.INTX_DISABLE      Axis12_V04.lib(sys.o)
    0x0804bddc   0x0804bddc   0x00000010   Code   RO         1107    i.INTX_ENABLE       Axis12_V04.lib(sys.o)
    0x0804bdec   0x0804bdec   0x0000001c   Code   RO         1523    i.InPut_GetSta      Axis12_V04.lib(gpio.o)
    0x0804be08   0x0804be08   0x00000018   Code   RO          548    i.InitLocker        usertool.o
    0x0804be20   0x0804be20   0x000000ac   Code   RO          840    i.InputGet          can_master.lib(can_net.o)
    0x0804becc   0x0804becc   0x0000001c   Code   RO          549    i.InputGetSta       usertool.o
    0x0804bee8   0x0804bee8   0x000000bc   Code   RO         4595    i.InputStatusUpdata  INTERLAYER_VER01_10_08.lib(ioupdata.o)
    0x0804bfa4   0x0804bfa4   0x0000008c   Code   RO          228    i.IntSpeed          logic.o
    0x0804c030   0x0804c030   0x00000068   Code   RO          134    i.InterLayer        interlayer.o
    0x0804c098   0x0804c098   0x0000009c   Code   RO         5937    i.IsCardProgramming  Axis12_V04.lib(sdio_sdcard.o)
    0x0804c134   0x0804c134   0x000000e4   Code   RO          135    i.JogGo             interlayer.o
    0x0804c218   0x0804c218   0x00000148   Code   RO         5385    i.LAN8720_Init      Axis12_V04.lib(lan8720.o)
    0x0804c360   0x0804c360   0x00000010   Code   RO         1524    i.LIMIT_GetSta      Axis12_V04.lib(gpio.o)
    0x0804c370   0x0804c370   0x00000140   Code   RO          747    i.LedCtrol          logicterm.o
    0x0804c4b0   0x0804c4b0   0x00000038   Code   RO         1598    i.Led_Exec          Axis12_V04.lib(led.o)
    0x0804c4e8   0x0804c4e8   0x00000038   Code   RO         1599    i.Led_Init          Axis12_V04.lib(led.o)
    0x0804c520   0x0804c520   0x00000040   Code   RO          841    i.ListAdd           can_master.lib(can_net.o)
    0x0804c560   0x0804c560   0x00000032   Code   RO          842    i.ListDel           can_master.lib(can_net.o)
    0x0804c592   0x0804c592   0x0000001a   Code   RO          843    i.ListGet           can_master.lib(can_net.o)
    0x0804c5ac   0x0804c5ac   0x000000a4   Code   RO          844    i.ListSelect        can_master.lib(can_net.o)
    0x0804c650   0x0804c650   0x00000150   Code   RO          550    i.Locker            usertool.o
    0x0804c7a0   0x0804c7a0   0x00000264   Code   RO          229    i.Logic             logic.o
    0x0804ca04   0x0804ca04   0x000001b0   Code   RO         3145    i.MYDMA_Config      Axis12_V04.lib(dma.o)
    0x0804cbb4   0x0804cbb4   0x00000078   Code   RO         1108    i.MY_NVIC_Init      Axis12_V04.lib(sys.o)
    0x0804cc2c   0x0804cc2c   0x00000028   Code   RO         1109    i.MY_NVIC_PriorityGroupConfig  Axis12_V04.lib(sys.o)
    0x0804cc54   0x0804cc54   0x00000010   Code   RO         1110    i.MY_NVIC_SetVectorTable  Axis12_V04.lib(sys.o)
    0x0804cc64   0x0804cc64   0x0000000e   Code   RO          551    i.MaxS32            usertool.o
    0x0804cc72   0x0804cc72   0x00000126   Code   RO         2592    i.ModbusCheck       INTERLAYER_VER01_10_08.lib(modbus.o)
    0x0804cd98   0x0804cd98   0x000001fc   Code   RO         2593    i.Modbus_Do         INTERLAYER_VER01_10_08.lib(modbus.o)
    0x0804cf94   0x0804cf94   0x00000010   Code   RO         3207    i.MyMemInit         Axis12_V04.lib(malloc.o)
    0x0804cfa4   0x0804cfa4   0x00000064   Code   RO         2102    i.Num2str           Axis12_V04.lib(file.o)
    0x0804d008   0x0804d008   0x00000074   Code   RO          845    i.ODO_Loop          can_master.lib(can_net.o)
    0x0804d07c   0x0804d07c   0x00000010   Code   RO         4427    i.OTG_FS_IRQHandler  Axis12_V04.lib(usbh_usr.o)
    0x0804d08c   0x0804d08c   0x0000001c   Code   RO         1525    i.OutPut_GetSta     Axis12_V04.lib(gpio.o)
    0x0804d0a8   0x0804d0a8   0x0000001c   Code   RO         1526    i.OutPut_SetSta     Axis12_V04.lib(gpio.o)
    0x0804d0c4   0x0804d0c4   0x00000078   Code   RO          846    i.OutputGet         can_master.lib(can_net.o)
    0x0804d13c   0x0804d13c   0x000000cc   Code   RO          847    i.OutputSet         can_master.lib(can_net.o)
    0x0804d208   0x0804d208   0x00000074   Code   RO         4596    i.OutputStatusUpdata  INTERLAYER_VER01_10_08.lib(ioupdata.o)
    0x0804d27c   0x0804d27c   0x00000068   Code   RO         4597    i.OutputUpdata      INTERLAYER_VER01_10_08.lib(ioupdata.o)
    0x0804d2e4   0x0804d2e4   0x00000074   Code   RO          848    i.PDO_Loop          can_master.lib(can_net.o)
    0x0804d358   0x0804d358   0x00000124   Code   RO          230    i.ParaSet           logic.o
    0x0804d47c   0x0804d47c   0x0000056c   Code   RO          513    i.PosMove           teach.o
    0x0804d9e8   0x0804d9e8   0x000004b4   Code   RO          514    i.PosTeach          teach.o
    0x0804de9c   0x0804de9c   0x00000108   Code   RO          231    i.PullWireTwoTimes  logic.o
    0x0804dfa4   0x0804dfa4   0x00000028   Code   RO         1634    i.Puls_GetRan       Axis12_V04.lib(puls.o)
    0x0804dfcc   0x0804dfcc   0x00000028   Code   RO         1635    i.Puls_GetRun       Axis12_V04.lib(puls.o)
    0x0804dff4   0x0804dff4   0x0000002c   Code   RO         1636    i.Puls_GetSta       Axis12_V04.lib(puls.o)
    0x0804e020   0x0804e020   0x00000040   Code   RO         1637    i.Puls_Init         Axis12_V04.lib(puls.o)
    0x0804e060   0x0804e060   0x0000012c   Code   RO         1641    i.Puls_SetSpd       Axis12_V04.lib(puls.o)
    0x0804e18c   0x0804e18c   0x00000044   Code   RO         1642    i.Puls_SetWidth     Axis12_V04.lib(puls.o)
    0x0804e1d0   0x0804e1d0   0x00000074   Code   RO         1643    i.Puls_Start        Axis12_V04.lib(puls.o)
    0x0804e244   0x0804e244   0x0000003c   Code   RO         1644    i.Puls_Stop         Axis12_V04.lib(puls.o)
    0x0804e280   0x0804e280   0x000000d4   Code   RO         3007    i.PulseToSpd        Algorithm_ver_00_01_07.lib(curve.o)
    0x0804e354   0x0804e354   0x0000001c   Code   RO          552    i.PulseToUserUnit   usertool.o
    0x0804e370   0x0804e370   0x000000f0   Code   RO          232    i.Q_LittleRight_ON  logic.o
    0x0804e460   0x0804e460   0x00000040   Code   RO         1836    i.RTC_Alarm_IRQHandler  Axis12_V04.lib(rtc.o)
    0x0804e4a0   0x0804e4a0   0x00000016   Code   RO         1837    i.RTC_BCD2DEC       Axis12_V04.lib(rtc.o)
    0x0804e4b6   0x0804e4b6   0x0000001c   Code   RO         1838    i.RTC_DEC2BCD       Axis12_V04.lib(rtc.o)
    0x0804e4d2   0x0804e4d2   0x00000002   PAD
    0x0804e4d4   0x0804e4d4   0x0000003c   Code   RO         1839    i.RTC_Get_Date      Axis12_V04.lib(rtc.o)
    0x0804e510   0x0804e510   0x0000003c   Code   RO         1840    i.RTC_Get_Time      Axis12_V04.lib(rtc.o)
    0x0804e54c   0x0804e54c   0x0000010c   Code   RO         1842    i.RTC_Init          Axis12_V04.lib(rtc.o)
    0x0804e658   0x0804e658   0x00000040   Code   RO         1843    i.RTC_Init_Mode     Axis12_V04.lib(rtc.o)
    0x0804e698   0x0804e698   0x00000014   Code   RO         1844    i.RTC_Read_BKR      Axis12_V04.lib(rtc.o)
    0x0804e6ac   0x0804e6ac   0x00000064   Code   RO         1846    i.RTC_Set_Date      Axis12_V04.lib(rtc.o)
    0x0804e710   0x0804e710   0x00000064   Code   RO         1847    i.RTC_Set_Time      Axis12_V04.lib(rtc.o)
    0x0804e774   0x0804e774   0x0000002c   Code   RO         1849    i.RTC_WKUP_IRQHandler  Axis12_V04.lib(rtc.o)
    0x0804e7a0   0x0804e7a0   0x00000010   Code   RO         1851    i.RTC_Write_BKR     Axis12_V04.lib(rtc.o)
    0x0804e7b0   0x0804e7b0   0x00000014   Code   RO          553    i.Remainder         usertool.o
    0x0804e7c4   0x0804e7c4   0x0000030c   Code   RO          494    i.Reset             reset.o
    0x0804ead0   0x0804ead0   0x0000001a   Code   RO          555    i.ResetWhichBitU16  usertool.o
    0x0804eaea   0x0804eaea   0x00000002   PAD
    0x0804eaec   0x0804eaec   0x000002dc   Code   RO          233    i.RunProcess        logic.o
    0x0804edc8   0x0804edc8   0x00000080   Code   RO         5938    i.SDEnWideBus       Axis12_V04.lib(sdio_sdcard.o)
    0x0804ee48   0x0804ee48   0x00000014   Code   RO         5939    i.SDIO_Clock_Set    Axis12_V04.lib(sdio_sdcard.o)
    0x0804ee5c   0x0804ee5c   0x00000008   Code   RO         5940    i.SDIO_IRQHandler   Axis12_V04.lib(sdio_sdcard.o)
    0x0804ee64   0x0804ee64   0x0000002c   Code   RO         5941    i.SDIO_Send_Cmd     Axis12_V04.lib(sdio_sdcard.o)
    0x0804ee90   0x0804ee90   0x00000038   Code   RO         5942    i.SDIO_Send_Data_Cfg  Axis12_V04.lib(sdio_sdcard.o)
    0x0804eec8   0x0804eec8   0x000000a8   Code   RO          850    i.SDO_Loop          can_master.lib(can_net.o)
    0x0804ef70   0x0804ef70   0x00000094   Code   RO         5943    i.SD_DMA_Config     Axis12_V04.lib(sdio_sdcard.o)
    0x0804f004   0x0804f004   0x00000068   Code   RO         5944    i.SD_EnableWideBusOperation  Axis12_V04.lib(sdio_sdcard.o)
    0x0804f06c   0x0804f06c   0x00000314   Code   RO         5945    i.SD_GetCardInfo    Axis12_V04.lib(sdio_sdcard.o)
    0x0804f380   0x0804f380   0x0000016c   Code   RO         5947    i.SD_Init           Axis12_V04.lib(sdio_sdcard.o)
    0x0804f4ec   0x0804f4ec   0x00000114   Code   RO         5948    i.SD_InitializeCards  Axis12_V04.lib(sdio_sdcard.o)
    0x0804f600   0x0804f600   0x00000180   Code   RO         5950    i.SD_PowerON        Axis12_V04.lib(sdio_sdcard.o)
    0x0804f780   0x0804f780   0x0000016c   Code   RO         5951    i.SD_ProcessIRQSrc  Axis12_V04.lib(sdio_sdcard.o)
    0x0804f8ec   0x0804f8ec   0x0000024c   Code   RO         5952    i.SD_ReadBlock      Axis12_V04.lib(sdio_sdcard.o)
    0x0804fb38   0x0804fb38   0x000000a0   Code   RO         5953    i.SD_ReadDisk       Axis12_V04.lib(sdio_sdcard.o)
    0x0804fbd8   0x0804fbd8   0x000002c4   Code   RO         5954    i.SD_ReadMultiBlocks  Axis12_V04.lib(sdio_sdcard.o)
    0x0804fe9c   0x0804fe9c   0x00000016   Code   RO         5955    i.SD_SelectDeselect  Axis12_V04.lib(sdio_sdcard.o)
    0x0804feb2   0x0804feb2   0x00000002   PAD
    0x0804feb4   0x0804feb4   0x00000018   Code   RO         5957    i.SD_SetDeviceMode  Axis12_V04.lib(sdio_sdcard.o)
    0x0804fecc   0x0804fecc   0x00000344   Code   RO         5958    i.SD_WriteBlock     Axis12_V04.lib(sdio_sdcard.o)
    0x08050210   0x08050210   0x000000a0   Code   RO         5959    i.SD_WriteDisk      Axis12_V04.lib(sdio_sdcard.o)
    0x080502b0   0x080502b0   0x0000037c   Code   RO         5960    i.SD_WriteMultiBlocks  Axis12_V04.lib(sdio_sdcard.o)
    0x0805062c   0x0805062c   0x000000d8   Code   RO         3426    i.SPI1_Init         Axis12_V04.lib(spi.o)
    0x08050704   0x08050704   0x00000034   Code   RO         3427    i.SPI1_ReadWriteByte  Axis12_V04.lib(spi.o)
    0x08050738   0x08050738   0x0000002c   Code   RO         3428    i.SPI1_SetSpeed     Axis12_V04.lib(spi.o)
    0x08050764   0x08050764   0x00000038   Code   RO         3147    i.SPIDMA_RX_Enable  Axis12_V04.lib(dma.o)
    0x0805079c   0x0805079c   0x00000038   Code   RO         3148    i.SPIDMA_TX_Enable  Axis12_V04.lib(dma.o)
    0x080507d4   0x080507d4   0x00000074   Code   RO         3299    i.STMFLASH_EraseSector  Axis12_V04.lib(stmflash.o)
    0x08050848   0x08050848   0x000000a0   Code   RO         3300    i.STMFLASH_GetFlashSector  Axis12_V04.lib(stmflash.o)
    0x080508e8   0x080508e8   0x00000040   Code   RO         3301    i.STMFLASH_GetStatus  Axis12_V04.lib(stmflash.o)
    0x08050928   0x08050928   0x00000014   Code   RO         3302    i.STMFLASH_Lock     Axis12_V04.lib(stmflash.o)
    0x0805093c   0x0805093c   0x00000020   Code   RO         3303    i.STMFLASH_Read     Axis12_V04.lib(stmflash.o)
    0x0805095c   0x0805095c   0x00000006   Code   RO         3304    i.STMFLASH_ReadWord  Axis12_V04.lib(stmflash.o)
    0x08050962   0x08050962   0x00000002   PAD
    0x08050964   0x08050964   0x00000018   Code   RO         3305    i.STMFLASH_Unlock   Axis12_V04.lib(stmflash.o)
    0x0805097c   0x0805097c   0x00000028   Code   RO         3306    i.STMFLASH_WaitDone  Axis12_V04.lib(stmflash.o)
    0x080509a4   0x080509a4   0x00000088   Code   RO         3307    i.STMFLASH_Write    Axis12_V04.lib(stmflash.o)
    0x08050a2c   0x08050a2c   0x00000054   Code   RO         3308    i.STMFLASH_WriteWord  Axis12_V04.lib(stmflash.o)
    0x08050a80   0x08050a80   0x0000026c   Code   RO          851    i.ScanSlave         can_master.lib(can_net.o)
    0x08050cec   0x08050cec   0x00000460   Code   RO          234    i.SeparateWire      logic.o
    0x0805114c   0x0805114c   0x000000f4   Code   RO          557    i.SetAxisSpdRadio   usertool.o
    0x08051240   0x08051240   0x00000018   Code   RO          852    i.SetCannetErrCode  can_master.lib(can_net.o)
    0x08051258   0x08051258   0x0000001a   Code   RO          560    i.SetWhichBitU16    usertool.o
    0x08051272   0x08051272   0x00000002   PAD
    0x08051274   0x08051274   0x000001f4   Code   RO          235    i.ShakeWire         logic.o
    0x08051468   0x08051468   0x00000044   Code   RO          236    i.ShortCtr          logic.o
    0x080514ac   0x080514ac   0x000000dc   Code   RO         3008    i.SpdInit           Algorithm_ver_00_01_07.lib(curve.o)
    0x08051588   0x08051588   0x000001d4   Code   RO          561    i.SpeedParaInit     usertool.o
    0x0805175c   0x0805175c   0x00000068   Code   RO         1112    i.Stm32_Clock_Init_IAP  Axis12_V04.lib(sys.o)
    0x080517c4   0x080517c4   0x00000080   Code   RO          237    i.SunCount          logic.o
    0x08051844   0x08051844   0x0000000c   Code   RO         1976    i.SysTim_GetSys     Axis12_V04.lib(timer.o)
    0x08051850   0x08051850   0x0000000c   Code   RO         1977    i.SysTim_GetUser    Axis12_V04.lib(timer.o)
    0x0805185c   0x0805185c   0x0000000c   Code   RO         1978    i.SysTim_Init       Axis12_V04.lib(timer.o)
    0x08051868   0x08051868   0x0000010c   Code   RO         1113    i.Sys_Clock_Set     Axis12_V04.lib(sys.o)
    0x08051974   0x08051974   0x00000010   Code   RO         1114    i.Sys_Soft_Reset    Axis12_V04.lib(sys.o)
    0x08051984   0x08051984   0x00000060   Code   RO         1645    i.TIM1_BRK_TIM9_IRQHandler  Axis12_V04.lib(puls.o)
    0x080519e4   0x080519e4   0x00000060   Code   RO         1646    i.TIM1_TRG_COM_TIM11_IRQHandler  Axis12_V04.lib(puls.o)
    0x08051a44   0x08051a44   0x000000a8   Code   RO         1647    i.TIM1_UP_TIM10_IRQHandler  Axis12_V04.lib(puls.o)
    0x08051aec   0x08051aec   0x0000004c   Code   RO         1648    i.TIM2_IRQHandler   Axis12_V04.lib(puls.o)
    0x08051b38   0x08051b38   0x00000054   Code   RO         1649    i.TIM3_IRQHandler   Axis12_V04.lib(puls.o)
    0x08051b8c   0x08051b8c   0x00000060   Code   RO         1650    i.TIM4_IRQHandler   Axis12_V04.lib(puls.o)
    0x08051bec   0x08051bec   0x00000060   Code   RO         1651    i.TIM5_IRQHandler   Axis12_V04.lib(puls.o)
    0x08051c4c   0x08051c4c   0x0000005c   Code   RO         1980    i.TIM6_DAC_IRQHandler  Axis12_V04.lib(timer.o)
    0x08051ca8   0x08051ca8   0x00000044   Code   RO         1981    i.TIM6_Init         Axis12_V04.lib(timer.o)
    0x08051cec   0x08051cec   0x00000060   Code   RO         1652    i.TIM8_BRK_TIM12_IRQHandler  Axis12_V04.lib(puls.o)
    0x08051d4c   0x08051d4c   0x00000060   Code   RO         1653    i.TIM8_TRG_COM_TIM14_IRQHandler  Axis12_V04.lib(puls.o)
    0x08051dac   0x08051dac   0x000000b8   Code   RO         1654    i.TIM8_UP_TIM13_IRQHandler  Axis12_V04.lib(puls.o)
    0x08051e64   0x08051e64   0x00000440   Code   RO          515    i.Teach             teach.o
    0x080522a4   0x080522a4   0x00000154   Code   RO         1655    i.Tim_PWM_Init      Axis12_V04.lib(puls.o)
    0x080523f8   0x080523f8   0x00000044   Code   RO         2648    i.Triger            INTERLAYER_VER01_10_08.lib(tools.o)
    0x0805243c   0x0805243c   0x00000128   Code   RO          563    i.TwoAxMoveAbsUserUnit  usertool.o
    0x08052564   0x08052564   0x00000164   Code   RO          564    i.TwoAxMoveRelUserUnit  usertool.o
    0x080526c8   0x080526c8   0x0000007c   Code   RO         1261    i.UART4_IRQHandler  Axis12_V04.lib(usart.o)
    0x08052744   0x08052744   0x000000b0   Code   RO         1262    i.UART_DMA_cfg      Axis12_V04.lib(usart.o)
    0x080527f4   0x080527f4   0x00000054   Code   RO         1263    i.UART_GPIO_AF_set  Axis12_V04.lib(usart.o)
    0x08052848   0x08052848   0x00000060   Code   RO         1264    i.UART_GPIO_Init    Axis12_V04.lib(usart.o)
    0x080528a8   0x080528a8   0x000000a8   Code   RO         1265    i.UART_exeu         Axis12_V04.lib(usart.o)
    0x08052950   0x08052950   0x0000007c   Code   RO         1267    i.USART1_IRQHandler  Axis12_V04.lib(usart.o)
    0x080529cc   0x080529cc   0x00000074   Code   RO         1268    i.USART3_IRQHandler  Axis12_V04.lib(usart.o)
    0x08052a40   0x08052a40   0x00000026   Code   RO         7219    i.USBH_Alloc_Channel  Axis12_V04.lib(usbh_hcs.o)
    0x08052a66   0x08052a66   0x00000060   Code   RO         7268    i.USBH_BulkReceiveData  Axis12_V04.lib(usbh_ioreq.o)
    0x08052ac6   0x08052ac6   0x0000005e   Code   RO         7269    i.USBH_BulkSendData  Axis12_V04.lib(usbh_ioreq.o)
    0x08052b24   0x08052b24   0x0000004c   Code   RO         7347    i.USBH_ClrFeature   Axis12_V04.lib(usbh_stdreq.o)
    0x08052b70   0x08052b70   0x0000000c   Code   RO         5698    i.USBH_Connected    Axis12_V04.lib(usbh_core.o)
    0x08052b7c   0x08052b7c   0x00000046   Code   RO         7270    i.USBH_CtlReceiveData  Axis12_V04.lib(usbh_ioreq.o)
    0x08052bc2   0x08052bc2   0x00000064   Code   RO         7271    i.USBH_CtlReq       Axis12_V04.lib(usbh_ioreq.o)
    0x08052c26   0x08052c26   0x0000006e   Code   RO         7272    i.USBH_CtlSendData  Axis12_V04.lib(usbh_ioreq.o)
    0x08052c94   0x08052c94   0x00000042   Code   RO         7273    i.USBH_CtlSendSetup  Axis12_V04.lib(usbh_ioreq.o)
    0x08052cd6   0x08052cd6   0x0000001c   Code   RO         7220    i.USBH_DeAllocate_AllChannel  Axis12_V04.lib(usbh_hcs.o)
    0x08052cf2   0x08052cf2   0x0000003a   Code   RO         5699    i.USBH_DeInit       Axis12_V04.lib(usbh_core.o)
    0x08052d2c   0x08052d2c   0x0000000c   Code   RO         5700    i.USBH_Disconnected  Axis12_V04.lib(usbh_core.o)
    0x08052d38   0x08052d38   0x0000002e   Code   RO         5701    i.USBH_ErrorHandle  Axis12_V04.lib(usbh_core.o)
    0x08052d66   0x08052d66   0x0000001e   Code   RO         7221    i.USBH_Free_Channel  Axis12_V04.lib(usbh_hcs.o)
    0x08052d84   0x08052d84   0x00000044   Code   RO         7348    i.USBH_GetDescriptor  Axis12_V04.lib(usbh_stdreq.o)
    0x08052dc8   0x08052dc8   0x00000028   Code   RO         7222    i.USBH_GetFreeChannel  Axis12_V04.lib(usbh_hcs.o)
    0x08052df0   0x08052df0   0x00000012   Code   RO         7349    i.USBH_GetNextDesc  Axis12_V04.lib(usbh_stdreq.o)
    0x08052e02   0x08052e02   0x00000002   PAD
    0x08052e04   0x08052e04   0x0000005c   Code   RO         7350    i.USBH_Get_CfgDesc  Axis12_V04.lib(usbh_stdreq.o)
    0x08052e60   0x08052e60   0x00000038   Code   RO         7351    i.USBH_Get_DevDesc  Axis12_V04.lib(usbh_stdreq.o)
    0x08052e98   0x08052e98   0x0000003c   Code   RO         7352    i.USBH_Get_StringDesc  Axis12_V04.lib(usbh_stdreq.o)
    0x08052ed4   0x08052ed4   0x00000224   Code   RO         5702    i.USBH_HandleControl  Axis12_V04.lib(usbh_core.o)
    0x080530f8   0x080530f8   0x000001dc   Code   RO         5703    i.USBH_HandleEnum   Axis12_V04.lib(usbh_core.o)
    0x080532d4   0x080532d4   0x00000046   Code   RO         5704    i.USBH_Init         Axis12_V04.lib(usbh_core.o)
    0x0805331a   0x0805331a   0x00000024   Code   RO         5816    i.USBH_MSC_BOTReset  Axis12_V04.lib(usbh_msc_core.o)
    0x0805333e   0x0805333e   0x00000002   PAD
    0x08053340   0x08053340   0x00000060   Code   RO         5771    i.USBH_MSC_BOT_Abort  Axis12_V04.lib(usbh_msc_bot.o)
    0x080533a0   0x080533a0   0x00000014   Code   RO         5817    i.USBH_MSC_ClassRequest  Axis12_V04.lib(usbh_msc_core.o)
    0x080533b4   0x080533b4   0x00000080   Code   RO         5772    i.USBH_MSC_DecodeCSW  Axis12_V04.lib(usbh_msc_bot.o)
    0x08053434   0x08053434   0x00000044   Code   RO         5818    i.USBH_MSC_ErrorHandle  Axis12_V04.lib(usbh_msc_core.o)
    0x08053478   0x08053478   0x0000002c   Code   RO         5819    i.USBH_MSC_GETMaxLUN  Axis12_V04.lib(usbh_msc_core.o)
    0x080534a4   0x080534a4   0x000001a8   Code   RO         5820    i.USBH_MSC_Handle   Axis12_V04.lib(usbh_msc_core.o)
    0x0805364c   0x0805364c   0x00000350   Code   RO         5773    i.USBH_MSC_HandleBOTXfer  Axis12_V04.lib(usbh_msc_bot.o)
    0x0805399c   0x0805399c   0x00000044   Code   RO         5774    i.USBH_MSC_Init     Axis12_V04.lib(usbh_msc_bot.o)
    0x080539e0   0x080539e0   0x0000004c   Code   RO         5821    i.USBH_MSC_InterfaceDeInit  Axis12_V04.lib(usbh_msc_core.o)
    0x08053a2c   0x08053a2c   0x000000d0   Code   RO         5822    i.USBH_MSC_InterfaceInit  Axis12_V04.lib(usbh_msc_core.o)
    0x08053afc   0x08053afc   0x000000d0   Code   RO         5873    i.USBH_MSC_ModeSense6  Axis12_V04.lib(usbh_msc_scsi.o)
    0x08053bcc   0x08053bcc   0x00000100   Code   RO         5874    i.USBH_MSC_Read10   Axis12_V04.lib(usbh_msc_scsi.o)
    0x08053ccc   0x08053ccc   0x000000dc   Code   RO         5875    i.USBH_MSC_ReadCapacity10  Axis12_V04.lib(usbh_msc_scsi.o)
    0x08053da8   0x08053da8   0x000000e0   Code   RO         5876    i.USBH_MSC_RequestSense  Axis12_V04.lib(usbh_msc_scsi.o)
    0x08053e88   0x08053e88   0x000000b0   Code   RO         5877    i.USBH_MSC_TestUnitReady  Axis12_V04.lib(usbh_msc_scsi.o)
    0x08053f38   0x08053f38   0x000000e4   Code   RO         5878    i.USBH_MSC_Write10  Axis12_V04.lib(usbh_msc_scsi.o)
    0x0805401c   0x0805401c   0x00000064   Code   RO         7223    i.USBH_Modify_Channel  Axis12_V04.lib(usbh_hcs.o)
    0x08054080   0x08054080   0x000000a8   Code   RO         5628    i.USBH_OTG_ISR_Handler  Axis12_V04.lib(usb_hcd_int.o)
    0x08054128   0x08054128   0x0000009a   Code   RO         7224    i.USBH_Open_Channel  Axis12_V04.lib(usbh_hcs.o)
    0x080541c2   0x080541c2   0x00000002   PAD
    0x080541c4   0x080541c4   0x00000120   Code   RO         7353    i.USBH_ParseCfgDesc  Axis12_V04.lib(usbh_stdreq.o)
    0x080542e4   0x080542e4   0x00000058   Code   RO         7354    i.USBH_ParseDevDesc  Axis12_V04.lib(usbh_stdreq.o)
    0x0805433c   0x0805433c   0x00000020   Code   RO         7355    i.USBH_ParseEPDesc  Axis12_V04.lib(usbh_stdreq.o)
    0x0805435c   0x0805435c   0x00000026   Code   RO         7356    i.USBH_ParseInterfaceDesc  Axis12_V04.lib(usbh_stdreq.o)
    0x08054382   0x08054382   0x00000036   Code   RO         7357    i.USBH_ParseStringDesc  Axis12_V04.lib(usbh_stdreq.o)
    0x080543b8   0x080543b8   0x000001a8   Code   RO         5705    i.USBH_Process      Axis12_V04.lib(usbh_core.o)
    0x08054560   0x08054560   0x00000006   Code   RO         5706    i.USBH_SOF          Axis12_V04.lib(usbh_core.o)
    0x08054566   0x08054566   0x00000026   Code   RO         7358    i.USBH_SetAddress   Axis12_V04.lib(usbh_stdreq.o)
    0x0805458c   0x0805458c   0x00000026   Code   RO         7359    i.USBH_SetCfg       Axis12_V04.lib(usbh_stdreq.o)
    0x080545b2   0x080545b2   0x00000018   Code   RO         7278    i.USBH_SubmitSetupRequest  Axis12_V04.lib(usbh_ioreq.o)
    0x080545ca   0x080545ca   0x00000002   PAD
    0x080545cc   0x080545cc   0x00000060   Code   RO         4428    i.USBH_UDISK_Read   Axis12_V04.lib(usbh_usr.o)
    0x0805462c   0x0805462c   0x00000010   Code   RO         4429    i.USBH_UDISK_Status  Axis12_V04.lib(usbh_usr.o)
    0x0805463c   0x0805463c   0x00000060   Code   RO         4430    i.USBH_UDISK_Write  Axis12_V04.lib(usbh_usr.o)
    0x0805469c   0x0805469c   0x0000004c   Code   RO         4431    i.USBH_USR_Configuration_DescAvailable  Axis12_V04.lib(usbh_usr.o)
    0x080546e8   0x080546e8   0x0000000c   Code   RO         4432    i.USBH_USR_DeInit   Axis12_V04.lib(usbh_usr.o)
    0x080546f4   0x080546f4   0x00000020   Code   RO         4433    i.USBH_USR_DeviceAddressAssigned  Axis12_V04.lib(usbh_usr.o)
    0x08054714   0x08054714   0x00000024   Code   RO         4434    i.USBH_USR_DeviceAttached  Axis12_V04.lib(usbh_usr.o)
    0x08054738   0x08054738   0x0000001c   Code   RO         4435    i.USBH_USR_DeviceDisconnected  Axis12_V04.lib(usbh_usr.o)
    0x08054754   0x08054754   0x00000024   Code   RO         4436    i.USBH_USR_DeviceNotSupported  Axis12_V04.lib(usbh_usr.o)
    0x08054778   0x08054778   0x00000078   Code   RO         4437    i.USBH_USR_DeviceSpeedDetected  Axis12_V04.lib(usbh_usr.o)
    0x080547f0   0x080547f0   0x00000038   Code   RO         4438    i.USBH_USR_Device_DescAvailable  Axis12_V04.lib(usbh_usr.o)
    0x08054828   0x08054828   0x00000020   Code   RO         4439    i.USBH_USR_EnumerationDone  Axis12_V04.lib(usbh_usr.o)
    0x08054848   0x08054848   0x00000070   Code   RO         4440    i.USBH_USR_Init     Axis12_V04.lib(usbh_usr.o)
    0x080548b8   0x080548b8   0x00000054   Code   RO         4441    i.USBH_USR_MSC_Application  Axis12_V04.lib(usbh_usr.o)
    0x0805490c   0x0805490c   0x00000024   Code   RO         4442    i.USBH_USR_Manufacturer_String  Axis12_V04.lib(usbh_usr.o)
    0x08054930   0x08054930   0x00000020   Code   RO         4443    i.USBH_USR_OverCurrentDetected  Axis12_V04.lib(usbh_usr.o)
    0x08054950   0x08054950   0x00000020   Code   RO         4444    i.USBH_USR_Product_String  Axis12_V04.lib(usbh_usr.o)
    0x08054970   0x08054970   0x0000001c   Code   RO         4445    i.USBH_USR_ResetDevice  Axis12_V04.lib(usbh_usr.o)
    0x0805498c   0x0805498c   0x00000024   Code   RO         4446    i.USBH_USR_SerialNum_String  Axis12_V04.lib(usbh_usr.o)
    0x080549b0   0x080549b0   0x00000024   Code   RO         4447    i.USBH_USR_UnrecoveredError  Axis12_V04.lib(usbh_usr.o)
    0x080549d4   0x080549d4   0x00000020   Code   RO         4448    i.USBH_USR_UserInput  Axis12_V04.lib(usbh_usr.o)
    0x080549f4   0x080549f4   0x00000030   Code   RO         2037    i.USBH_User_App     Axis12_V04.lib(usb_mass.o)
    0x08054a24   0x08054a24   0x0000000c   Code   RO         2038    i.USB_Mass_Init     Axis12_V04.lib(usb_mass.o)
    0x08054a30   0x08054a30   0x00000058   Code   RO         2039    i.USB_Mass_exec     Axis12_V04.lib(usb_mass.o)
    0x08054a88   0x08054a88   0x00000002   Code   RO         4269    i.USB_OTG_BSP_ConfigVBUS  Axis12_V04.lib(usb_bsp.o)
    0x08054a8a   0x08054a8a   0x00000002   Code   RO         4271    i.USB_OTG_BSP_DriveVBUS  Axis12_V04.lib(usb_bsp.o)
    0x08054a8c   0x08054a8c   0x00000012   Code   RO         4272    i.USB_OTG_BSP_EnableInterrupt  Axis12_V04.lib(usb_bsp.o)
    0x08054a9e   0x08054a9e   0x00000002   PAD
    0x08054aa0   0x08054aa0   0x00000050   Code   RO         4273    i.USB_OTG_BSP_Init  Axis12_V04.lib(usb_bsp.o)
    0x08054af0   0x08054af0   0x0000000c   Code   RO         4274    i.USB_OTG_BSP_mDelay  Axis12_V04.lib(usb_bsp.o)
    0x08054afc   0x08054afc   0x0000000c   Code   RO         4275    i.USB_OTG_BSP_mDelay2  Axis12_V04.lib(usb_bsp.o)
    0x08054b08   0x08054b08   0x0000000c   Code   RO         4276    i.USB_OTG_BSP_uDelay  Axis12_V04.lib(usb_bsp.o)
    0x08054b14   0x08054b14   0x00000126   Code   RO         7033    i.USB_OTG_CoreInit  Axis12_V04.lib(usb_core.o)
    0x08054c3a   0x08054c3a   0x000000d6   Code   RO         7034    i.USB_OTG_CoreInitHost  Axis12_V04.lib(usb_core.o)
    0x08054d10   0x08054d10   0x00000070   Code   RO         7035    i.USB_OTG_CoreReset  Axis12_V04.lib(usb_core.o)
    0x08054d80   0x08054d80   0x00000022   Code   RO         7036    i.USB_OTG_DisableGlobalInt  Axis12_V04.lib(usb_core.o)
    0x08054da2   0x08054da2   0x0000005c   Code   RO         7037    i.USB_OTG_DriveVbus  Axis12_V04.lib(usb_core.o)
    0x08054dfe   0x08054dfe   0x00000034   Code   RO         7038    i.USB_OTG_EnableCommonInt  Axis12_V04.lib(usb_core.o)
    0x08054e32   0x08054e32   0x00000022   Code   RO         7039    i.USB_OTG_EnableGlobalInt  Axis12_V04.lib(usb_core.o)
    0x08054e54   0x08054e54   0x00000074   Code   RO         7040    i.USB_OTG_EnableHostInt  Axis12_V04.lib(usb_core.o)
    0x08054ec8   0x08054ec8   0x0000004c   Code   RO         7041    i.USB_OTG_FlushRxFifo  Axis12_V04.lib(usb_core.o)
    0x08054f14   0x08054f14   0x00000054   Code   RO         7042    i.USB_OTG_FlushTxFifo  Axis12_V04.lib(usb_core.o)
    0x08054f68   0x08054f68   0x0000000c   Code   RO         7043    i.USB_OTG_GetMode   Axis12_V04.lib(usb_core.o)
    0x08054f74   0x08054f74   0x0000005a   Code   RO         7044    i.USB_OTG_HC_DoPing  Axis12_V04.lib(usb_core.o)
    0x08054fce   0x08054fce   0x00000082   Code   RO         7045    i.USB_OTG_HC_Halt   Axis12_V04.lib(usb_core.o)
    0x08055050   0x08055050   0x00000238   Code   RO         7046    i.USB_OTG_HC_Init   Axis12_V04.lib(usb_core.o)
    0x08055288   0x08055288   0x000001f6   Code   RO         7047    i.USB_OTG_HC_StartXfer  Axis12_V04.lib(usb_core.o)
    0x0805547e   0x0805547e   0x00000002   PAD
    0x08055480   0x08055480   0x00000024   Code   RO         4277    i.USB_OTG_Init      Axis12_V04.lib(usb_bsp.o)
    0x080554a4   0x080554a4   0x00000018   Code   RO         7048    i.USB_OTG_InitFSLSPClkSel  Axis12_V04.lib(usb_core.o)
    0x080554bc   0x080554bc   0x00000010   Code   RO         7050    i.USB_OTG_IsEvenFrame  Axis12_V04.lib(usb_core.o)
    0x080554cc   0x080554cc   0x00000014   Code   RO         7051    i.USB_OTG_IsHostMode  Axis12_V04.lib(usb_core.o)
    0x080554e0   0x080554e0   0x00000010   Code   RO         7052    i.USB_OTG_ReadCoreItr  Axis12_V04.lib(usb_core.o)
    0x080554f0   0x080554f0   0x00000030   Code   RO         7053    i.USB_OTG_ReadHPRT0  Axis12_V04.lib(usb_core.o)
    0x08055520   0x08055520   0x00000008   Code   RO         7054    i.USB_OTG_ReadHostAllChannels_intr  Axis12_V04.lib(usb_core.o)
    0x08055528   0x08055528   0x00000028   Code   RO         7056    i.USB_OTG_ReadPacket  Axis12_V04.lib(usb_core.o)
    0x08055550   0x08055550   0x00000040   Code   RO         7057    i.USB_OTG_ResetPort  Axis12_V04.lib(usb_core.o)
    0x08055590   0x08055590   0x000000d0   Code   RO         7058    i.USB_OTG_SelectCore  Axis12_V04.lib(usb_core.o)
    0x08055660   0x08055660   0x0000004e   Code   RO         7059    i.USB_OTG_SetCurrentMode  Axis12_V04.lib(usb_core.o)
    0x080556ae   0x080556ae   0x00000002   PAD
    0x080556b0   0x080556b0   0x0000002c   Code   RO         5629    i.USB_OTG_USBH_handle_Disconnect_ISR  Axis12_V04.lib(usb_hcd_int.o)
    0x080556dc   0x080556dc   0x00000046   Code   RO         5630    i.USB_OTG_USBH_handle_IncompletePeriodicXfer_ISR  Axis12_V04.lib(usb_hcd_int.o)
    0x08055722   0x08055722   0x00000056   Code   RO         5631    i.USB_OTG_USBH_handle_hc_ISR  Axis12_V04.lib(usb_hcd_int.o)
    0x08055778   0x08055778   0x0000042a   Code   RO         5632    i.USB_OTG_USBH_handle_hc_n_In_ISR  Axis12_V04.lib(usb_hcd_int.o)
    0x08055ba2   0x08055ba2   0x000003d0   Code   RO         5633    i.USB_OTG_USBH_handle_hc_n_Out_ISR  Axis12_V04.lib(usb_hcd_int.o)
    0x08055f72   0x08055f72   0x0000012e   Code   RO         5634    i.USB_OTG_USBH_handle_nptxfempty_ISR  Axis12_V04.lib(usb_hcd_int.o)
    0x080560a0   0x080560a0   0x00000120   Code   RO         5635    i.USB_OTG_USBH_handle_port_ISR  Axis12_V04.lib(usb_hcd_int.o)
    0x080561c0   0x080561c0   0x0000012e   Code   RO         5636    i.USB_OTG_USBH_handle_ptxfempty_ISR  Axis12_V04.lib(usb_hcd_int.o)
    0x080562ee   0x080562ee   0x00000164   Code   RO         5637    i.USB_OTG_USBH_handle_rx_qlvl_ISR  Axis12_V04.lib(usb_hcd_int.o)
    0x08056452   0x08056452   0x00000002   PAD
    0x08056454   0x08056454   0x0000002c   Code   RO         5638    i.USB_OTG_USBH_handle_sof_ISR  Axis12_V04.lib(usb_hcd_int.o)
    0x08056480   0x08056480   0x00000040   Code   RO         7061    i.USB_OTG_WritePacket  Axis12_V04.lib(usb_core.o)
    0x080564c0   0x080564c0   0x00000014   Code   RO         4278    i.USB_Process       Axis12_V04.lib(usb_bsp.o)
    0x080564d4   0x080564d4   0x00000184   Code   RO         1269    i.Uart_Init         Axis12_V04.lib(usart.o)
    0x08056658   0x08056658   0x00000022   Code   RO         3149    i.Uart_MYDMA_Enable  Axis12_V04.lib(dma.o)
    0x0805667a   0x0805667a   0x00000002   PAD
    0x0805667c   0x0805667c   0x00000050   Code   RO         1270    i.Uart_Recv         Axis12_V04.lib(usart.o)
    0x080566cc   0x080566cc   0x0000006c   Code   RO         1271    i.Uart_Send         Axis12_V04.lib(usart.o)
    0x08056738   0x08056738   0x00000002   Code   RO          239    i.UnfeedPaper       logic.o
    0x0805673a   0x0805673a   0x00000002   PAD
    0x0805673c   0x0805673c   0x00000288   Code   RO          240    i.UnfeedProduct     logic.o
    0x080569c4   0x080569c4   0x00000020   Code   RO          565    i.UserGetOutput     usertool.o
    0x080569e4   0x080569e4   0x0000000c   Code   RO          566    i.UserGetStatus     usertool.o
    0x080569f0   0x080569f0   0x0000001e   Code   RO          567    i.UserGoHome        usertool.o
    0x08056a0e   0x08056a0e   0x00000026   Code   RO          568    i.UserOutputSet     usertool.o
    0x08056a34   0x08056a34   0x0000001c   Code   RO          569    i.UserUnitToPulse   usertool.o
    0x08056a50   0x08056a50   0x00000012   Code   RO          570    i.WordToBit         usertool.o
    0x08056a62   0x08056a62   0x0000002e   Code   RO          853    i.WriteUnitVal      can_master.lib(can_net.o)
    0x08056a90   0x08056a90   0x00000090   Code   RO          241    i.ZProtect          logic.o
    0x08056b20   0x08056b20   0x0000000e   Code   RO         7525    i._is_digit         c_w.l(__printf_wp.o)
    0x08056b2e   0x08056b2e   0x00000004   Code   RO         1272    i._sys_exit         Axis12_V04.lib(usart.o)
    0x08056b32   0x08056b32   0x00000020   Code   RO           78    i.bsp_exec          bsp_config.o
    0x08056b52   0x08056b52   0x00000002   PAD
    0x08056b54   0x08056b54   0x000000a0   Code   RO           79    i.bsp_init          bsp_config.o
    0x08056bf4   0x08056bf4   0x00000124   Code   RO          854    i.can_netLoop       can_master.lib(can_net.o)
    0x08056d18   0x08056d18   0x00000090   Code   RO         3837    i.check_fs          Axis12_V04.lib(ff.o)
    0x08056da8   0x08056da8   0x00000014   Code   RO         3838    i.chk_chr           Axis12_V04.lib(ff.o)
    0x08056dbc   0x08056dbc   0x00000032   Code   RO         3839    i.clmt_clust        Axis12_V04.lib(ff.o)
    0x08056dee   0x08056dee   0x0000001a   Code   RO         3840    i.clust2sect        Axis12_V04.lib(ff.o)
    0x08056e08   0x08056e08   0x00000090   Code   RO         3841    i.cmp_lfn           Axis12_V04.lib(ff.o)
    0x08056e98   0x08056e98   0x00000012   Code   RO         5961    i.convert_from_bytes_to_power_of_two  Axis12_V04.lib(sdio_sdcard.o)
    0x08056eaa   0x08056eaa   0x00000002   PAD
    0x08056eac   0x08056eac   0x00000038   Code   RO         4582    i.crc16             INTERLAYER_VER01_10_08.lib(crc16.o)
    0x08056ee4   0x08056ee4   0x000000d6   Code   RO         3842    i.create_chain      Axis12_V04.lib(ff.o)
    0x08056fba   0x08056fba   0x00000002   PAD
    0x08056fbc   0x08056fbc   0x00000270   Code   RO         3843    i.create_name       Axis12_V04.lib(ff.o)
    0x0805722c   0x0805722c   0x00000040   Code   RO         3102    i.delay_init        Axis12_V04.lib(delay.o)
    0x0805726c   0x0805726c   0x00000038   Code   RO         3103    i.delay_ms          Axis12_V04.lib(delay.o)
    0x080572a4   0x080572a4   0x0000003c   Code   RO         3104    i.delay_us          Axis12_V04.lib(delay.o)
    0x080572e0   0x080572e0   0x0000003c   Code   RO         3105    i.delay_xms         Axis12_V04.lib(delay.o)
    0x0805731c   0x0805731c   0x0000005c   Code   RO         3844    i.dir_alloc         Axis12_V04.lib(ff.o)
    0x08057378   0x08057378   0x000000ea   Code   RO         3845    i.dir_find          Axis12_V04.lib(ff.o)
    0x08057462   0x08057462   0x00000110   Code   RO         3846    i.dir_next          Axis12_V04.lib(ff.o)
    0x08057572   0x08057572   0x000000c4   Code   RO         3847    i.dir_read          Axis12_V04.lib(ff.o)
    0x08057636   0x08057636   0x0000012a   Code   RO         3848    i.dir_register      Axis12_V04.lib(ff.o)
    0x08057760   0x08057760   0x0000006a   Code   RO         3849    i.dir_remove        Axis12_V04.lib(ff.o)
    0x080577ca   0x080577ca   0x0000009e   Code   RO         3850    i.dir_sdi           Axis12_V04.lib(ff.o)
    0x08057868   0x08057868   0x00000034   Code   RO         5456    i.disk_initialize   Axis12_V04.lib(diskio.o)
    0x0805789c   0x0805789c   0x0000006c   Code   RO         5457    i.disk_ioctl        Axis12_V04.lib(diskio.o)
    0x08057908   0x08057908   0x0000008c   Code   RO         5458    i.disk_read         Axis12_V04.lib(diskio.o)
    0x08057994   0x08057994   0x00000006   Code   RO         5459    i.disk_status       Axis12_V04.lib(diskio.o)
    0x0805799a   0x0805799a   0x00000002   PAD
    0x0805799c   0x0805799c   0x0000008c   Code   RO         5460    i.disk_write        Axis12_V04.lib(diskio.o)
    0x08057a28   0x08057a28   0x00000198   Code   RO         4683    i.etharp_arp_input  Axis12_V04.lib(etharp.o)
    0x08057bc0   0x08057bc0   0x000002d4   Code   RO         4686    i.etharp_find_entry  Axis12_V04.lib(etharp.o)
    0x08057e94   0x08057e94   0x00000040   Code   RO         4687    i.etharp_free_entry  Axis12_V04.lib(etharp.o)
    0x08057ed4   0x08057ed4   0x00000204   Code   RO         4688    i.etharp_output     Axis12_V04.lib(etharp.o)
    0x080580d8   0x080580d8   0x00000114   Code   RO         4689    i.etharp_output_to_arp_index  Axis12_V04.lib(etharp.o)
    0x080581ec   0x080581ec   0x00000260   Code   RO         4690    i.etharp_query      Axis12_V04.lib(etharp.o)
    0x0805844c   0x0805844c   0x00000194   Code   RO         4691    i.etharp_raw        Axis12_V04.lib(etharp.o)
    0x080585e0   0x080585e0   0x0000002c   Code   RO         4692    i.etharp_request    Axis12_V04.lib(etharp.o)
    0x0805860c   0x0805860c   0x000000ac   Code   RO         4693    i.etharp_send_ip    Axis12_V04.lib(etharp.o)
    0x080586b8   0x080586b8   0x0000008c   Code   RO         4694    i.etharp_tmr        Axis12_V04.lib(etharp.o)
    0x08058744   0x08058744   0x0000014c   Code   RO         4695    i.etharp_update_arp_entry  Axis12_V04.lib(etharp.o)
    0x08058890   0x08058890   0x00000140   Code   RO         4696    i.ethernet_input    Axis12_V04.lib(etharp.o)
    0x080589d0   0x080589d0   0x000000a4   Code   RO         4783    i.ethernetif_init   Axis12_V04.lib(ethernetif.o)
    0x08058a74   0x08058a74   0x0000002c   Code   RO         4784    i.ethernetif_input  Axis12_V04.lib(ethernetif.o)
    0x08058aa0   0x08058aa0   0x0000005c   Code   RO          136    i.ex_inputupdata    interlayer.o
    0x08058afc   0x08058afc   0x0000005c   Code   RO          137    i.ex_outputstatusupdata  interlayer.o
    0x08058b58   0x08058b58   0x0000004c   Code   RO          138    i.ex_outputupdata   interlayer.o
    0x08058ba4   0x08058ba4   0x0000004a   Code   RO         4193    i.exf_getfree       Axis12_V04.lib(exfuns.o)
    0x08058bee   0x08058bee   0x00000002   PAD
    0x08058bf0   0x08058bf0   0x00000084   Code   RO         4194    i.exfuns_init       Axis12_V04.lib(exfuns.o)
    0x08058c74   0x08058c74   0x00000024   Code   RO         3852    i.f_close           Axis12_V04.lib(ff.o)
    0x08058c98   0x08058c98   0x00000102   Code   RO         3854    i.f_getfree         Axis12_V04.lib(ff.o)
    0x08058d9a   0x08058d9a   0x0000028e   Code   RO         3857    i.f_lseek           Axis12_V04.lib(ff.o)
    0x08059028   0x08059028   0x0000005c   Code   RO         3860    i.f_mount           Axis12_V04.lib(ff.o)
    0x08059084   0x08059084   0x00000180   Code   RO         3861    i.f_open            Axis12_V04.lib(ff.o)
    0x08059204   0x08059204   0x00000088   Code   RO         3862    i.f_opendir         Axis12_V04.lib(ff.o)
    0x0805928c   0x0805928c   0x000001b0   Code   RO         3866    i.f_read            Axis12_V04.lib(ff.o)
    0x0805943c   0x0805943c   0x00000072   Code   RO         3867    i.f_readdir         Axis12_V04.lib(ff.o)
    0x080594ae   0x080594ae   0x000000b0   Code   RO         3871    i.f_sync            Axis12_V04.lib(ff.o)
    0x0805955e   0x0805955e   0x000000c2   Code   RO         3873    i.f_unlink          Axis12_V04.lib(ff.o)
    0x08059620   0x08059620   0x000001ea   Code   RO         3875    i.f_write           Axis12_V04.lib(ff.o)
    0x0805980a   0x0805980a   0x00000002   PAD
    0x0805980c   0x0805980c   0x00000074   Code   RO         5523    i.ff_convert        Axis12_V04.lib(cc936.o)
    0x08059880   0x08059880   0x0000000e   Code   RO         5461    i.ff_memalloc       Axis12_V04.lib(diskio.o)
    0x0805988e   0x0805988e   0x0000000e   Code   RO         5462    i.ff_memfree        Axis12_V04.lib(diskio.o)
    0x0805989c   0x0805989c   0x00000038   Code   RO         5524    i.ff_wtoupper       Axis12_V04.lib(cc936.o)
    0x080598d4   0x080598d4   0x000000b4   Code   RO         2103    i.file_Scan         Axis12_V04.lib(file.o)
    0x08059988   0x08059988   0x00000388   Code   RO         3876    i.find_volume       Axis12_V04.lib(ff.o)
    0x08059d10   0x08059d10   0x00000080   Code   RO         3877    i.fit_lfn           Axis12_V04.lib(ff.o)
    0x08059d90   0x08059d90   0x00000090   Code   RO         3878    i.follow_path       Axis12_V04.lib(ff.o)
    0x08059e20   0x08059e20   0x00000002   Code   RO         1273    i.fputc             Axis12_V04.lib(usart.o)
    0x08059e22   0x08059e22   0x00000002   PAD
    0x08059e24   0x08059e24   0x000000c8   Code   RO         3879    i.gen_numname       Axis12_V04.lib(ff.o)
    0x08059eec   0x08059eec   0x000000e8   Code   RO         3880    i.get_fat           Axis12_V04.lib(ff.o)
    0x08059fd4   0x08059fd4   0x0000004c   Code   RO         5463    i.get_fattime       Axis12_V04.lib(diskio.o)
    0x0805a020   0x0805a020   0x0000010c   Code   RO         3881    i.get_fileinfo      Axis12_V04.lib(ff.o)
    0x0805a12c   0x0805a12c   0x0000004a   Code   RO         3882    i.get_ldnumber      Axis12_V04.lib(ff.o)
    0x0805a176   0x0805a176   0x00000002   PAD
    0x0805a178   0x0805a178   0x000007c8   Code   RO         1527    i.gp_io_init        Axis12_V04.lib(gpio.o)
    0x0805a940   0x0805a940   0x00000012   Code   RO         4844    i.icmp_dest_unreach  Axis12_V04.lib(icmp.o)
    0x0805a952   0x0805a952   0x00000002   PAD
    0x0805a954   0x0805a954   0x0000030c   Code   RO         4845    i.icmp_input        Axis12_V04.lib(icmp.o)
    0x0805ac60   0x0805ac60   0x00000108   Code   RO         4846    i.icmp_send_response  Axis12_V04.lib(icmp.o)
    0x0805ad68   0x0805ad68   0x00000012   Code   RO         4847    i.icmp_time_exceeded  Axis12_V04.lib(icmp.o)
    0x0805ad7a   0x0805ad7a   0x00000014   Code   RO         6141    i.inet_chksum       Axis12_V04.lib(inet_chksum.o)
    0x0805ad8e   0x0805ad8e   0x00000056   Code   RO         6142    i.inet_chksum_pbuf  Axis12_V04.lib(inet_chksum.o)
    0x0805ade4   0x0805ade4   0x00000040   Code   RO         2530    i.init_config       INTERLAYER_VER01_10_08.lib(int_config.o)
    0x0805ae24   0x0805ae24   0x0000004e   Code   RO         3571    i.ip4_addr_isbroadcast  Axis12_V04.lib(ip_addr.o)
    0x0805ae72   0x0805ae72   0x00000002   PAD
    0x0805ae74   0x0805ae74   0x0000023c   Code   RO         6183    i.ip_frag           Axis12_V04.lib(ip_frag.o)
    0x0805b0b0   0x0805b0b0   0x0000000a   Code   RO         6184    i.ip_frag_alloc_pbuf_custom_ref  Axis12_V04.lib(ip_frag.o)
    0x0805b0ba   0x0805b0ba   0x00000002   PAD
    0x0805b0bc   0x0805b0bc   0x0000008c   Code   RO         6185    i.ip_frag_free_pbuf_custom_ref  Axis12_V04.lib(ip_frag.o)
    0x0805b148   0x0805b148   0x0000018c   Code   RO         4873    i.ip_input          Axis12_V04.lib(ip.o)
    0x0805b2d4   0x0805b2d4   0x000000b0   Code   RO         4874    i.ip_output         Axis12_V04.lib(ip.o)
    0x0805b384   0x0805b384   0x00000184   Code   RO         4875    i.ip_output_if      Axis12_V04.lib(ip.o)
    0x0805b508   0x0805b508   0x0000018c   Code   RO         6186    i.ip_reass          Axis12_V04.lib(ip_frag.o)
    0x0805b694   0x0805b694   0x00000310   Code   RO         6187    i.ip_reass_chain_frag_into_datagram_and_validate  Axis12_V04.lib(ip_frag.o)
    0x0805b9a4   0x0805b9a4   0x000000b8   Code   RO         6188    i.ip_reass_dequeue_datagram  Axis12_V04.lib(ip_frag.o)
    0x0805ba5c   0x0805ba5c   0x00000054   Code   RO         6189    i.ip_reass_enqueue_new_datagram  Axis12_V04.lib(ip_frag.o)
    0x0805bab0   0x0805bab0   0x000001cc   Code   RO         6190    i.ip_reass_free_complete_datagram  Axis12_V04.lib(ip_frag.o)
    0x0805bc7c   0x0805bc7c   0x0000007c   Code   RO         6191    i.ip_reass_remove_oldest_datagram  Axis12_V04.lib(ip_frag.o)
    0x0805bcf8   0x0805bcf8   0x00000054   Code   RO         4876    i.ip_route          Axis12_V04.lib(ip.o)
    0x0805bd4c   0x0805bd4c   0x000000bc   Code   RO         6193    i.ipfrag_free_pbuf_custom  Axis12_V04.lib(ip_frag.o)
    0x0805be08   0x0805be08   0x00000034   Code   RO          139    i.joghome           interlayer.o
    0x0805be3c   0x0805be3c   0x0000000c   Code   RO          140    i.jogstop           interlayer.o
    0x0805be48   0x0805be48   0x00000020   Code   RO         3883    i.ld_clust          Axis12_V04.lib(ff.o)
    0x0805be68   0x0805be68   0x000000a4   Code   RO         4785    i.low_level_init    Axis12_V04.lib(ethernetif.o)
    0x0805bf0c   0x0805bf0c   0x00000074   Code   RO         4786    i.low_level_input   Axis12_V04.lib(ethernetif.o)
    0x0805bf80   0x0805bf80   0x0000003e   Code   RO         4787    i.low_level_output  Axis12_V04.lib(ethernetif.o)
    0x0805bfbe   0x0805bfbe   0x00000002   PAD
    0x0805bfc0   0x0805bfc0   0x00000090   Code   RO         3464    i.lwip_comm_default_ip_set  Axis12_V04.lib(lwip_comm.o)
    0x0805c050   0x0805c050   0x000001f0   Code   RO         3465    i.lwip_comm_init    Axis12_V04.lib(lwip_comm.o)
    0x0805c240   0x0805c240   0x00000020   Code   RO         3466    i.lwip_comm_mem_free  Axis12_V04.lib(lwip_comm.o)
    0x0805c260   0x0805c260   0x00000070   Code   RO         3467    i.lwip_comm_mem_malloc  Axis12_V04.lib(lwip_comm.o)
    0x0805c2d0   0x0805c2d0   0x0000001a   Code   RO         4922    i.lwip_htonl        Axis12_V04.lib(def.o)
    0x0805c2ea   0x0805c2ea   0x0000000c   Code   RO         4923    i.lwip_htons        Axis12_V04.lib(def.o)
    0x0805c2f6   0x0805c2f6   0x0000000c   Code   RO         4924    i.lwip_ntohl        Axis12_V04.lib(def.o)
    0x0805c302   0x0805c302   0x0000000c   Code   RO         4925    i.lwip_ntohs        Axis12_V04.lib(def.o)
    0x0805c30e   0x0805c30e   0x00000002   PAD
    0x0805c310   0x0805c310   0x00000010   Code   RO         3468    i.lwip_packet_handler  Axis12_V04.lib(lwip_comm.o)
    0x0805c320   0x0805c320   0x00000048   Code   RO         3469    i.lwip_periodic_handle  Axis12_V04.lib(lwip_comm.o)
    0x0805c368   0x0805c368   0x0000005e   Code   RO         6145    i.lwip_standard_chksum  Axis12_V04.lib(inet_chksum.o)
    0x0805c3c6   0x0805c3c6   0x00000002   PAD
    0x0805c3c8   0x0805c3c8   0x00000098   Code   RO          463    i.main              main.o
    0x0805c460   0x0805c460   0x00000026   Code   RO         3884    i.mem_cmp           Axis12_V04.lib(ff.o)
    0x0805c486   0x0805c486   0x0000001a   Code   RO         3885    i.mem_cpy           Axis12_V04.lib(ff.o)
    0x0805c4a0   0x0805c4a0   0x00000140   Code   RO         4953    i.mem_free          Axis12_V04.lib(mem.o)
    0x0805c5e0   0x0805c5e0   0x00000060   Code   RO         4954    i.mem_init          Axis12_V04.lib(mem.o)
    0x0805c640   0x0805c640   0x0000026c   Code   RO         4955    i.mem_malloc        Axis12_V04.lib(mem.o)
    0x0805c8ac   0x0805c8ac   0x00000014   Code   RO         3886    i.mem_set           Axis12_V04.lib(ff.o)
    0x0805c8c0   0x0805c8c0   0x000001c8   Code   RO         4956    i.mem_trim          Axis12_V04.lib(mem.o)
    0x0805ca88   0x0805ca88   0x000000b0   Code   RO         4996    i.memp_free         Axis12_V04.lib(memp.o)
    0x0805cb38   0x0805cb38   0x00000008   Code   RO         4997    i.memp_get_memorysize  Axis12_V04.lib(memp.o)
    0x0805cb40   0x0805cb40   0x00000068   Code   RO         4998    i.memp_init         Axis12_V04.lib(memp.o)
    0x0805cba8   0x0805cba8   0x000000f0   Code   RO         4999    i.memp_malloc       Axis12_V04.lib(memp.o)
    0x0805cc98   0x0805cc98   0x00000032   Code   RO         3887    i.move_window       Axis12_V04.lib(ff.o)
    0x0805ccca   0x0805ccca   0x00000002   PAD
    0x0805cccc   0x0805cccc   0x00000024   Code   RO         1117    i.my_Sys_Soft_Reset  Axis12_V04.lib(sys.o)
    0x0805ccf0   0x0805ccf0   0x0000006c   Code   RO         3208    i.my_mem_free       Axis12_V04.lib(malloc.o)
    0x0805cd5c   0x0805cd5c   0x00000044   Code   RO         3209    i.my_mem_init       Axis12_V04.lib(malloc.o)
    0x0805cda0   0x0805cda0   0x000000a8   Code   RO         3210    i.my_mem_malloc     Axis12_V04.lib(malloc.o)
    0x0805ce48   0x0805ce48   0x00000040   Code   RO         3211    i.my_mem_perused    Axis12_V04.lib(malloc.o)
    0x0805ce88   0x0805ce88   0x00000024   Code   RO         3212    i.myfree            Axis12_V04.lib(malloc.o)
    0x0805ceac   0x0805ceac   0x00000028   Code   RO         3213    i.mymalloc          Axis12_V04.lib(malloc.o)
    0x0805ced4   0x0805ced4   0x00000014   Code   RO         3215    i.mymemset          Axis12_V04.lib(malloc.o)
    0x0805cee8   0x0805cee8   0x000000e8   Code   RO         5052    i.netif_add         Axis12_V04.lib(netif.o)
    0x0805cfd0   0x0805cfd0   0x00000028   Code   RO         5056    i.netif_set_addr    Axis12_V04.lib(netif.o)
    0x0805cff8   0x0805cff8   0x0000000c   Code   RO         5057    i.netif_set_default  Axis12_V04.lib(netif.o)
    0x0805d004   0x0805d004   0x0000000c   Code   RO         5059    i.netif_set_gw      Axis12_V04.lib(netif.o)
    0x0805d010   0x0805d010   0x00000078   Code   RO         5060    i.netif_set_ipaddr  Axis12_V04.lib(netif.o)
    0x0805d088   0x0805d088   0x0000000c   Code   RO         5063    i.netif_set_netmask  Axis12_V04.lib(netif.o)
    0x0805d094   0x0805d094   0x00000036   Code   RO         5064    i.netif_set_up      Axis12_V04.lib(netif.o)
    0x0805d0ca   0x0805d0ca   0x00000002   PAD
    0x0805d0cc   0x0805d0cc   0x00000410   Code   RO         3624    i.pbuf_alloc        Axis12_V04.lib(pbuf.o)
    0x0805d4dc   0x0805d4dc   0x00000100   Code   RO         3625    i.pbuf_alloced_custom  Axis12_V04.lib(pbuf.o)
    0x0805d5dc   0x0805d5dc   0x00000148   Code   RO         3626    i.pbuf_cat          Axis12_V04.lib(pbuf.o)
    0x0805d724   0x0805d724   0x00000016   Code   RO         3627    i.pbuf_chain        Axis12_V04.lib(pbuf.o)
    0x0805d73a   0x0805d73a   0x00000012   Code   RO         3628    i.pbuf_clen         Axis12_V04.lib(pbuf.o)
    0x0805d74c   0x0805d74c   0x00000230   Code   RO         3630    i.pbuf_copy         Axis12_V04.lib(pbuf.o)
    0x0805d97c   0x0805d97c   0x0000014c   Code   RO         3631    i.pbuf_copy_partial  Axis12_V04.lib(pbuf.o)
    0x0805dac8   0x0805dac8   0x000001a4   Code   RO         3633    i.pbuf_free         Axis12_V04.lib(pbuf.o)
    0x0805dc6c   0x0805dc6c   0x0000014c   Code   RO         3635    i.pbuf_header       Axis12_V04.lib(pbuf.o)
    0x0805ddb8   0x0805ddb8   0x000001c4   Code   RO         3638    i.pbuf_realloc      Axis12_V04.lib(pbuf.o)
    0x0805df7c   0x0805df7c   0x0000000a   Code   RO         3639    i.pbuf_ref          Axis12_V04.lib(pbuf.o)
    0x0805df86   0x0805df86   0x00000002   PAD
    0x0805df88   0x0805df88   0x00000074   Code   RO         3888    i.pick_lfn          Axis12_V04.lib(ff.o)
    0x0805dffc   0x0805dffc   0x000001b4   Code   RO         4957    i.plug_holes        Axis12_V04.lib(mem.o)
    0x0805e1b0   0x0805e1b0   0x00000136   Code   RO         3889    i.put_fat           Axis12_V04.lib(ff.o)
    0x0805e2e6   0x0805e2e6   0x00000002   PAD
    0x0805e2e8   0x0805e2e8   0x00000018   Code   RO          464    i.pwr_Task          main.o
    0x0805e300   0x0805e300   0x000000e0   Code   RO         1800    i.pwr_exec          Axis12_V04.lib(pwr.o)
    0x0805e3e0   0x0805e3e0   0x00000050   Code   RO         1801    i.pwr_init          Axis12_V04.lib(pwr.o)
    0x0805e430   0x0805e430   0x00000074   Code   RO         6251    i.raw_input         Axis12_V04.lib(raw.o)
    0x0805e4a4   0x0805e4a4   0x0000006c   Code   RO         3891    i.remove_chain      Axis12_V04.lib(ff.o)
    0x0805e510   0x0805e510   0x000007b0   Code   RO          242    i.sheathedWire      logic.o
    0x0805ecc0   0x0805ecc0   0x00000010   Code   RO         3892    i.st_clust          Axis12_V04.lib(ff.o)
    0x0805ecd0   0x0805ecd0   0x00000020   Code   RO         3893    i.sum_sfn           Axis12_V04.lib(ff.o)
    0x0805ecf0   0x0805ecf0   0x000000c8   Code   RO         3894    i.sync_fs           Axis12_V04.lib(ff.o)
    0x0805edb8   0x0805edb8   0x0000004c   Code   RO         3895    i.sync_window       Axis12_V04.lib(ff.o)
    0x0805ee04   0x0805ee04   0x0000001e   Code   RO         1119    i.sys_init_IAP      Axis12_V04.lib(sys.o)
    0x0805ee22   0x0805ee22   0x00000002   PAD
    0x0805ee24   0x0805ee24   0x00000148   Code   RO         6455    i.sys_timeout       Axis12_V04.lib(timers.o)
    0x0805ef6c   0x0805ef6c   0x00000130   Code   RO         5146    i.tcp_abandon       Axis12_V04.lib(tcp.o)
    0x0805f09c   0x0805f09c   0x0000000e   Code   RO         5147    i.tcp_abort         Axis12_V04.lib(tcp.o)
    0x0805f0aa   0x0805f0aa   0x00000002   PAD
    0x0805f0ac   0x0805f0ac   0x000000bc   Code   RO         5150    i.tcp_alloc         Axis12_V04.lib(tcp.o)
    0x0805f168   0x0805f168   0x0000001c   Code   RO         5153    i.tcp_close         Axis12_V04.lib(tcp.o)
    0x0805f184   0x0805f184   0x0000024c   Code   RO         5154    i.tcp_close_shutdown  Axis12_V04.lib(tcp.o)
    0x0805f3d0   0x0805f3d0   0x000000ac   Code   RO         6353    i.tcp_create_segment  Axis12_V04.lib(tcp_out.o)
    0x0805f47c   0x0805f47c   0x0000002e   Code   RO         5157    i.tcp_eff_send_mss  Axis12_V04.lib(tcp.o)
    0x0805f4aa   0x0805f4aa   0x00000002   PAD
    0x0805f4ac   0x0805f4ac   0x0000028c   Code   RO         6354    i.tcp_enqueue_flags  Axis12_V04.lib(tcp_out.o)
    0x0805f738   0x0805f738   0x0000007c   Code   RO         5159    i.tcp_fasttmr       Axis12_V04.lib(tcp.o)
    0x0805f7b4   0x0805f7b4   0x000006a0   Code   RO         6305    i.tcp_input         Axis12_V04.lib(tcp_in.o)
    0x0805fe54   0x0805fe54   0x0000003e   Code   RO         6355    i.tcp_keepalive     Axis12_V04.lib(tcp_out.o)
    0x0805fe92   0x0805fe92   0x00000002   PAD
    0x0805fe94   0x0805fe94   0x00000054   Code   RO         5161    i.tcp_kill_prio     Axis12_V04.lib(tcp.o)
    0x0805fee8   0x0805fee8   0x0000003c   Code   RO         5162    i.tcp_kill_timewait  Axis12_V04.lib(tcp.o)
    0x0805ff24   0x0805ff24   0x00000130   Code   RO         6306    i.tcp_listen_input  Axis12_V04.lib(tcp_in.o)
    0x08060054   0x08060054   0x0000001c   Code   RO         5166    i.tcp_next_iss      Axis12_V04.lib(tcp.o)
    0x08060070   0x08060070   0x00000284   Code   RO         6356    i.tcp_output        Axis12_V04.lib(tcp_out.o)
    0x080602f4   0x080602f4   0x00000118   Code   RO         6357    i.tcp_output_alloc_header  Axis12_V04.lib(tcp_out.o)
    0x0806040c   0x0806040c   0x000000d0   Code   RO         6358    i.tcp_output_segment  Axis12_V04.lib(tcp_out.o)
    0x080604dc   0x080604dc   0x000000b8   Code   RO         6307    i.tcp_parseopt      Axis12_V04.lib(tcp_in.o)
    0x08060594   0x08060594   0x00000040   Code   RO         5167    i.tcp_pcb_purge     Axis12_V04.lib(tcp.o)
    0x080605d4   0x080605d4   0x00000140   Code   RO         5168    i.tcp_pcb_remove    Axis12_V04.lib(tcp.o)
    0x08060714   0x08060714   0x00000674   Code   RO         6308    i.tcp_process       Axis12_V04.lib(tcp_in.o)
    0x08060d88   0x08060d88   0x0000008c   Code   RO         5170    i.tcp_process_refused_data  Axis12_V04.lib(tcp.o)
    0x08060e14   0x08060e14   0x000008e4   Code   RO         6309    i.tcp_receive       Axis12_V04.lib(tcp_in.o)
    0x080616f8   0x080616f8   0x0000002e   Code   RO         5172    i.tcp_recv_null     Axis12_V04.lib(tcp.o)
    0x08061726   0x08061726   0x00000002   PAD
    0x08061728   0x08061728   0x00000118   Code   RO         5173    i.tcp_recved        Axis12_V04.lib(tcp.o)
    0x08061840   0x08061840   0x0000005a   Code   RO         6360    i.tcp_rexmit        Axis12_V04.lib(tcp_out.o)
    0x0806189a   0x0806189a   0x00000070   Code   RO         6361    i.tcp_rexmit_fast   Axis12_V04.lib(tcp_out.o)
    0x0806190a   0x0806190a   0x0000003a   Code   RO         6362    i.tcp_rexmit_rto    Axis12_V04.lib(tcp_out.o)
    0x08061944   0x08061944   0x00000118   Code   RO         6363    i.tcp_rst           Axis12_V04.lib(tcp_out.o)
    0x08061a5c   0x08061a5c   0x0000001a   Code   RO         5174    i.tcp_seg_free      Axis12_V04.lib(tcp.o)
    0x08061a76   0x08061a76   0x00000018   Code   RO         5175    i.tcp_segs_free     Axis12_V04.lib(tcp.o)
    0x08061a8e   0x08061a8e   0x0000004c   Code   RO         6364    i.tcp_send_empty_ack  Axis12_V04.lib(tcp_out.o)
    0x08061ada   0x08061ada   0x0000004a   Code   RO         6365    i.tcp_send_fin      Axis12_V04.lib(tcp_out.o)
    0x08061b24   0x08061b24   0x000005bc   Code   RO         5179    i.tcp_slowtmr       Axis12_V04.lib(tcp.o)
    0x080620e0   0x080620e0   0x00000038   Code   RO         6458    i.tcp_timer_needed  Axis12_V04.lib(timers.o)
    0x08062118   0x08062118   0x000000ac   Code   RO         6310    i.tcp_timewait_input  Axis12_V04.lib(tcp_in.o)
    0x080621c4   0x080621c4   0x00000024   Code   RO         5180    i.tcp_tmr           Axis12_V04.lib(tcp.o)
    0x080621e8   0x080621e8   0x000000d4   Code   RO         5181    i.tcp_update_rcv_ann_wnd  Axis12_V04.lib(tcp.o)
    0x080622bc   0x080622bc   0x000000a4   Code   RO         6368    i.tcp_zero_window_probe  Axis12_V04.lib(tcp_out.o)
    0x08062360   0x08062360   0x00000038   Code   RO         6459    i.tcpip_tcp_timer   Axis12_V04.lib(timers.o)
    0x08062398   0x08062398   0x00000030   Code   RO         2650    i.ton               INTERLAYER_VER01_10_08.lib(tools.o)
    0x080623c8   0x080623c8   0x000000f4   Code   RO         3747    i.udp_bind          Axis12_V04.lib(udp.o)
    0x080624bc   0x080624bc   0x00000064   Code   RO         3748    i.udp_connect       Axis12_V04.lib(udp.o)
    0x08062520   0x08062520   0x00000010   Code   RO         3749    i.udp_disconnect    Axis12_V04.lib(udp.o)
    0x08062530   0x08062530   0x00000238   Code   RO         3751    i.udp_input         Axis12_V04.lib(udp.o)
    0x08062768   0x08062768   0x00000034   Code   RO         3752    i.udp_new           Axis12_V04.lib(udp.o)
    0x0806279c   0x0806279c   0x00000058   Code   RO         3753    i.udp_new_port      Axis12_V04.lib(udp.o)
    0x080627f4   0x080627f4   0x00000006   Code   RO         3754    i.udp_recv          Axis12_V04.lib(udp.o)
    0x080627fa   0x080627fa   0x00000014   Code   RO         3756    i.udp_send          Axis12_V04.lib(udp.o)
    0x0806280e   0x0806280e   0x0000002e   Code   RO         3757    i.udp_sendto        Axis12_V04.lib(udp.o)
    0x0806283c   0x0806283c   0x00000168   Code   RO         3758    i.udp_sendto_if     Axis12_V04.lib(udp.o)
    0x080629a4   0x080629a4   0x00000018   Code   RO         2249    i.udp_set_remoteip  Axis12_V04.lib(udp_app.o)
    0x080629bc   0x080629bc   0x0000008c   Code   RO         2251    i.udp_sev_init      Axis12_V04.lib(udp_app.o)
    0x08062a48   0x08062a48   0x000000f8   Code   RO         2252    i.udp_sev_recv      Axis12_V04.lib(udp_app.o)
    0x08062b40   0x08062b40   0x00000048   Code   RO         2253    i.udp_sev_senddata  Axis12_V04.lib(udp_app.o)
    0x08062b88   0x08062b88   0x00000110   Code   RO         2682    i.unlock            INTERLAYER_VER01_10_08.lib(lock.o)
    0x08062c98   0x08062c98   0x00000036   Code   RO         3896    i.validate          Axis12_V04.lib(ff.o)
    0x08062cce   0x08062cce   0x00000002   PAD
    0x08062cd0   0x08062cd0   0x00000150   Code   RO         7566    x$fpl$dadd          fz_wm.l(daddsub_clz.o)
    0x08062e20   0x08062e20   0x000002b0   Code   RO         7573    x$fpl$ddiv          fz_wm.l(ddiv.o)
    0x080630d0   0x080630d0   0x0000005a   Code   RO         7576    x$fpl$dfixu         fz_wm.l(dfixu.o)
    0x0806312a   0x0806312a   0x0000002e   Code   RO         7581    x$fpl$dflt          fz_wm.l(dflt_clz.o)
    0x08063158   0x08063158   0x00000026   Code   RO         7580    x$fpl$dfltu         fz_wm.l(dflt_clz.o)
    0x0806317e   0x0806317e   0x00000002   PAD
    0x08063180   0x08063180   0x00000154   Code   RO         7586    x$fpl$dmul          fz_wm.l(dmul.o)
    0x080632d4   0x080632d4   0x0000009c   Code   RO         7645    x$fpl$dnaninf       fz_wm.l(dnaninf.o)
    0x08063370   0x08063370   0x0000000c   Code   RO         7647    x$fpl$dretinf       fz_wm.l(dretinf.o)
    0x0806337c   0x0806337c   0x000001d4   Code   RO         7568    x$fpl$dsub          fz_wm.l(daddsub_clz.o)
    0x08063550   0x08063550   0x0000000a   Code   RO         7677    x$fpl$fpinit        fz_wm.l(fpinit.o)
    0x0806355a   0x0806355a   0x00000000   Code   RO         7649    x$fpl$usenofp       fz_wm.l(usenofp.o)
    0x0806355a   0x0806355a   0x000000c0   Data   RO          466    .constdata          main.o
    0x0806361a   0x0806361a   0x00000002   PAD
    0x0806361c   0x0806361c   0x00000180   Data   RO          855    .constdata          can_master.lib(can_net.o)
    0x0806379c   0x0806379c   0x00000044   Data   RO         2106    .constdata          Axis12_V04.lib(file.o)
    0x080637e0   0x080637e0   0x00000020   Data   RO         2560    .constdata          INTERLAYER_VER01_10_08.lib(jogoperate.o)
    0x08063800   0x08063800   0x00000018   Data   RO         3220    .constdata          Axis12_V04.lib(malloc.o)
    0x08063818   0x08063818   0x00000008   Data   RO         3578    .constdata          Axis12_V04.lib(ip_addr.o)
    0x08063820   0x08063820   0x0000003a   Data   RO         3897    .constdata          Axis12_V04.lib(ff.o)
    0x0806385a   0x0806385a   0x00000200   Data   RO         4583    .constdata          INTERLAYER_VER01_10_08.lib(crc16.o)
    0x08063a5a   0x08063a5a   0x0000000c   Data   RO         4698    .constdata          Axis12_V04.lib(etharp.o)
    0x08063a66   0x08063a66   0x00000028   Data   RO         5001    .constdata          Axis12_V04.lib(memp.o)
    0x08063a8e   0x08063a8e   0x00000002   PAD
    0x08063a90   0x08063a90   0x00000050   Data   RO         5182    .constdata          Axis12_V04.lib(tcp.o)
    0x08063ae0   0x08063ae0   0x000003c4   Data   RO         5525    .constdata          Axis12_V04.lib(cc936.o)
    0x08063ea4   0x08063ea4   0x00000028   Data   RO         7498    .constdata          c_w.l(_printf_hex_int.o)
    0x08063ecc   0x08063ecc   0x00000011   Data   RO         7528    .constdata          c_w.l(__printf_flags_wp.o)
    0x08063edd   0x08063edd   0x00000003   PAD
    0x08063ee0   0x08063ee0   0x00000044   Data   RO         4699    .conststring        Axis12_V04.lib(etharp.o)
    0x08063f24   0x08063f24   0x00000075   Data   RO         5183    .conststring        Axis12_V04.lib(tcp.o)
    0x08063f99   0x08063f99   0x00000003   PAD
    0x08063f9c   0x08063f9c   0x00000055   Data   RO         6369    .conststring        Axis12_V04.lib(tcp_out.o)
    0x08063ff1   0x08063ff1   0x00000003   PAD
    0x08063ff4   0x08063ff4   0x00000020   Data   RO         7771    Region$$Table       anon$$obj.o


    Execution Region RW_IRAM1 (Exec base: 0x20000000, Load base: 0x08064014, Size: 0x00019a98, Max: 0x00020000, ABSOLUTE, COMPRESSED[0x00000348])

    Exec Addr    Load Addr    Size         Type   Attr      Idx    E Section Name        Object

    0x20000000   COMPRESSED   0x00000048   Data   RW          244    .data               logic.o
    0x20000048   COMPRESSED   0x00000008   Data   RW          572    .data               usertool.o
    0x20000050   COMPRESSED   0x00000060   Data   RW          856    .data               can_master.lib(can_net.o)
    0x200000b0   COMPRESSED   0x00000001   Data   RW         1120    .data               Axis12_V04.lib(sys.o)
    0x200000b1   COMPRESSED   0x00000003   PAD
    0x200000b4   COMPRESSED   0x00000124   Data   RW         1274    .data               Axis12_V04.lib(usart.o)
    0x200001d8   COMPRESSED   0x00000190   Data   RW         1528    .data               Axis12_V04.lib(gpio.o)
    0x20000368   COMPRESSED   0x00000004   Data   RW         1600    .data               Axis12_V04.lib(led.o)
    0x2000036c   COMPRESSED   0x0000027c   Data   RW         1657    .data               Axis12_V04.lib(puls.o)
    0x200005e8   COMPRESSED   0x0000000c   Data   RW         1802    .data               Axis12_V04.lib(pwr.o)
    0x200005f4   COMPRESSED   0x00000010   Data   RW         1982    .data               Axis12_V04.lib(timer.o)
    0x20000604   COMPRESSED   0x00000008   Data   RW         2040    .data               Axis12_V04.lib(usb_mass.o)
    0x2000060c   COMPRESSED   0x00000008   Data   RW         2107    .data               Axis12_V04.lib(file.o)
    0x20000614   COMPRESSED   0x00000020   Data   RW         2255    .data               Axis12_V04.lib(udp_app.o)
    0x20000634   COMPRESSED   0x00000020   Data   RW         2532    .data               INTERLAYER_VER01_10_08.lib(int_config.o)
    0x20000654   COMPRESSED   0x00000004   Data   RW         2633    .data               INTERLAYER_VER01_10_08.lib(timerthread.o)
    0x20000658   COMPRESSED   0x00000001   Data   RW         2768    .data               INTERLAYER_VER01_10_08.lib(axis.o)
    0x20000659   COMPRESSED   0x00000001   PAD
    0x2000065a   COMPRESSED   0x00000004   Data   RW         3106    .data               Axis12_V04.lib(delay.o)
    0x2000065e   COMPRESSED   0x00000002   PAD
    0x20000660   COMPRESSED   0x0000001c   Data   RW         3221    .data               Axis12_V04.lib(malloc.o)
    0x2000067c   COMPRESSED   0x00000450   Data   RW         3429    .data               Axis12_V04.lib(spi.o)
    0x20000acc   COMPRESSED   0x00000008   Data   RW         3471    .data               Axis12_V04.lib(lwip_comm.o)
    0x20000ad4   COMPRESSED   0x0000000c   Data   RW         3759    .data               Axis12_V04.lib(udp.o)
    0x20000ae0   COMPRESSED   0x0000000a   Data   RW         3898    .data               Axis12_V04.lib(ff.o)
    0x20000aea   COMPRESSED   0x00000002   PAD
    0x20000aec   COMPRESSED   0x0000001c   Data   RW         4199    .data               Axis12_V04.lib(exfuns.o)
    0x20000b08   COMPRESSED   0x00000004   Data   RW         4280    .data               Axis12_V04.lib(usb_bsp.o)
    0x20000b0c   COMPRESSED   0x0000004c   Data   RW         4449    .data               Axis12_V04.lib(usbh_usr.o)
    0x20000b58   COMPRESSED   0x0000000e   Data   RW         4646    .data               INTERLAYER_VER01_10_08.lib(encryption.o)
    0x20000b66   COMPRESSED   0x00000001   Data   RW         4700    .data               Axis12_V04.lib(etharp.o)
    0x20000b67   COMPRESSED   0x00000001   PAD
    0x20000b68   COMPRESSED   0x00000012   Data   RW         4877    .data               Axis12_V04.lib(ip.o)
    0x20000b7a   COMPRESSED   0x00000002   PAD
    0x20000b7c   COMPRESSED   0x00000010   Data   RW         4958    .data               Axis12_V04.lib(mem.o)
    0x20000b8c   COMPRESSED   0x00000004   Data   RW         5002    .data               Axis12_V04.lib(memp.o)
    0x20000b90   COMPRESSED   0x00000009   Data   RW         5065    .data               Axis12_V04.lib(netif.o)
    0x20000b99   COMPRESSED   0x00000003   PAD
    0x20000b9c   COMPRESSED   0x00000024   Data   RW         5184    .data               Axis12_V04.lib(tcp.o)
    0x20000bc0   COMPRESSED   0x00000010   Data   RW         5386    .data               Axis12_V04.lib(lan8720.o)
    0x20000bd0   COMPRESSED   0x00000003   Data   RW         5464    .data               Axis12_V04.lib(diskio.o)
    0x20000bd3   COMPRESSED   0x00000001   PAD
    0x20000bd4   COMPRESSED   0x00000012   Data   RW         5707    .data               Axis12_V04.lib(usbh_core.o)
    0x20000be6   COMPRESSED   0x00000002   PAD
    0x20000be8   COMPRESSED   0x00000011   Data   RW         5776    .data               Axis12_V04.lib(usbh_msc_bot.o)
    0x20000bf9   COMPRESSED   0x00000003   PAD
    0x20000bfc   COMPRESSED   0x0000001d   Data   RW         5824    .data               Axis12_V04.lib(usbh_msc_core.o)
    0x20000c19   COMPRESSED   0x00000001   Data   RW         5880    .data               Axis12_V04.lib(usbh_msc_scsi.o)
    0x20000c1a   COMPRESSED   0x00000002   PAD
    0x20000c1c   COMPRESSED   0x00000010   Data   RW         5963    .data               Axis12_V04.lib(sdio_sdcard.o)
    0x20000c2c   COMPRESSED   0x00000006   Data   RW         6194    .data               Axis12_V04.lib(ip_frag.o)
    0x20000c32   COMPRESSED   0x00000002   PAD
    0x20000c34   COMPRESSED   0x00000004   Data   RW         6257    .data               Axis12_V04.lib(raw.o)
    0x20000c38   COMPRESSED   0x00000020   Data   RW         6312    .data               Axis12_V04.lib(tcp_in.o)
    0x20000c58   COMPRESSED   0x0000000c   Data   RW         6460    .data               Axis12_V04.lib(timers.o)
    0x20000c64   COMPRESSED   0x00000010   Data   RW         6597    .data               Axis12_V04.lib(stm32f4x7_eth.o)
    0x20000c74   COMPRESSED   0x00000003   Data   RW         7362    .data               Axis12_V04.lib(usbh_stdreq.o)
    0x20000c77   COMPRESSED   0x00000001   PAD
    0x20000c78        -       0x00004e9c   Zero   RW            2    .bss                appinit.o
    0x20005b14        -       0x00000200   Zero   RW          141    .bss                interlayer.o
    0x20005d14        -       0x000002e4   Zero   RW          243    .bss                logic.o
    0x20005ff8        -       0x00000010   Zero   RW          495    .bss                reset.o
    0x20006008        -       0x000000a0   Zero   RW          748    .bss                logicterm.o
    0x200060a8        -       0x00000028   Zero   RW         1433    .bss                Axis12_V04.lib(can.o)
    0x200060d0        -       0x00000254   Zero   RW         2105    .bss                Axis12_V04.lib(file.o)
    0x20006324        -       0x00000010   Zero   RW         2254    .bss                Axis12_V04.lib(udp_app.o)
    0x20006334        -       0x00000064   Zero   RW         2559    .bss                INTERLAYER_VER01_10_08.lib(jogoperate.o)
    0x20006398        -       0x00000c80   Zero   RW         2651    .bss                INTERLAYER_VER01_10_08.lib(tools.o)
    0x20007018        -       0x00000790   Zero   RW         2767    .bss                INTERLAYER_VER01_10_08.lib(axis.o)
    0x200077a8        -       0x00000800   Zero   RW         3010    .bss                Algorithm_ver_00_01_07.lib(curve.o)
    0x20007fa8   COMPRESSED   0x00000018   PAD
    0x20007fc0        -       0x0000d480   Zero   RW         3219    .bss                Axis12_V04.lib(malloc.o)
    0x20015440        -       0x00000024   Zero   RW         3310    .bss                Axis12_V04.lib(stmflash.o)
    0x20015464        -       0x00000048   Zero   RW         3470    .bss                Axis12_V04.lib(lwip_comm.o)
    0x200154ac        -       0x00000044   Zero   RW         4196    .bss                Axis12_V04.lib(exfuns.o)
    0x200154f0        -       0x00000640   Zero   RW         4279    .bss                Axis12_V04.lib(usb_bsp.o)
    0x20015b30        -       0x000000c8   Zero   RW         4697    .bss                Axis12_V04.lib(etharp.o)
    0x20015bf8        -       0x00000028   Zero   RW         5000    .bss                Axis12_V04.lib(memp.o)
    0x20015c20        -       0x00000040   Zero   RW         5775    .bss                Axis12_V04.lib(usbh_msc_bot.o)
    0x20015c60        -       0x0000004a   Zero   RW         5823    .bss                Axis12_V04.lib(usbh_msc_core.o)
    0x20015caa   COMPRESSED   0x00000002   PAD
    0x20015cac        -       0x00000410   Zero   RW         5879    .bss                Axis12_V04.lib(usbh_msc_scsi.o)
    0x200160bc   COMPRESSED   0x00000004   PAD
    0x200160c0        -       0x00000278   Zero   RW         5962    .bss                Axis12_V04.lib(sdio_sdcard.o)
    0x20016338        -       0x00000010   Zero   RW         6311    .bss                Axis12_V04.lib(tcp_in.o)
    0x20016348        -       0x0000000c   Zero   RW         6596    .bss                Axis12_V04.lib(stm32f4x7_eth.o)
    0x20016354        -       0x00000200   Zero   RW         7361    .bss                Axis12_V04.lib(usbh_stdreq.o)
    0x20016554        -       0x000000e4   Zero   RW         7541    .bss                c_w.l(rand.o)
    0x20016638        -       0x00000060   Zero   RW         7700    .bss                c_w.l(libspace.o)
    0x20016698        -       0x00000000   Zero   RW          800    HEAP                startup_stm32f40_41xxx.o
    0x20016698        -       0x00003400   Zero   RW          799    STACK               startup_stm32f40_41xxx.o



  Load Region LR$$.ARM.__AT_0x10000000 (Base: 0x10000000, Size: 0x00000000, Max: 0x0000e000, ABSOLUTE)

    Execution Region ER$$.ARM.__AT_0x10000000 (Exec base: 0x10000000, Load base: 0x10000000, Size: 0x0000e000, Max: 0x0000e000, ABSOLUTE, UNINIT)

    Exec Addr    Load Addr    Size         Type   Attr      Idx    E Section Name        Object

    0x10000000        -       0x0000e000   Zero   RW         3217    .ARM.__AT_0x10000000  Axis12_V04.lib(malloc.o)



  Load Region LR$$.ARM.__AT_0x1000E000 (Base: 0x1000e000, Size: 0x00000000, Max: 0x00000e00, ABSOLUTE)

    Execution Region ER$$.ARM.__AT_0x1000E000 (Exec base: 0x1000e000, Load base: 0x1000e000, Size: 0x00000e00, Max: 0x00000e00, ABSOLUTE, UNINIT)

    Exec Addr    Load Addr    Size         Type   Attr      Idx    E Section Name        Object

    0x1000e000        -       0x00000e00   Zero   RW         3218    .ARM.__AT_0x1000E000  Axis12_V04.lib(malloc.o)



  Load Region LR$$.ARM.__AT_0x1000F000 (Base: 0x1000f000, Size: 0x00000000, Max: 0x00001000, ABSOLUTE)

    Execution Region ER$$.ARM.__AT_0x1000F000 (Exec base: 0x1000f000, Load base: 0x1000f000, Size: 0x00001000, Max: 0x00001000, ABSOLUTE, UNINIT)

    Exec Addr    Load Addr    Size         Type   Attr      Idx    E Section Name        Object

    0x1000f000        -       0x00001000   Zero   RW         2104    .ARM.__AT_0x1000F000  Axis12_V04.lib(file.o)



  Load Region LR$$.ARM.__AT_0x40002850 (Base: 0x40002850, Size: 0x00000000, Max: 0x00000050, ABSOLUTE)

    Execution Region ER$$.ARM.__AT_0x40002850 (Exec base: 0x40002850, Load base: 0x40002850, Size: 0x00000050, Max: 0x00000050, ABSOLUTE, UNINIT)

    Exec Addr    Load Addr    Size         Type   Attr      Idx    E Section Name        Object

    0x40002850        -       0x00000050   Zero   RW         1852    .ARM.__AT_0x40002850  Axis12_V04.lib(rtc.o)



  Load Region LR$$.ARM.__AT_0x40024000 (Base: 0x40024000, Size: 0x00000000, Max: 0x00001000, ABSOLUTE)

    Execution Region ER$$.ARM.__AT_0x40024000 (Exec base: 0x40024000, Load base: 0x40024000, Size: 0x00001000, Max: 0x00001000, ABSOLUTE, UNINIT)

    Exec Addr    Load Addr    Size         Type   Attr      Idx    E Section Name        Object

    0x40024000        -       0x00001000   Zero   RW         1853    .ARM.__AT_0x40024000  Axis12_V04.lib(rtc.o)


==============================================================================

Image component sizes


      Code (inc. data)   RO Data    RW Data    ZI Data      Debug   Object Name

       516         32          0          0      20124      19281   appinit.o
       542          0          0          0          0        993   axisconfig.o
       192         22          0          0          0       1002   bsp_config.o
       978         44          0          0          0       1926   fsm.o
       764         72          0          0        512      17880   interlayer.o
     21374        798          0         72        740      35093   logic.o
      1544         58          0          0        160       3331   logicterm.o
       182         24        196          0          0       2336   main.o
       780         42          0          0         16       7300   reset.o
       232         24        392          0      13312        988   startup_stm32f40_41xxx.o
      3680        182          0          0          0       3045   teach.o
      2992        152          0          8          0      14534   usertool.o

    ----------------------------------------------------------------------
     33788       1450        622         80      34864     107709   Object Totals
         0          0         32          0          0          0   (incl. Generated)
        12          0          2          0          0          0   (incl. Padding)

    ----------------------------------------------------------------------

      Code (inc. data)   RO Data    RW Data    ZI Data      Debug   Library Member Name

      8680        150          0          0       2048      14360   curve.o
      1404         80          0          0         40       8281   can.o
       172         18        964          0          0       2455   cc936.o
        62          0          0          0          0       2196   def.o
       240         16          0          4          0       2423   delay.o
       550         18          0          3          0       7973   diskio.o
       778         48          0          0          0       4396   dma.o
      4008       1312         80          1        200      13293   etharp.o
       550        136          0          0          0       6344   ethernetif.o
       206         18          0         28         68     229704   exfuns.o
      8572         70         58         10          0      45126   ff.o
       764         76         68          8       4692       5055   file.o
       384         54          0          0          0       3871   fm25lxxb.o
      2204        110          0        400          0       6213   gpio.o
      1080        456          0          0          0       3758   icmp.o
       200          0          0          0          0       6529   inet_chksum.o
      1044        272          0         18          0       7977   ip.o
        78          0          8          0          0       7186   ip_addr.o
      2942        950          0          6          0       9961   ip_frag.o
       984        106          0         16          0       5493   lan8720.o
       112         26          0          4          0        934   led.o
       872        288          0          8         72      21500   lwip_comm.o
       520         60         24         28     115328       6705   malloc.o
      1928        810          0         16          0       5221   mem.o
       528        288         40          4         40       3934   memp.o
       482        130          0          9          0       7069   netif.o
      3770       1632          0          0          0       9847   pbuf.o
      2216        182          0        636          0      13514   puls.o
       304         50          0         12          0       1110   pwr.o
       116         14          0          4          0       1528   raw.o
       846         76          0          0       4176       8389   rtc.o
      7168        344          0         16        632      33515   sdio_sdcard.o
       312         24          0       1104          0       2812   spi.o
      1614        154          0         16         12      14309   stm32f4x7_eth.o
       940        118          0          0         36      12643   stmflash.o
       948         66          0          1          0     235198   sys.o
      4080       1218        197         36          0      24506   tcp.o
      6284       1184          0         32         16      16859   tcp_in.o
      2872        678         85          0          0      11263   tcp_out.o
       196         36          0         16          0       3184   timer.o
       440        188          0         12          0       2209   timers.o
      1500        380          0         12          0       9866   udp.o
       732        120          0         32         16     283838   udp_app.o
      1682        184          0        292          0     241575   usart.o
       194         40          0          4       1600     259660   usb_bsp.o
      2996         18          0          0          0      18719   usb_core.o
       202          0          0          0          0       5175   usb_hcd.o
      3702         16          0          0          0      10407   usb_hcd_int.o
       148         36          0          8          0       4763   usb_mass.o
      1652         42          0         18          0       8985   usbh_core.o
       390          0          0          0          0       4540   usbh_hcs.o
       560          0          0          0          0       5458   usbh_ioreq.o
      1140        100          0         17         64       6741   usbh_msc_bot.o
       876         62          0         29         74       6589   usbh_msc_core.o
      1312         88          0          1       1040       7276   usbh_msc_scsi.o
       946         14          0          3        512      10273   usbh_stdreq.o
      1080        562          0         76          0      12634   usbh_usr.o
       248         26          0          0          0       3882   alarm.o
      6624        216          0          1       1936      25743   axis.o
        56          8        512          0          0       1218   crc16.o
       768         26          0         14          0       4823   encryption.o
       312         58          0          0          0       3174   flashoperate.o
        64         28          0         32          0       1646   int_config.o
       408         16          0          0          0       2535   ioupdata.o
       732         16         32          0        100       5734   jogoperate.o
       544          0          0          0          0       3237   lock.o
      1064         30          0          0          0       4484   modbus.o
       188         20          0          4          0        741   timerthread.o
       116         16          0          0       3200       2230   tools.o
        90          0          0          0          0          0   __dczerorl2.o
         8          0          0          0          0         68   __main.o
       312          4         17          0          0         92   __printf_flags_wp.o
        14          0          0          0          0         68   __printf_wp.o
         0          0          0          0          0          0   __rtentry.o
        12          0          0          0          0          0   __rtentry2.o
         6          0          0          0          0          0   __rtentry4.o
        52          8          0          0          0          0   __scatter.o
        28          0          0          0          0          0   __scatter_zi.o
        44          0          0          0          0        108   _printf_char.o
        48          6          0          0          0         96   _printf_char_common.o
        36          4          0          0          0         80   _printf_char_file.o
         6          0          0          0          0          0   _printf_d.o
       120         16          0          0          0         92   _printf_dec.o
        88          4         40          0          0         88   _printf_hex_int.o
       178          0          0          0          0         88   _printf_intcommon.o
        78          0          0          0          0        108   _printf_pad.o
         0          0          0          0          0          0   _printf_percent.o
         4          0          0          0          0          0   _printf_percent_end.o
         6          0          0          0          0          0   _printf_s.o
        82          0          0          0          0         80   _printf_str.o
         6          0          0          0          0          0   _printf_x.o
        18          0          0          0          0         80   exit.o
         8          0          0          0          0         68   ferror.o
         6          0          0          0          0        152   heapauxi.o
         2          0          0          0          0          0   libinit.o
        10          0          0          0          0          0   libinit2.o
         2          0          0          0          0          0   libshutdown.o
         2          0          0          0          0          0   libshutdown2.o
         8          4          0          0         96         68   libspace.o
        72          0          0          0          0         76   llsdiv.o
        38          0          0          0          0         68   llshl.o
       238          0          0          0          0        100   lludivv7m.o
        38          0          0          0          0         68   llushr.o
        88          0          0          0          0         76   memcmp.o
        24          4          0          0          0         84   noretval__2printf.o
       112         18          0          0        228        160   rand.o
        68          0          0          0          0         68   rt_memclr.o
        78          0          0          0          0         80   rt_memclr_w.o
       138          0          0          0          0         68   rt_memcpy_v6.o
       100          0          0          0          0         80   rt_memcpy_w.o
         2          0          0          0          0          0   rtexit.o
        10          0          0          0          0          0   rtexit2.o
        24          0          0          0          0         68   strcat.o
        62          0          0          0          0         76   strlen.o
        74          0          0          0          0         80   sys_stackheap_outer.o
         2          0          0          0          0         68   use_no_semi.o
         2          0          0          0          0         68   use_no_semi_2.o
      4128        234        384         96          0      23986   can_net.o
       804         16          0          0          0        368   daddsub_clz.o
       688        140          0          0          0        256   ddiv.o
        90          4          0          0          0        140   dfixu.o
        84          0          0          0          0        232   dflt_clz.o
       340         12          0          0          0        152   dmul.o
       156          4          0          0          0        140   dnaninf.o
        12          0          0          0          0        116   dretinf.o
        10          0          0          0          0        116   fpinit.o
         0          0          0          0          0          0   usenofp.o

    ----------------------------------------------------------------------
    110546      14056       2520       3112     136256    1812919   Library Totals
       104          0         11         25         30          0   (incl. Padding)

    ----------------------------------------------------------------------

      Code (inc. data)   RO Data    RW Data    ZI Data      Debug   Library Name

      8680        150          0          0       2048      14360   Algorithm_ver_00_01_07.lib
     81882      12968       1524       2940     128618    1710982   Axis12_V04.lib
     11124        460        544         51       5236      59447   INTERLAYER_VER01_10_08.lib
      2444         68         57          0        324       2624   c_w.l
      4128        234        384         96          0      23986   can_master.lib
      2184        176          0          0          0       1520   fz_wm.l

    ----------------------------------------------------------------------
    110546      14056       2520       3112     136256    1812919   Library Totals

    ----------------------------------------------------------------------

==============================================================================


      Code (inc. data)   RO Data    RW Data    ZI Data      Debug   

    144334      15506       3142       3192     171120    1847572   Grand Totals
    144334      15506       3142        840     171120    1847572   ELF Image Totals (compressed)
    144334      15506       3142        840          0          0   ROM Totals

==============================================================================

    Total RO  Size (Code + RO Data)               147476 ( 144.02kB)
    Total RW  Size (RW Data + ZI Data)            174312 ( 170.23kB)
    Total ROM Size (Code + RO Data + RW Data)     148316 ( 144.84kB)

==============================================================================

